122.172.37.106 - - [28/Mar/2014:10:48:41 +0530] "GET /static/wa/arctic-sunset-css/css/cusel.css HTTP/1.1" 304 210 "http://54.213.4.161/wa/home/" "Mozilla/5.0 (X11; Linux x86_64) AppleWebKit/537.36 (KHTML, like Gecko) Chrome/33.0.1750.152 Safari/537.36"
122.172.37.106 - - [28/Mar/2014:10:48:41 +0530] "GET /static/wa/arctic-sunset-css/js/libs/jquery-ui.min.js HTTP/1.1" 304 211 "http://54.213.4.161/wa/audio/" "Mozilla/5.0 (X11; Linux x86_64) AppleWebKit/537.36 (KHTML, like Gecko) Chrome/33.0.1750.152 Safari/537.36"
122.172.37.106 - - [28/Mar/2014:10:48:41 +0530] "GET /static/wa/arctic-sunset-css/js/libs/bootstrap.min.js HTTP/1.1" 304 210 "http://54.213.4.161/wa/audio/" "Mozilla/5.0 (X11; Linux x86_64) AppleWebKit/537.36 (KHTML, like Gecko) Chrome/33.0.1750.152 Safari/537.36"
122.172.37.106 - - [28/Mar/2014:05:18:41 +0000] "GET /static/wa/arctic-sunset-css/js/general.js HTTP/1.1" 304 210 "http://54.213.4.161/wa/home/" "Mozilla/5.0 (X11; Linux x86_64) AppleWebKit/537.36 (KHTML, like Gecko) Chrome/33.0.1750.152 Safari/537.36"
122.172.37.106 - - [28/Mar/2014:10:48:41 +0530] "GET /static/wa/js/jquery.js HTTP/1.1" 304 211 "http://54.213.4.161/wa/audio/" "Mozilla/5.0 (X11; Linux x86_64) AppleWebKit/537.36 (KHTML, like Gecko) Chrome/33.0.1750.152 Safari/537.36"
122.172.37.106 - - [28/Mar/2014:05:18:41 +0000] "GET /static/wa/js/audio.js HTTP/1.1" 304 209 "http://54.213.4.161/wa/audio/" "Mozilla/5.0 (X11; Linux x86_64) AppleWebKit/537.36 (KHTML, like Gecko) Chrome/33.0.1750.152 Safari/537.36"
122.172.37.106 - - [28/Mar/2014:10:48:41 +0530] "GET /static/wa/arctic-sunset-css/js/jquery.chosen.min.js HTTP/1.1" 304 210 "http://54.213.4.161/wa/audio/" "Mozilla/5.0 (X11; Linux x86_64) AppleWebKit/537.36 (KHTML, like Gecko) Chrome/33.0.1750.152 Safari/537.36"
122.172.37.106 - - [28/Mar/2014:10:48:42 +0530] "GET /static/wa/arctic-sunset-css/images/bg.png HTTP/1.1" 304 187 "http://54.213.4.161/wa/home/" "Mozilla/5.0 (X11; Linux x86_64) AppleWebKit/537.36 (KHTML, like Gecko) Chrome/33.0.1750.152 Safari/537.36"
122.172.37.106 - - [28/Mar/2014:10:48:42 +0530] "POST /wa/audio/langBooks HTTP/1.1" 200 2462 "http://54.213.4.161/wa/audio/" "Mozilla/5.0 (X11; Linux x86_64) AppleWebKit/537.36 (KHTML, like Gecko) Chrome/33.0.1750.152 Safari/537.36"
122.172.37.106 - - [28/Mar/2014:10:48:42 +0530] "POST /wa/audio/langBooks HTTP/1.1" 200 2462 "http://54.213.4.161/wa/audio/" "Mozilla/5.0 (X11; Linux x86_64) AppleWebKit/537.36 (KHTML, like Gecko) Chrome/33.0.1750.152 Safari/537.36"
127.0.0.1 - - [28/Mar/2014:10:48:51 +0530] "OPTIONS * HTTP/1.0" 200 126 "-" "Apache/2.2.22 (Ubuntu) (internal dummy connection)"
122.172.37.106 - - [28/Mar/2014:10:52:44 +0530] "GET /wa/audio/ HTTP/1.1" 200 2463 "-" "Mozilla/5.0 (X11; Linux x86_64) AppleWebKit/537.36 (KHTML, like Gecko) Chrome/33.0.1750.152 Safari/537.36"
122.172.37.106 - - [28/Mar/2014:10:52:45 +0530] "POST /wa/audio/langBooks HTTP/1.1" 200 2462 "http://54.213.4.161/wa/audio/" "Mozilla/5.0 (X11; Linux x86_64) AppleWebKit/537.36 (KHTML, like Gecko) Chrome/33.0.1750.152 Safari/537.36"
122.172.37.106 - - [28/Mar/2014:10:52:45 +0530] "POST /wa/audio/langBooks HTTP/1.1" 200 2463 "http://54.213.4.161/wa/audio/" "Mozilla/5.0 (X11; Linux x86_64) AppleWebKit/537.36 (KHTML, like Gecko) Chrome/33.0.1750.152 Safari/537.36"
127.0.0.1 - - [28/Mar/2014:05:23:05 +0000] "OPTIONS * HTTP/1.0" 200 126 "-" "Apache/2.2.22 (Ubuntu) (internal dummy connection)"
122.172.37.106 - - [28/Mar/2014:10:56:33 +0530] "GET /wa/audio/ HTTP/1.1" 200 2463 "-" "Mozilla/5.0 (X11; Linux x86_64) AppleWebKit/537.36 (KHTML, like Gecko) Chrome/33.0.1750.152 Safari/537.36"
122.172.37.106 - - [28/Mar/2014:10:56:34 +0530] "POST /wa/audio/langBooks HTTP/1.1" 200 2462 "http://54.213.4.161/wa/audio/" "Mozilla/5.0 (X11; Linux x86_64) AppleWebKit/537.36 (KHTML, like Gecko) Chrome/33.0.1750.152 Safari/537.36"
122.172.37.106 - - [28/Mar/2014:10:56:34 +0530] "POST /wa/audio/langBooks HTTP/1.1" 200 2463 "http://54.213.4.161/wa/audio/" "Mozilla/5.0 (X11; Linux x86_64) AppleWebKit/537.36 (KHTML, like Gecko) Chrome/33.0.1750.152 Safari/537.36"
122.172.37.106 - - [28/Mar/2014:10:56:46 +0530] "GET /wa/audio/ HTTP/1.1" 200 2463 "-" "Mozilla/5.0 (X11; Linux x86_64) AppleWebKit/537.36 (KHTML, like Gecko) Chrome/33.0.1750.152 Safari/537.36"
122.172.37.106 - - [28/Mar/2014:10:56:48 +0530] "GET /static/wa/arctic-sunset-css/js/libs/modernizr.min.js HTTP/1.1" 304 210 "http://54.213.4.161/wa/audio/" "Mozilla/5.0 (X11; Linux x86_64) AppleWebKit/537.36 (KHTML, like Gecko) Chrome/33.0.1750.152 Safari/537.36"
122.172.37.106 - - [28/Mar/2014:10:56:48 +0530] "GET /static/wa/arctic-sunset-css/js/libs/jquery-1.10.0.js HTTP/1.1" 304 212 "http://54.213.4.161/wa/audio/" "Mozilla/5.0 (X11; Linux x86_64) AppleWebKit/537.36 (KHTML, like Gecko) Chrome/33.0.1750.152 Safari/537.36"
122.172.37.106 - - [28/Mar/2014:10:56:48 +0530] "GET /static/wa/arctic-sunset-css/js/libs/jquery-ui.min.js HTTP/1.1" 304 212 "http://54.213.4.161/wa/audio/" "Mozilla/5.0 (X11; Linux x86_64) AppleWebKit/537.36 (KHTML, like Gecko) Chrome/33.0.1750.152 Safari/537.36"
122.172.37.106 - - [28/Mar/2014:10:56:48 +0530] "GET /static/wa/arctic-sunset-css/js/libs/bootstrap.min.js HTTP/1.1" 304 211 "http://54.213.4.161/wa/audio/" "Mozilla/5.0 (X11; Linux x86_64) AppleWebKit/537.36 (KHTML, like Gecko) Chrome/33.0.1750.152 Safari/537.36"
122.172.37.106 - - [28/Mar/2014:10:56:48 +0530] "GET /static/wa/arctic-sunset-css/css/bootstrap.css HTTP/1.1" 304 212 "http://54.213.4.161/wa/home/" "Mozilla/5.0 (X11; Linux x86_64) AppleWebKit/537.36 (KHTML, like Gecko) Chrome/33.0.1750.152 Safari/537.36"
122.172.37.106 - - [28/Mar/2014:10:56:48 +0530] "GET /static/wa/arctic-sunset-css/style.css HTTP/1.1" 304 211 "http://54.213.4.161/wa/home/" "Mozilla/5.0 (X11; Linux x86_64) AppleWebKit/537.36 (KHTML, like Gecko) Chrome/33.0.1750.152 Safari/537.36"
122.172.37.106 - - [28/Mar/2014:10:56:48 +0530] "GET /static/wa/arctic-sunset-css/css/simple-sidebar.css HTTP/1.1" 304 209 "http://54.213.4.161/wa/home/" "Mozilla/5.0 (X11; Linux x86_64) AppleWebKit/537.36 (KHTML, like Gecko) Chrome/33.0.1750.152 Safari/537.36"
122.172.37.106 - - [28/Mar/2014:10:56:48 +0530] "GET /static/wa/arctic-sunset-css/css/chosen.css HTTP/1.1" 304 210 "http://54.213.4.161/wa/home/" "Mozilla/5.0 (X11; Linux x86_64) AppleWebKit/537.36 (KHTML, like Gecko) Chrome/33.0.1750.152 Safari/537.36"
122.172.37.106 - - [28/Mar/2014:10:56:48 +0530] "GET /static/wa/arctic-sunset-css/css/cusel.css HTTP/1.1" 304 210 "http://54.213.4.161/wa/home/" "Mozilla/5.0 (X11; Linux x86_64) AppleWebKit/537.36 (KHTML, like Gecko) Chrome/33.0.1750.152 Safari/537.36"
122.172.37.106 - - [28/Mar/2014:10:56:48 +0530] "GET /static/wa/arctic-sunset-css/js/general.js HTTP/1.1" 304 210 "http://54.213.4.161/wa/home/" "Mozilla/5.0 (X11; Linux x86_64) AppleWebKit/537.36 (KHTML, like Gecko) Chrome/33.0.1750.152 Safari/537.36"
122.172.37.106 - - [28/Mar/2014:10:56:49 +0530] "GET /static/wa/js/jquery.js HTTP/1.1" 304 211 "http://54.213.4.161/wa/audio/" "Mozilla/5.0 (X11; Linux x86_64) AppleWebKit/537.36 (KHTML, like Gecko) Chrome/33.0.1750.152 Safari/537.36"
122.172.37.106 - - [28/Mar/2014:10:56:49 +0530] "GET /static/wa/js/audio.js HTTP/1.1" 200 1196 "http://54.213.4.161/wa/audio/" "Mozilla/5.0 (X11; Linux x86_64) AppleWebKit/537.36 (KHTML, like Gecko) Chrome/33.0.1750.152 Safari/537.36"
122.172.37.106 - - [28/Mar/2014:10:56:49 +0530] "GET /static/wa/arctic-sunset-css/js/jquery.chosen.min.js HTTP/1.1" 304 210 "http://54.213.4.161/wa/audio/" "Mozilla/5.0 (X11; Linux x86_64) AppleWebKit/537.36 (KHTML, like Gecko) Chrome/33.0.1750.152 Safari/537.36"
122.172.37.106 - - [28/Mar/2014:10:56:49 +0530] "GET /static/wa/arctic-sunset-css/images/bg.png HTTP/1.1" 304 187 "http://54.213.4.161/wa/home/" "Mozilla/5.0 (X11; Linux x86_64) AppleWebKit/537.36 (KHTML, like Gecko) Chrome/33.0.1750.152 Safari/537.36"
122.172.37.106 - - [28/Mar/2014:10:56:49 +0530] "POST /wa/audio/langBooks HTTP/1.1" 200 2462 "http://54.213.4.161/wa/audio/" "Mozilla/5.0 (X11; Linux x86_64) AppleWebKit/537.36 (KHTML, like Gecko) Chrome/33.0.1750.152 Safari/537.36"
122.172.37.106 - - [28/Mar/2014:10:56:49 +0530] "POST /wa/audio/langBooks HTTP/1.1" 200 2462 "http://54.213.4.161/wa/audio/" "Mozilla/5.0 (X11; Linux x86_64) AppleWebKit/537.36 (KHTML, like Gecko) Chrome/33.0.1750.152 Safari/537.36"
127.0.0.1 - - [28/Mar/2014:10:56:56 +0530] "OPTIONS * HTTP/1.0" 200 126 "-" "Apache/2.2.22 (Ubuntu) (internal dummy connection)"
122.172.37.106 - - [28/Mar/2014:11:28:03 +0530] "GET /wa/audio/ HTTP/1.1" 200 2475 "-" "Mozilla/5.0 (X11; Linux x86_64) AppleWebKit/537.36 (KHTML, like Gecko) Chrome/33.0.1750.152 Safari/537.36"
122.172.37.106 - - [28/Mar/2014:11:28:05 +0530] "GET /static/wa/arctic-sunset-css/js/libs/jquery-1.10.0.js HTTP/1.1" 304 211 "http://54.213.4.161/wa/audio/" "Mozilla/5.0 (X11; Linux x86_64) AppleWebKit/537.36 (KHTML, like Gecko) Chrome/33.0.1750.152 Safari/537.36"
122.172.37.106 - - [28/Mar/2014:11:28:05 +0530] "GET /static/wa/js/jquery.js HTTP/1.1" 304 212 "http://54.213.4.161/wa/audio/" "Mozilla/5.0 (X11; Linux x86_64) AppleWebKit/537.36 (KHTML, like Gecko) Chrome/33.0.1750.152 Safari/537.36"
122.172.37.106 - - [28/Mar/2014:05:58:05 +0000] "GET /static/wa/js/audio.js HTTP/1.1" 304 210 "http://54.213.4.161/wa/audio/" "Mozilla/5.0 (X11; Linux x86_64) AppleWebKit/537.36 (KHTML, like Gecko) Chrome/33.0.1750.152 Safari/537.36"
122.172.37.106 - - [28/Mar/2014:05:58:05 +0000] "GET /static/wa/js/audio.js HTTP/1.1" 304 209 "http://54.213.4.161/wa/audio/" "Mozilla/5.0 (X11; Linux x86_64) AppleWebKit/537.36 (KHTML, like Gecko) Chrome/33.0.1750.152 Safari/537.36"
122.172.37.106 - - [28/Mar/2014:11:28:06 +0530] "POST /wa/audio/langBooks HTTP/1.1" 200 2474 "http://54.213.4.161/wa/audio/" "Mozilla/5.0 (X11; Linux x86_64) AppleWebKit/537.36 (KHTML, like Gecko) Chrome/33.0.1750.152 Safari/537.36"
122.172.37.106 - - [28/Mar/2014:11:28:06 +0530] "POST /wa/audio/langBooks HTTP/1.1" 200 2474 "http://54.213.4.161/wa/audio/" "Mozilla/5.0 (X11; Linux x86_64) AppleWebKit/537.36 (KHTML, like Gecko) Chrome/33.0.1750.152 Safari/537.36"
127.0.0.1 - - [28/Mar/2014:11:28:17 +0530] "OPTIONS * HTTP/1.0" 200 126 "-" "Apache/2.2.22 (Ubuntu) (internal dummy connection)"
76.164.201.201 - - [28/Mar/2014:11:36:03 +0530] "GET /user/soapCaller.bs HTTP/1.1" 404 1192 "-" "Morfeus Fucking Scanner"
122.172.37.106 - - [28/Mar/2014:12:41:48 +0530] "GET /wa/audio/ HTTP/1.1" 200 2475 "-" "Mozilla/5.0 (X11; Linux x86_64) AppleWebKit/537.36 (KHTML, like Gecko) Chrome/33.0.1750.152 Safari/537.36"
122.172.37.106 - - [28/Mar/2014:12:41:48 +0530] "GET /static/wa/arctic-sunset-css/js/libs/modernizr.min.js HTTP/1.1" 304 210 "http://54.213.4.161/wa/audio/" "Mozilla/5.0 (X11; Linux x86_64) AppleWebKit/537.36 (KHTML, like Gecko) Chrome/33.0.1750.152 Safari/537.36"
122.172.37.106 - - [28/Mar/2014:12:41:48 +0530] "GET /static/wa/arctic-sunset-css/js/libs/jquery-1.10.0.js HTTP/1.1" 304 212 "http://54.213.4.161/wa/audio/" "Mozilla/5.0 (X11; Linux x86_64) AppleWebKit/537.36 (KHTML, like Gecko) Chrome/33.0.1750.152 Safari/537.36"
122.172.37.106 - - [28/Mar/2014:07:11:48 +0000] "GET /static/wa/arctic-sunset-css/js/libs/jquery-ui.min.js HTTP/1.1" 304 212 "http://54.213.4.161/wa/audio/" "Mozilla/5.0 (X11; Linux x86_64) AppleWebKit/537.36 (KHTML, like Gecko) Chrome/33.0.1750.152 Safari/537.36"
122.172.37.106 - - [28/Mar/2014:12:41:48 +0530] "GET /static/wa/arctic-sunset-css/js/libs/bootstrap.min.js HTTP/1.1" 304 211 "http://54.213.4.161/wa/audio/" "Mozilla/5.0 (X11; Linux x86_64) AppleWebKit/537.36 (KHTML, like Gecko) Chrome/33.0.1750.152 Safari/537.36"
122.172.37.106 - - [28/Mar/2014:12:41:48 +0530] "GET /static/wa/arctic-sunset-css/js/general.js HTTP/1.1" 304 211 "http://54.213.4.161/wa/audio/" "Mozilla/5.0 (X11; Linux x86_64) AppleWebKit/537.36 (KHTML, like Gecko) Chrome/33.0.1750.152 Safari/537.36"
122.172.37.106 - - [28/Mar/2014:12:41:48 +0530] "GET /static/wa/js/jquery.js HTTP/1.1" 304 212 "http://54.213.4.161/wa/audio/" "Mozilla/5.0 (X11; Linux x86_64) AppleWebKit/537.36 (KHTML, like Gecko) Chrome/33.0.1750.152 Safari/537.36"
122.172.37.106 - - [28/Mar/2014:12:41:48 +0530] "GET /static/wa/js/audio.js HTTP/1.1" 304 209 "http://54.213.4.161/wa/audio/" "Mozilla/5.0 (X11; Linux x86_64) AppleWebKit/537.36 (KHTML, like Gecko) Chrome/33.0.1750.152 Safari/537.36"
122.172.37.106 - - [28/Mar/2014:12:41:48 +0530] "GET /static/wa/arctic-sunset-css/js/jquery.chosen.min.js HTTP/1.1" 304 210 "http://54.213.4.161/wa/audio/" "Mozilla/5.0 (X11; Linux x86_64) AppleWebKit/537.36 (KHTML, like Gecko) Chrome/33.0.1750.152 Safari/537.36"
122.172.37.106 - - [28/Mar/2014:12:41:49 +0530] "POST /wa/audio/langBooks HTTP/1.1" 200 2474 "http://54.213.4.161/wa/audio/" "Mozilla/5.0 (X11; Linux x86_64) AppleWebKit/537.36 (KHTML, like Gecko) Chrome/33.0.1750.152 Safari/537.36"
122.172.37.106 - - [28/Mar/2014:12:41:49 +0530] "POST /wa/audio/langBooks HTTP/1.1" 200 2474 "http://54.213.4.161/wa/audio/" "Mozilla/5.0 (X11; Linux x86_64) AppleWebKit/537.36 (KHTML, like Gecko) Chrome/33.0.1750.152 Safari/537.36"
127.0.0.1 - - [28/Mar/2014:12:41:56 +0530] "OPTIONS * HTTP/1.0" 200 126 "-" "Apache/2.2.22 (Ubuntu) (internal dummy connection)"
120.192.31.182 - - [28/Mar/2014:14:10:17 +0530] "GET /manager/html HTTP/1.1" 404 2247 "-" "Mozilla/3.0 (compatible; Indy Library)"
122.172.37.106 - - [28/Mar/2014:14:51:32 +0530] "GET /wa/ HTTP/1.1" 302 349 "-" "Mozilla/5.0 (X11; Linux x86_64) AppleWebKit/537.36 (KHTML, like Gecko) Chrome/33.0.1750.152 Safari/537.36"
122.172.37.106 - - [28/Mar/2014:14:51:32 +0530] "GET /wa/home/ HTTP/1.1" 200 1081 "-" "Mozilla/5.0 (X11; Linux x86_64) AppleWebKit/537.36 (KHTML, like Gecko) Chrome/33.0.1750.152 Safari/537.36"
122.172.37.106 - - [28/Mar/2014:14:51:36 +0530] "GET /wa/audio/ HTTP/1.1" 200 2474 "http://54.213.4.161/wa/home/" "Mozilla/5.0 (X11; Linux x86_64) AppleWebKit/537.36 (KHTML, like Gecko) Chrome/33.0.1750.152 Safari/537.36"
122.172.37.106 - - [28/Mar/2014:14:51:37 +0530] "GET /static/wa/js/audio.js HTTP/1.1" 304 209 "http://54.213.4.161/wa/audio/" "Mozilla/5.0 (X11; Linux x86_64) AppleWebKit/537.36 (KHTML, like Gecko) Chrome/33.0.1750.152 Safari/537.36"
122.172.37.106 - - [28/Mar/2014:14:51:38 +0530] "POST /wa/audio/langBooks HTTP/1.1" 200 2474 "http://54.213.4.161/wa/audio/" "Mozilla/5.0 (X11; Linux x86_64) AppleWebKit/537.36 (KHTML, like Gecko) Chrome/33.0.1750.152 Safari/537.36"
122.172.37.106 - - [28/Mar/2014:14:51:38 +0530] "POST /wa/audio/langBooks HTTP/1.1" 200 2475 "http://54.213.4.161/wa/audio/" "Mozilla/5.0 (X11; Linux x86_64) AppleWebKit/537.36 (KHTML, like Gecko) Chrome/33.0.1750.152 Safari/537.36"
127.0.0.1 - - [28/Mar/2014:14:51:46 +0530] "OPTIONS * HTTP/1.0" 200 126 "-" "Apache/2.2.22 (Ubuntu) (internal dummy connection)"
122.171.5.5 - - [28/Mar/2014:14:52:10 +0530] "GET / HTTP/1.1" 404 1237 "-" "Mozilla/5.0 (X11; Linux i686) AppleWebKit/537.36 (KHTML, like Gecko) Chrome/32.0.1700.102 Safari/537.36"
122.171.5.5 - - [28/Mar/2014:14:52:11 +0530] "GET /favicon.ico HTTP/1.1" 404 1248 "-" "Mozilla/5.0 (X11; Linux i686) AppleWebKit/537.36 (KHTML, like Gecko) Chrome/32.0.1700.102 Safari/537.36"
122.171.5.5 - - [28/Mar/2014:14:52:11 +0530] "GET /favicon.ico HTTP/1.1" 404 1248 "-" "Mozilla/5.0 (X11; Linux i686) AppleWebKit/537.36 (KHTML, like Gecko) Chrome/32.0.1700.102 Safari/537.36"
122.171.5.5 - - [28/Mar/2014:14:52:12 +0530] "GET /favicon.ico HTTP/1.1" 404 1248 "-" "Mozilla/5.0 (X11; Linux i686) AppleWebKit/537.36 (KHTML, like Gecko) Chrome/32.0.1700.102 Safari/537.36"
122.171.5.5 - - [28/Mar/2014:14:52:14 +0530] "GET /wa/ HTTP/1.1" 200 1705 "-" "Mozilla/5.0 (X11; Linux i686) AppleWebKit/537.36 (KHTML, like Gecko) Chrome/32.0.1700.102 Safari/537.36"
122.171.5.5 - - [28/Mar/2014:14:52:14 +0530] "GET /static/wa/arctic-sunset-css/js/libs/modernizr.min.js HTTP/1.1" 304 210 "http://ec2-54-213-4-161.us-west-2.compute.amazonaws.com/wa/" "Mozilla/5.0 (X11; Linux i686) AppleWebKit/537.36 (KHTML, like Gecko) Chrome/32.0.1700.102 Safari/537.36"
122.171.5.5 - - [28/Mar/2014:14:52:14 +0530] "GET /static/wa/arctic-sunset-css/js/libs/jquery-1.10.0.js HTTP/1.1" 304 212 "http://ec2-54-213-4-161.us-west-2.compute.amazonaws.com/wa/" "Mozilla/5.0 (X11; Linux i686) AppleWebKit/537.36 (KHTML, like Gecko) Chrome/32.0.1700.102 Safari/537.36"
122.171.5.5 - - [28/Mar/2014:09:22:14 +0000] "GET /static/wa/arctic-sunset-css/js/libs/jquery-ui.min.js HTTP/1.1" 304 212 "http://ec2-54-213-4-161.us-west-2.compute.amazonaws.com/wa/" "Mozilla/5.0 (X11; Linux i686) AppleWebKit/537.36 (KHTML, like Gecko) Chrome/32.0.1700.102 Safari/537.36"
122.171.5.5 - - [28/Mar/2014:14:52:15 +0530] "GET /static/wa/arctic-sunset-css/js/libs/bootstrap.min.js HTTP/1.1" 304 211 "http://ec2-54-213-4-161.us-west-2.compute.amazonaws.com/wa/" "Mozilla/5.0 (X11; Linux i686) AppleWebKit/537.36 (KHTML, like Gecko) Chrome/32.0.1700.102 Safari/537.36"
122.171.5.5 - - [28/Mar/2014:14:52:15 +0530] "GET /static/wa/arctic-sunset-css/css/bootstrap.css HTTP/1.1" 304 212 "http://ec2-54-213-4-161.us-west-2.compute.amazonaws.com/wa/" "Mozilla/5.0 (X11; Linux i686) AppleWebKit/537.36 (KHTML, like Gecko) Chrome/32.0.1700.102 Safari/537.36"
122.171.5.5 - - [28/Mar/2014:09:22:15 +0000] "GET /static/wa/arctic-sunset-css/css/chosen.css HTTP/1.1" 304 211 "http://ec2-54-213-4-161.us-west-2.compute.amazonaws.com/wa/" "Mozilla/5.0 (X11; Linux i686) AppleWebKit/537.36 (KHTML, like Gecko) Chrome/32.0.1700.102 Safari/537.36"
122.171.5.5 - - [28/Mar/2014:14:52:15 +0530] "GET /static/wa/arctic-sunset-css/css/cusel.css HTTP/1.1" 304 210 "http://ec2-54-213-4-161.us-west-2.compute.amazonaws.com/wa/" "Mozilla/5.0 (X11; Linux i686) AppleWebKit/537.36 (KHTML, like Gecko) Chrome/32.0.1700.102 Safari/537.36"
122.171.5.5 - - [28/Mar/2014:14:52:15 +0530] "GET /static/wa/arctic-sunset-css/style.css HTTP/1.1" 304 210 "http://ec2-54-213-4-161.us-west-2.compute.amazonaws.com/wa/" "Mozilla/5.0 (X11; Linux i686) AppleWebKit/537.36 (KHTML, like Gecko) Chrome/32.0.1700.102 Safari/537.36"
122.171.5.5 - - [28/Mar/2014:09:22:15 +0000] "GET /static/wa/arctic-sunset-css/js/general.js HTTP/1.1" 304 210 "http://ec2-54-213-4-161.us-west-2.compute.amazonaws.com/wa/" "Mozilla/5.0 (X11; Linux i686) AppleWebKit/537.36 (KHTML, like Gecko) Chrome/32.0.1700.102 Safari/537.36"
122.171.5.5 - - [28/Mar/2014:14:52:15 +0530] "GET /static/wa/arctic-sunset-css/js/jquery.chosen.min.js HTTP/1.1" 304 210 "http://ec2-54-213-4-161.us-west-2.compute.amazonaws.com/wa/" "Mozilla/5.0 (X11; Linux i686) AppleWebKit/537.36 (KHTML, like Gecko) Chrome/32.0.1700.102 Safari/537.36"
122.171.5.5 - - [28/Mar/2014:14:52:15 +0530] "GET /static/wa/arctic-sunset-css/images/bg.png HTTP/1.1" 304 187 "http://ec2-54-213-4-161.us-west-2.compute.amazonaws.com/wa/" "Mozilla/5.0 (X11; Linux i686) AppleWebKit/537.36 (KHTML, like Gecko) Chrome/32.0.1700.102 Safari/537.36"
122.171.5.5 - - [28/Mar/2014:09:22:15 +0000] "GET /static/wa/arctic-sunset-css/images/ribbons-shadow.png HTTP/1.1" 304 187 "http://ec2-54-213-4-161.us-west-2.compute.amazonaws.com/wa/" "Mozilla/5.0 (X11; Linux i686) AppleWebKit/537.36 (KHTML, like Gecko) Chrome/32.0.1700.102 Safari/537.36"
122.171.5.5 - - [28/Mar/2014:14:52:15 +0530] "GET /static/wa/arctic-sunset-css/images/ribbons.png HTTP/1.1" 304 187 "http://ec2-54-213-4-161.us-west-2.compute.amazonaws.com/wa/" "Mozilla/5.0 (X11; Linux i686) AppleWebKit/537.36 (KHTML, like Gecko) Chrome/32.0.1700.102 Safari/537.36"
122.171.5.5 - - [28/Mar/2014:14:52:15 +0530] "GET /static/wa/arctic-sunset-css/images/box_bg_bot.jpg HTTP/1.1" 304 186 "http://ec2-54-213-4-161.us-west-2.compute.amazonaws.com/wa/" "Mozilla/5.0 (X11; Linux i686) AppleWebKit/537.36 (KHTML, like Gecko) Chrome/32.0.1700.102 Safari/537.36"
122.171.5.5 - - [28/Mar/2014:09:22:15 +0000] "GET /static/wa/arctic-sunset-css/images/buttons.png HTTP/1.1" 304 187 "http://ec2-54-213-4-161.us-west-2.compute.amazonaws.com/wa/" "Mozilla/5.0 (X11; Linux i686) AppleWebKit/537.36 (KHTML, like Gecko) Chrome/32.0.1700.102 Safari/537.36"
127.0.0.1 - - [28/Mar/2014:14:52:23 +0530] "OPTIONS * HTTP/1.0" 200 126 "-" "Apache/2.2.22 (Ubuntu) (internal dummy connection)"
122.171.5.5 - - [28/Mar/2014:14:54:53 +0530] "POST /wa/auth/ HTTP/1.1" 302 638 "http://ec2-54-213-4-161.us-west-2.compute.amazonaws.com/wa/" "Mozilla/5.0 (X11; Linux i686) AppleWebKit/537.36 (KHTML, like Gecko) Chrome/32.0.1700.102 Safari/537.36"
122.171.5.5 - - [28/Mar/2014:14:54:54 +0530] "GET /wa/home HTTP/1.1" 301 390 "http://ec2-54-213-4-161.us-west-2.compute.amazonaws.com/wa/" "Mozilla/5.0 (X11; Linux i686) AppleWebKit/537.36 (KHTML, like Gecko) Chrome/32.0.1700.102 Safari/537.36"
122.171.5.5 - - [28/Mar/2014:14:54:54 +0530] "GET /wa/home/ HTTP/1.1" 200 1081 "http://ec2-54-213-4-161.us-west-2.compute.amazonaws.com/wa/" "Mozilla/5.0 (X11; Linux i686) AppleWebKit/537.36 (KHTML, like Gecko) Chrome/32.0.1700.102 Safari/537.36"
122.171.5.5 - - [28/Mar/2014:14:54:55 +0530] "GET /static/wa/arctic-sunset-css/css/simple-sidebar.css HTTP/1.1" 200 843 "http://ec2-54-213-4-161.us-west-2.compute.amazonaws.com/wa/home/" "Mozilla/5.0 (X11; Linux i686) AppleWebKit/537.36 (KHTML, like Gecko) Chrome/32.0.1700.102 Safari/537.36"
122.171.5.5 - - [28/Mar/2014:14:54:59 +0530] "GET /wa/myprofile/ HTTP/1.1" 200 1199 "http://ec2-54-213-4-161.us-west-2.compute.amazonaws.com/wa/home/" "Mozilla/5.0 (X11; Linux i686) AppleWebKit/537.36 (KHTML, like Gecko) Chrome/32.0.1700.102 Safari/537.36"
122.171.5.5 - - [28/Mar/2014:14:55:00 +0530] "GET /static/wa/js/userContributionDetails.js HTTP/1.1" 200 1213 "http://ec2-54-213-4-161.us-west-2.compute.amazonaws.com/wa/myprofile/" "Mozilla/5.0 (X11; Linux i686) AppleWebKit/537.36 (KHTML, like Gecko) Chrome/32.0.1700.102 Safari/537.36"
122.171.5.5 - - [28/Mar/2014:14:55:00 +0530] "GET /static/wa/js/jquery.js HTTP/1.1" 200 79635 "http://ec2-54-213-4-161.us-west-2.compute.amazonaws.com/wa/myprofile/" "Mozilla/5.0 (X11; Linux i686) AppleWebKit/537.36 (KHTML, like Gecko) Chrome/32.0.1700.102 Safari/537.36"
122.171.5.5 - - [28/Mar/2014:14:55:14 +0530] "GET /wa/audio HTTP/1.1" 301 392 "http://ec2-54-213-4-161.us-west-2.compute.amazonaws.com/wa/myprofile/" "Mozilla/5.0 (X11; Linux i686) AppleWebKit/537.36 (KHTML, like Gecko) Chrome/32.0.1700.102 Safari/537.36"
122.171.5.5 - - [28/Mar/2014:14:55:14 +0530] "GET /wa/audio/ HTTP/1.1" 200 2569 "http://ec2-54-213-4-161.us-west-2.compute.amazonaws.com/wa/myprofile/" "Mozilla/5.0 (X11; Linux i686) AppleWebKit/537.36 (KHTML, like Gecko) Chrome/32.0.1700.102 Safari/537.36"
122.171.5.5 - - [28/Mar/2014:14:55:15 +0530] "GET /static/wa/js/audio.js HTTP/1.1" 200 1196 "http://ec2-54-213-4-161.us-west-2.compute.amazonaws.com/wa/audio/" "Mozilla/5.0 (X11; Linux i686) AppleWebKit/537.36 (KHTML, like Gecko) Chrome/32.0.1700.102 Safari/537.36"
122.171.5.5 - - [28/Mar/2014:14:55:15 +0530] "POST /wa/audio/langBooks HTTP/1.1" 200 2569 "http://ec2-54-213-4-161.us-west-2.compute.amazonaws.com/wa/audio/" "Mozilla/5.0 (X11; Linux i686) AppleWebKit/537.36 (KHTML, like Gecko) Chrome/32.0.1700.102 Safari/537.36"
122.171.5.5 - - [28/Mar/2014:14:55:15 +0530] "POST /wa/audio/langBooks HTTP/1.1" 200 2570 "http://ec2-54-213-4-161.us-west-2.compute.amazonaws.com/wa/audio/" "Mozilla/5.0 (X11; Linux i686) AppleWebKit/537.36 (KHTML, like Gecko) Chrome/32.0.1700.102 Safari/537.36"
122.171.5.5 - - [28/Mar/2014:14:55:15 +0530] "POST /wa/audio/langBooks HTTP/1.1" 200 2570 "http://ec2-54-213-4-161.us-west-2.compute.amazonaws.com/wa/audio/" "Mozilla/5.0 (X11; Linux i686) AppleWebKit/537.36 (KHTML, like Gecko) Chrome/32.0.1700.102 Safari/537.36"
122.172.37.106 - - [28/Mar/2014:14:57:52 +0530] "GET /wa/audio/ HTTP/1.1" 200 2475 "-" "Mozilla/5.0 (X11; Linux x86_64) AppleWebKit/537.36 (KHTML, like Gecko) Chrome/33.0.1750.152 Safari/537.36"
122.172.37.106 - - [28/Mar/2014:14:57:53 +0530] "POST /wa/audio/langBooks HTTP/1.1" 200 2474 "http://54.213.4.161/wa/audio/" "Mozilla/5.0 (X11; Linux x86_64) AppleWebKit/537.36 (KHTML, like Gecko) Chrome/33.0.1750.152 Safari/537.36"
122.172.37.106 - - [28/Mar/2014:14:57:53 +0530] "POST /wa/audio/langBooks HTTP/1.1" 200 2475 "http://54.213.4.161/wa/audio/" "Mozilla/5.0 (X11; Linux x86_64) AppleWebKit/537.36 (KHTML, like Gecko) Chrome/33.0.1750.152 Safari/537.36"
122.171.5.5 - - [28/Mar/2014:14:58:07 +0530] "GET /wa/uploadBook/ HTTP/1.1" 200 1758 "http://ec2-54-213-4-161.us-west-2.compute.amazonaws.com/wa/audio/" "Mozilla/5.0 (X11; Linux i686) AppleWebKit/537.36 (KHTML, like Gecko) Chrome/32.0.1700.102 Safari/537.36"
122.171.5.5 - - [28/Mar/2014:14:58:08 +0530] "GET /static/wa/arctic-sunset-css/images/chosen.png HTTP/1.1" 200 936 "http://ec2-54-213-4-161.us-west-2.compute.amazonaws.com/wa/uploadBook/" "Mozilla/5.0 (X11; Linux i686) AppleWebKit/537.36 (KHTML, like Gecko) Chrome/32.0.1700.102 Safari/537.36"
127.0.0.1 - - [28/Mar/2014:14:58:17 +0530] "OPTIONS * HTTP/1.0" 200 126 "-" "Apache/2.2.22 (Ubuntu) (internal dummy connection)"
122.171.5.5 - - [28/Mar/2014:15:00:16 +0530] "POST /wa/uploadBook/ HTTP/1.1" 500 15176 "http://ec2-54-213-4-161.us-west-2.compute.amazonaws.com/wa/uploadBook/" "Mozilla/5.0 (X11; Linux i686) AppleWebKit/537.36 (KHTML, like Gecko) Chrome/32.0.1700.102 Safari/537.36"
122.171.5.5 - - [28/Mar/2014:15:00:31 +0530] "GET /wa/uploadBook/ HTTP/1.1" 200 1758 "http://ec2-54-213-4-161.us-west-2.compute.amazonaws.com/wa/audio/" "Mozilla/5.0 (X11; Linux i686) AppleWebKit/537.36 (KHTML, like Gecko) Chrome/32.0.1700.102 Safari/537.36"
122.172.37.106 - - [28/Mar/2014:15:00:42 +0530] "GET /wa/audio/ HTTP/1.1" 200 2475 "-" "Mozilla/5.0 (X11; Linux x86_64) AppleWebKit/537.36 (KHTML, like Gecko) Chrome/33.0.1750.152 Safari/537.36"
122.172.37.106 - - [28/Mar/2014:15:00:43 +0530] "POST /wa/audio/langBooks HTTP/1.1" 200 2474 "http://54.213.4.161/wa/audio/" "Mozilla/5.0 (X11; Linux x86_64) AppleWebKit/537.36 (KHTML, like Gecko) Chrome/33.0.1750.152 Safari/537.36"
122.172.37.106 - - [28/Mar/2014:15:00:43 +0530] "POST /wa/audio/langBooks HTTP/1.1" 200 2475 "http://54.213.4.161/wa/audio/" "Mozilla/5.0 (X11; Linux x86_64) AppleWebKit/537.36 (KHTML, like Gecko) Chrome/33.0.1750.152 Safari/537.36"
127.0.0.1 - - [28/Mar/2014:09:30:52 +0000] "OPTIONS * HTTP/1.0" 200 126 "-" "Apache/2.2.22 (Ubuntu) (internal dummy connection)"
127.0.0.1 - - [28/Mar/2014:09:30:53 +0000] "OPTIONS * HTTP/1.0" 200 126 "-" "Apache/2.2.22 (Ubuntu) (internal dummy connection)"
127.0.0.1 - - [28/Mar/2014:09:30:54 +0000] "OPTIONS * HTTP/1.0" 200 126 "-" "Apache/2.2.22 (Ubuntu) (internal dummy connection)"
127.0.0.1 - - [28/Mar/2014:09:30:55 +0000] "OPTIONS * HTTP/1.0" 200 126 "-" "Apache/2.2.22 (Ubuntu) (internal dummy connection)"
127.0.0.1 - - [28/Mar/2014:09:30:59 +0000] "OPTIONS * HTTP/1.0" 200 126 "-" "Apache/2.2.22 (Ubuntu) (internal dummy connection)"
127.0.0.1 - - [28/Mar/2014:09:31:00 +0000] "OPTIONS * HTTP/1.0" 200 126 "-" "Apache/2.2.22 (Ubuntu) (internal dummy connection)"
127.0.0.1 - - [28/Mar/2014:09:31:01 +0000] "OPTIONS * HTTP/1.0" 200 126 "-" "Apache/2.2.22 (Ubuntu) (internal dummy connection)"
127.0.0.1 - - [28/Mar/2014:15:01:02 +0530] "OPTIONS * HTTP/1.0" 200 126 "-" "Apache/2.2.22 (Ubuntu) (internal dummy connection)"
122.172.37.106 - - [28/Mar/2014:15:03:24 +0530] "GET /wa/audio/ HTTP/1.1" 200 2475 "-" "Mozilla/5.0 (X11; Linux x86_64) AppleWebKit/537.36 (KHTML, like Gecko) Chrome/33.0.1750.152 Safari/537.36"
122.172.37.106 - - [28/Mar/2014:15:03:25 +0530] "POST /wa/audio/langBooks HTTP/1.1" 200 2474 "http://54.213.4.161/wa/audio/" "Mozilla/5.0 (X11; Linux x86_64) AppleWebKit/537.36 (KHTML, like Gecko) Chrome/33.0.1750.152 Safari/537.36"
122.172.37.106 - - [28/Mar/2014:15:03:25 +0530] "POST /wa/audio/langBooks HTTP/1.1" 200 2475 "http://54.213.4.161/wa/audio/" "Mozilla/5.0 (X11; Linux x86_64) AppleWebKit/537.36 (KHTML, like Gecko) Chrome/33.0.1750.152 Safari/537.36"
127.0.0.1 - - [28/Mar/2014:09:33:45 +0000] "OPTIONS * HTTP/1.0" 200 126 "-" "Apache/2.2.22 (Ubuntu) (internal dummy connection)"
122.171.5.5 - - [28/Mar/2014:15:09:11 +0530] "POST /wa/uploadBook/ HTTP/1.1" 302 387 "http://ec2-54-213-4-161.us-west-2.compute.amazonaws.com/wa/uploadBook/" "Mozilla/5.0 (X11; Linux i686) AppleWebKit/537.36 (KHTML, like Gecko) Chrome/32.0.1700.102 Safari/537.36"
122.171.5.5 - - [28/Mar/2014:15:09:19 +0530] "GET /wa/audio/ HTTP/1.1" 200 2569 "http://ec2-54-213-4-161.us-west-2.compute.amazonaws.com/wa/uploadBook/" "Mozilla/5.0 (X11; Linux i686) AppleWebKit/537.36 (KHTML, like Gecko) Chrome/32.0.1700.102 Safari/537.36"
122.171.5.5 - - [28/Mar/2014:15:09:19 +0530] "GET /static/wa/arctic-sunset-css/js/libs/modernizr.min.js HTTP/1.1" 304 210 "http://ec2-54-213-4-161.us-west-2.compute.amazonaws.com/wa/audio/" "Mozilla/5.0 (X11; Linux i686) AppleWebKit/537.36 (KHTML, like Gecko) Chrome/32.0.1700.102 Safari/537.36"
122.171.5.5 - - [28/Mar/2014:15:09:19 +0530] "GET /static/wa/arctic-sunset-css/js/libs/jquery-1.10.0.js HTTP/1.1" 304 212 "http://ec2-54-213-4-161.us-west-2.compute.amazonaws.com/wa/audio/" "Mozilla/5.0 (X11; Linux i686) AppleWebKit/537.36 (KHTML, like Gecko) Chrome/32.0.1700.102 Safari/537.36"
122.171.5.5 - - [28/Mar/2014:15:09:20 +0530] "GET /static/wa/arctic-sunset-css/js/libs/jquery-ui.min.js HTTP/1.1" 304 211 "http://ec2-54-213-4-161.us-west-2.compute.amazonaws.com/wa/audio/" "Mozilla/5.0 (X11; Linux i686) AppleWebKit/537.36 (KHTML, like Gecko) Chrome/32.0.1700.102 Safari/537.36"
122.171.5.5 - - [28/Mar/2014:15:09:20 +0530] "GET /static/wa/arctic-sunset-css/js/libs/bootstrap.min.js HTTP/1.1" 304 210 "http://ec2-54-213-4-161.us-west-2.compute.amazonaws.com/wa/audio/" "Mozilla/5.0 (X11; Linux i686) AppleWebKit/537.36 (KHTML, like Gecko) Chrome/32.0.1700.102 Safari/537.36"
122.171.5.5 - - [28/Mar/2014:15:09:20 +0530] "GET /static/wa/arctic-sunset-css/js/general.js HTTP/1.1" 304 211 "http://ec2-54-213-4-161.us-west-2.compute.amazonaws.com/wa/audio/" "Mozilla/5.0 (X11; Linux i686) AppleWebKit/537.36 (KHTML, like Gecko) Chrome/32.0.1700.102 Safari/537.36"
122.171.5.5 - - [28/Mar/2014:09:39:20 +0000] "GET /static/wa/js/jquery.js HTTP/1.1" 304 212 "http://ec2-54-213-4-161.us-west-2.compute.amazonaws.com/wa/audio/" "Mozilla/5.0 (X11; Linux i686) AppleWebKit/537.36 (KHTML, like Gecko) Chrome/32.0.1700.102 Safari/537.36"
122.171.5.5 - - [28/Mar/2014:15:09:20 +0530] "GET /static/wa/js/audio.js HTTP/1.1" 304 210 "http://ec2-54-213-4-161.us-west-2.compute.amazonaws.com/wa/audio/" "Mozilla/5.0 (X11; Linux i686) AppleWebKit/537.36 (KHTML, like Gecko) Chrome/32.0.1700.102 Safari/537.36"
122.171.5.5 - - [28/Mar/2014:15:09:20 +0530] "GET /static/wa/arctic-sunset-css/js/jquery.chosen.min.js HTTP/1.1" 304 211 "http://ec2-54-213-4-161.us-west-2.compute.amazonaws.com/wa/audio/" "Mozilla/5.0 (X11; Linux i686) AppleWebKit/537.36 (KHTML, like Gecko) Chrome/32.0.1700.102 Safari/537.36"
122.171.5.5 - - [28/Mar/2014:15:09:20 +0530] "POST /wa/audio/langBooks HTTP/1.1" 200 2569 "http://ec2-54-213-4-161.us-west-2.compute.amazonaws.com/wa/audio/" "Mozilla/5.0 (X11; Linux i686) AppleWebKit/537.36 (KHTML, like Gecko) Chrome/32.0.1700.102 Safari/537.36"
122.171.5.5 - - [28/Mar/2014:15:09:20 +0530] "POST /wa/audio/langBooks HTTP/1.1" 200 2569 "http://ec2-54-213-4-161.us-west-2.compute.amazonaws.com/wa/audio/" "Mozilla/5.0 (X11; Linux i686) AppleWebKit/537.36 (KHTML, like Gecko) Chrome/32.0.1700.102 Safari/537.36"
122.171.5.5 - - [28/Mar/2014:09:39:20 +0000] "POST /wa/audio/langBooks HTTP/1.1" 200 2569 "http://ec2-54-213-4-161.us-west-2.compute.amazonaws.com/wa/audio/" "Mozilla/5.0 (X11; Linux i686) AppleWebKit/537.36 (KHTML, like Gecko) Chrome/32.0.1700.102 Safari/537.36"
127.0.0.1 - - [28/Mar/2014:15:09:29 +0530] "OPTIONS * HTTP/1.0" 200 126 "-" "Apache/2.2.22 (Ubuntu) (internal dummy connection)"
122.172.37.106 - - [28/Mar/2014:15:09:48 +0530] "GET /wa/audio/ HTTP/1.1" 200 2473 "-" "Mozilla/5.0 (X11; Linux x86_64) AppleWebKit/537.36 (KHTML, like Gecko) Chrome/33.0.1750.152 Safari/537.36"
122.172.37.106 - - [28/Mar/2014:15:09:48 +0530] "GET /static/wa/arctic-sunset-css/js/libs/modernizr.min.js HTTP/1.1" 304 210 "http://54.213.4.161/wa/audio/" "Mozilla/5.0 (X11; Linux x86_64) AppleWebKit/537.36 (KHTML, like Gecko) Chrome/33.0.1750.152 Safari/537.36"
122.172.37.106 - - [28/Mar/2014:15:09:48 +0530] "GET /static/wa/arctic-sunset-css/js/libs/jquery-1.10.0.js HTTP/1.1" 304 212 "http://54.213.4.161/wa/audio/" "Mozilla/5.0 (X11; Linux x86_64) AppleWebKit/537.36 (KHTML, like Gecko) Chrome/33.0.1750.152 Safari/537.36"
122.172.37.106 - - [28/Mar/2014:09:39:48 +0000] "GET /static/wa/arctic-sunset-css/js/libs/jquery-ui.min.js HTTP/1.1" 304 212 "http://54.213.4.161/wa/audio/" "Mozilla/5.0 (X11; Linux x86_64) AppleWebKit/537.36 (KHTML, like Gecko) Chrome/33.0.1750.152 Safari/537.36"
122.172.37.106 - - [28/Mar/2014:09:39:48 +0000] "GET /static/wa/arctic-sunset-css/js/libs/bootstrap.min.js HTTP/1.1" 304 211 "http://54.213.4.161/wa/audio/" "Mozilla/5.0 (X11; Linux x86_64) AppleWebKit/537.36 (KHTML, like Gecko) Chrome/33.0.1750.152 Safari/537.36"
122.172.37.106 - - [28/Mar/2014:15:09:48 +0530] "GET /static/wa/arctic-sunset-css/js/general.js HTTP/1.1" 304 211 "http://54.213.4.161/wa/audio/" "Mozilla/5.0 (X11; Linux x86_64) AppleWebKit/537.36 (KHTML, like Gecko) Chrome/33.0.1750.152 Safari/537.36"
122.172.37.106 - - [28/Mar/2014:15:09:48 +0530] "GET /static/wa/js/jquery.js HTTP/1.1" 304 212 "http://54.213.4.161/wa/audio/" "Mozilla/5.0 (X11; Linux x86_64) AppleWebKit/537.36 (KHTML, like Gecko) Chrome/33.0.1750.152 Safari/537.36"
122.172.37.106 - - [28/Mar/2014:15:09:48 +0530] "GET /static/wa/js/audio.js HTTP/1.1" 304 209 "http://54.213.4.161/wa/audio/" "Mozilla/5.0 (X11; Linux x86_64) AppleWebKit/537.36 (KHTML, like Gecko) Chrome/33.0.1750.152 Safari/537.36"
122.172.37.106 - - [28/Mar/2014:15:09:48 +0530] "GET /static/wa/arctic-sunset-css/js/jquery.chosen.min.js HTTP/1.1" 304 210 "http://54.213.4.161/wa/audio/" "Mozilla/5.0 (X11; Linux x86_64) AppleWebKit/537.36 (KHTML, like Gecko) Chrome/33.0.1750.152 Safari/537.36"
122.172.37.106 - - [28/Mar/2014:15:09:49 +0530] "POST /audio/langBooks HTTP/1.1" 404 1227 "http://54.213.4.161/wa/audio/" "Mozilla/5.0 (X11; Linux x86_64) AppleWebKit/537.36 (KHTML, like Gecko) Chrome/33.0.1750.152 Safari/537.36"
122.172.37.106 - - [28/Mar/2014:15:09:49 +0530] "POST /audio/langBooks HTTP/1.1" 404 1227 "http://54.213.4.161/wa/audio/" "Mozilla/5.0 (X11; Linux x86_64) AppleWebKit/537.36 (KHTML, like Gecko) Chrome/33.0.1750.152 Safari/537.36"
127.0.0.1 - - [28/Mar/2014:15:09:56 +0530] "OPTIONS * HTTP/1.0" 200 126 "-" "Apache/2.2.22 (Ubuntu) (internal dummy connection)"
122.172.37.106 - - [28/Mar/2014:15:13:56 +0530] "GET /wa/audio/ HTTP/1.1" 200 1628 "-" "Mozilla/5.0 (X11; Linux x86_64) AppleWebKit/537.36 (KHTML, like Gecko) Chrome/33.0.1750.152 Safari/537.36"
122.172.37.106 - - [28/Mar/2014:15:13:57 +0530] "GET /wa/audio/langBooks/?language=English HTTP/1.1" 500 4179 "http://54.213.4.161/wa/audio/" "Mozilla/5.0 (X11; Linux x86_64) AppleWebKit/537.36 (KHTML, like Gecko) Chrome/33.0.1750.152 Safari/537.36"
122.172.37.106 - - [28/Mar/2014:15:13:57 +0530] "GET /wa/audio/langBooks/?language=Kannada HTTP/1.1" 500 4181 "http://54.213.4.161/wa/audio/" "Mozilla/5.0 (X11; Linux x86_64) AppleWebKit/537.36 (KHTML, like Gecko) Chrome/33.0.1750.152 Safari/537.36"
122.171.5.5 - - [28/Mar/2014:15:13:58 +0530] "GET /wa/audio/ HTTP/1.1" 200 1667 "http://ec2-54-213-4-161.us-west-2.compute.amazonaws.com/wa/uploadBook/" "Mozilla/5.0 (X11; Linux i686) AppleWebKit/537.36 (KHTML, like Gecko) Chrome/32.0.1700.102 Safari/537.36"
122.171.5.5 - - [28/Mar/2014:15:13:58 +0530] "GET /static/wa/arctic-sunset-css/js/libs/modernizr.min.js HTTP/1.1" 304 210 "http://ec2-54-213-4-161.us-west-2.compute.amazonaws.com/wa/audio/" "Mozilla/5.0 (X11; Linux i686) AppleWebKit/537.36 (KHTML, like Gecko) Chrome/32.0.1700.102 Safari/537.36"
122.171.5.5 - - [28/Mar/2014:15:13:59 +0530] "GET /static/wa/arctic-sunset-css/js/libs/jquery-1.10.0.js HTTP/1.1" 304 212 "http://ec2-54-213-4-161.us-west-2.compute.amazonaws.com/wa/audio/" "Mozilla/5.0 (X11; Linux i686) AppleWebKit/537.36 (KHTML, like Gecko) Chrome/32.0.1700.102 Safari/537.36"
122.171.5.5 - - [28/Mar/2014:15:13:59 +0530] "GET /static/wa/arctic-sunset-css/css/bootstrap.css HTTP/1.1" 304 212 "http://ec2-54-213-4-161.us-west-2.compute.amazonaws.com/wa/uploadBook/" "Mozilla/5.0 (X11; Linux i686) AppleWebKit/537.36 (KHTML, like Gecko) Chrome/32.0.1700.102 Safari/537.36"
122.171.5.5 - - [28/Mar/2014:15:13:59 +0530] "GET /static/wa/arctic-sunset-css/style.css HTTP/1.1" 304 211 "http://ec2-54-213-4-161.us-west-2.compute.amazonaws.com/wa/uploadBook/" "Mozilla/5.0 (X11; Linux i686) AppleWebKit/537.36 (KHTML, like Gecko) Chrome/32.0.1700.102 Safari/537.36"
122.171.5.5 - - [28/Mar/2014:15:13:59 +0530] "GET /static/wa/arctic-sunset-css/css/simple-sidebar.css HTTP/1.1" 304 209 "http://ec2-54-213-4-161.us-west-2.compute.amazonaws.com/wa/uploadBook/" "Mozilla/5.0 (X11; Linux i686) AppleWebKit/537.36 (KHTML, like Gecko) Chrome/32.0.1700.102 Safari/537.36"
122.171.5.5 - - [28/Mar/2014:15:13:59 +0530] "GET /static/wa/arctic-sunset-css/css/chosen.css HTTP/1.1" 304 210 "http://ec2-54-213-4-161.us-west-2.compute.amazonaws.com/wa/uploadBook/" "Mozilla/5.0 (X11; Linux i686) AppleWebKit/537.36 (KHTML, like Gecko) Chrome/32.0.1700.102 Safari/537.36"
122.171.5.5 - - [28/Mar/2014:15:13:59 +0530] "GET /static/wa/arctic-sunset-css/css/cusel.css HTTP/1.1" 304 211 "http://ec2-54-213-4-161.us-west-2.compute.amazonaws.com/wa/uploadBook/" "Mozilla/5.0 (X11; Linux i686) AppleWebKit/537.36 (KHTML, like Gecko) Chrome/32.0.1700.102 Safari/537.36"
122.171.5.5 - - [28/Mar/2014:15:13:59 +0530] "GET /static/wa/arctic-sunset-css/js/libs/jquery-ui.min.js HTTP/1.1" 304 212 "http://ec2-54-213-4-161.us-west-2.compute.amazonaws.com/wa/audio/" "Mozilla/5.0 (X11; Linux i686) AppleWebKit/537.36 (KHTML, like Gecko) Chrome/32.0.1700.102 Safari/537.36"
122.171.5.5 - - [28/Mar/2014:15:13:59 +0530] "GET /static/wa/arctic-sunset-css/js/libs/bootstrap.min.js HTTP/1.1" 304 210 "http://ec2-54-213-4-161.us-west-2.compute.amazonaws.com/wa/audio/" "Mozilla/5.0 (X11; Linux i686) AppleWebKit/537.36 (KHTML, like Gecko) Chrome/32.0.1700.102 Safari/537.36"
122.171.5.5 - - [28/Mar/2014:15:13:59 +0530] "GET /static/wa/arctic-sunset-css/js/general.js HTTP/1.1" 304 210 "http://ec2-54-213-4-161.us-west-2.compute.amazonaws.com/wa/audio/" "Mozilla/5.0 (X11; Linux i686) AppleWebKit/537.36 (KHTML, like Gecko) Chrome/32.0.1700.102 Safari/537.36"
122.171.5.5 - - [28/Mar/2014:15:13:59 +0530] "GET /static/wa/js/jquery.js HTTP/1.1" 304 211 "http://ec2-54-213-4-161.us-west-2.compute.amazonaws.com/wa/audio/" "Mozilla/5.0 (X11; Linux i686) AppleWebKit/537.36 (KHTML, like Gecko) Chrome/32.0.1700.102 Safari/537.36"
122.171.5.5 - - [28/Mar/2014:15:13:59 +0530] "GET /static/wa/js/audio.js HTTP/1.1" 304 209 "http://ec2-54-213-4-161.us-west-2.compute.amazonaws.com/wa/audio/" "Mozilla/5.0 (X11; Linux i686) AppleWebKit/537.36 (KHTML, like Gecko) Chrome/32.0.1700.102 Safari/537.36"
122.171.5.5 - - [28/Mar/2014:15:13:59 +0530] "GET /static/wa/arctic-sunset-css/js/jquery.chosen.min.js HTTP/1.1" 304 210 "http://ec2-54-213-4-161.us-west-2.compute.amazonaws.com/wa/audio/" "Mozilla/5.0 (X11; Linux i686) AppleWebKit/537.36 (KHTML, like Gecko) Chrome/32.0.1700.102 Safari/537.36"
122.171.5.5 - - [28/Mar/2014:15:14:01 +0530] "GET /static/wa/arctic-sunset-css/images/bg.png HTTP/1.1" 304 187 "http://ec2-54-213-4-161.us-west-2.compute.amazonaws.com/wa/" "Mozilla/5.0 (X11; Linux i686) AppleWebKit/537.36 (KHTML, like Gecko) Chrome/32.0.1700.102 Safari/537.36"
122.171.5.5 - - [28/Mar/2014:15:14:01 +0530] "GET /wa/audio/langBooks/?language=English HTTP/1.1" 500 4174 "http://ec2-54-213-4-161.us-west-2.compute.amazonaws.com/wa/audio/" "Mozilla/5.0 (X11; Linux i686) AppleWebKit/537.36 (KHTML, like Gecko) Chrome/32.0.1700.102 Safari/537.36"
122.171.5.5 - - [28/Mar/2014:15:14:01 +0530] "GET /wa/audio/langBooks/?language=Kannada HTTP/1.1" 500 4165 "http://ec2-54-213-4-161.us-west-2.compute.amazonaws.com/wa/audio/" "Mozilla/5.0 (X11; Linux i686) AppleWebKit/537.36 (KHTML, like Gecko) Chrome/32.0.1700.102 Safari/537.36"
122.171.5.5 - - [28/Mar/2014:15:14:01 +0530] "GET /wa/audio/langBooks/?language=Hindi HTTP/1.1" 200 469 "http://ec2-54-213-4-161.us-west-2.compute.amazonaws.com/wa/audio/" "Mozilla/5.0 (X11; Linux i686) AppleWebKit/537.36 (KHTML, like Gecko) Chrome/32.0.1700.102 Safari/537.36"
127.0.0.1 - - [28/Mar/2014:09:44:06 +0000] "OPTIONS * HTTP/1.0" 200 126 "-" "Apache/2.2.22 (Ubuntu) (internal dummy connection)"
127.0.0.1 - - [28/Mar/2014:09:44:08 +0000] "OPTIONS * HTTP/1.0" 200 126 "-" "Apache/2.2.22 (Ubuntu) (internal dummy connection)"
127.0.0.1 - - [28/Mar/2014:09:44:09 +0000] "OPTIONS * HTTP/1.0" 200 126 "-" "Apache/2.2.22 (Ubuntu) (internal dummy connection)"
122.172.37.106 - - [28/Mar/2014:15:15:47 +0530] "GET /wa/audio/ HTTP/1.1" 200 1628 "-" "Mozilla/5.0 (X11; Linux x86_64) AppleWebKit/537.36 (KHTML, like Gecko) Chrome/33.0.1750.152 Safari/537.36"
122.172.37.106 - - [28/Mar/2014:15:15:47 +0530] "GET /wa/audio/langBooks/?language=English HTTP/1.1" 500 4178 "http://54.213.4.161/wa/audio/" "Mozilla/5.0 (X11; Linux x86_64) AppleWebKit/537.36 (KHTML, like Gecko) Chrome/33.0.1750.152 Safari/537.36"
122.172.37.106 - - [28/Mar/2014:15:15:47 +0530] "GET /wa/audio/langBooks/?language=Kannada HTTP/1.1" 500 4177 "http://54.213.4.161/wa/audio/" "Mozilla/5.0 (X11; Linux x86_64) AppleWebKit/537.36 (KHTML, like Gecko) Chrome/33.0.1750.152 Safari/537.36"
122.172.37.106 - - [28/Mar/2014:15:20:47 +0530] "GET /wa/audio/ HTTP/1.1" 200 1628 "-" "Mozilla/5.0 (X11; Linux x86_64) AppleWebKit/537.36 (KHTML, like Gecko) Chrome/33.0.1750.152 Safari/537.36"
122.172.37.106 - - [28/Mar/2014:15:20:48 +0530] "GET /wa/audio/langBooks/?language=Kannada HTTP/1.1" 200 470 "http://54.213.4.161/wa/audio/" "Mozilla/5.0 (X11; Linux x86_64) AppleWebKit/537.36 (KHTML, like Gecko) Chrome/33.0.1750.152 Safari/537.36"
122.172.37.106 - - [28/Mar/2014:15:20:48 +0530] "GET /wa/audio/langBooks/?language=English HTTP/1.1" 500 4180 "http://54.213.4.161/wa/audio/" "Mozilla/5.0 (X11; Linux x86_64) AppleWebKit/537.36 (KHTML, like Gecko) Chrome/33.0.1750.152 Safari/537.36"
122.171.5.5 - - [28/Mar/2014:15:21:25 +0530] "GET /wa/audio/ HTTP/1.1" 200 1667 "http://ec2-54-213-4-161.us-west-2.compute.amazonaws.com/wa/uploadBook/" "Mozilla/5.0 (X11; Linux i686) AppleWebKit/537.36 (KHTML, like Gecko) Chrome/32.0.1700.102 Safari/537.36"
122.171.5.5 - - [28/Mar/2014:15:21:26 +0530] "GET /static/wa/arctic-sunset-css/js/libs/modernizr.min.js HTTP/1.1" 304 210 "http://ec2-54-213-4-161.us-west-2.compute.amazonaws.com/wa/audio/" "Mozilla/5.0 (X11; Linux i686) AppleWebKit/537.36 (KHTML, like Gecko) Chrome/32.0.1700.102 Safari/537.36"
122.171.5.5 - - [28/Mar/2014:09:51:26 +0000] "GET /static/wa/arctic-sunset-css/js/libs/jquery-1.10.0.js HTTP/1.1" 304 212 "http://ec2-54-213-4-161.us-west-2.compute.amazonaws.com/wa/audio/" "Mozilla/5.0 (X11; Linux i686) AppleWebKit/537.36 (KHTML, like Gecko) Chrome/32.0.1700.102 Safari/537.36"
122.171.5.5 - - [28/Mar/2014:15:21:27 +0530] "GET /static/wa/arctic-sunset-css/css/bootstrap.css HTTP/1.1" 304 212 "http://ec2-54-213-4-161.us-west-2.compute.amazonaws.com/wa/uploadBook/" "Mozilla/5.0 (X11; Linux i686) AppleWebKit/537.36 (KHTML, like Gecko) Chrome/32.0.1700.102 Safari/537.36"
122.171.5.5 - - [28/Mar/2014:09:51:27 +0000] "GET /static/wa/arctic-sunset-css/style.css HTTP/1.1" 304 211 "http://ec2-54-213-4-161.us-west-2.compute.amazonaws.com/wa/uploadBook/" "Mozilla/5.0 (X11; Linux i686) AppleWebKit/537.36 (KHTML, like Gecko) Chrome/32.0.1700.102 Safari/537.36"
122.171.5.5 - - [28/Mar/2014:15:21:27 +0530] "GET /static/wa/arctic-sunset-css/css/simple-sidebar.css HTTP/1.1" 304 209 "http://ec2-54-213-4-161.us-west-2.compute.amazonaws.com/wa/uploadBook/" "Mozilla/5.0 (X11; Linux i686) AppleWebKit/537.36 (KHTML, like Gecko) Chrome/32.0.1700.102 Safari/537.36"
122.171.5.5 - - [28/Mar/2014:09:51:27 +0000] "GET /static/wa/arctic-sunset-css/css/chosen.css HTTP/1.1" 304 210 "http://ec2-54-213-4-161.us-west-2.compute.amazonaws.com/wa/uploadBook/" "Mozilla/5.0 (X11; Linux i686) AppleWebKit/537.36 (KHTML, like Gecko) Chrome/32.0.1700.102 Safari/537.36"
122.171.5.5 - - [28/Mar/2014:15:21:27 +0530] "GET /static/wa/arctic-sunset-css/css/cusel.css HTTP/1.1" 304 211 "http://ec2-54-213-4-161.us-west-2.compute.amazonaws.com/wa/uploadBook/" "Mozilla/5.0 (X11; Linux i686) AppleWebKit/537.36 (KHTML, like Gecko) Chrome/32.0.1700.102 Safari/537.36"
122.171.5.5 - - [28/Mar/2014:15:21:27 +0530] "GET /static/wa/arctic-sunset-css/js/libs/jquery-ui.min.js HTTP/1.1" 304 212 "http://ec2-54-213-4-161.us-west-2.compute.amazonaws.com/wa/audio/" "Mozilla/5.0 (X11; Linux i686) AppleWebKit/537.36 (KHTML, like Gecko) Chrome/32.0.1700.102 Safari/537.36"
122.171.5.5 - - [28/Mar/2014:15:21:27 +0530] "GET /static/wa/arctic-sunset-css/js/libs/bootstrap.min.js HTTP/1.1" 304 210 "http://ec2-54-213-4-161.us-west-2.compute.amazonaws.com/wa/audio/" "Mozilla/5.0 (X11; Linux i686) AppleWebKit/537.36 (KHTML, like Gecko) Chrome/32.0.1700.102 Safari/537.36"
122.171.5.5 - - [28/Mar/2014:09:51:27 +0000] "GET /static/wa/arctic-sunset-css/js/general.js HTTP/1.1" 304 210 "http://ec2-54-213-4-161.us-west-2.compute.amazonaws.com/wa/audio/" "Mozilla/5.0 (X11; Linux i686) AppleWebKit/537.36 (KHTML, like Gecko) Chrome/32.0.1700.102 Safari/537.36"
122.171.5.5 - - [28/Mar/2014:15:21:27 +0530] "GET /static/wa/js/jquery.js HTTP/1.1" 304 211 "http://ec2-54-213-4-161.us-west-2.compute.amazonaws.com/wa/audio/" "Mozilla/5.0 (X11; Linux i686) AppleWebKit/537.36 (KHTML, like Gecko) Chrome/32.0.1700.102 Safari/537.36"
122.171.5.5 - - [28/Mar/2014:09:51:27 +0000] "GET /static/wa/js/audio.js HTTP/1.1" 304 209 "http://ec2-54-213-4-161.us-west-2.compute.amazonaws.com/wa/audio/" "Mozilla/5.0 (X11; Linux i686) AppleWebKit/537.36 (KHTML, like Gecko) Chrome/32.0.1700.102 Safari/537.36"
122.171.5.5 - - [28/Mar/2014:15:21:27 +0530] "GET /static/wa/arctic-sunset-css/js/jquery.chosen.min.js HTTP/1.1" 304 210 "http://ec2-54-213-4-161.us-west-2.compute.amazonaws.com/wa/audio/" "Mozilla/5.0 (X11; Linux i686) AppleWebKit/537.36 (KHTML, like Gecko) Chrome/32.0.1700.102 Safari/537.36"
122.171.5.5 - - [28/Mar/2014:09:51:28 +0000] "GET /static/wa/arctic-sunset-css/images/bg.png HTTP/1.1" 304 187 "http://ec2-54-213-4-161.us-west-2.compute.amazonaws.com/wa/" "Mozilla/5.0 (X11; Linux i686) AppleWebKit/537.36 (KHTML, like Gecko) Chrome/32.0.1700.102 Safari/537.36"
122.171.5.5 - - [28/Mar/2014:15:21:28 +0530] "GET /wa/audio/langBooks/?language=English HTTP/1.1" 500 4172 "http://ec2-54-213-4-161.us-west-2.compute.amazonaws.com/wa/audio/" "Mozilla/5.0 (X11; Linux i686) AppleWebKit/537.36 (KHTML, like Gecko) Chrome/32.0.1700.102 Safari/537.36"
122.171.5.5 - - [28/Mar/2014:15:21:28 +0530] "GET /wa/audio/langBooks/?language=Kannada HTTP/1.1" 500 4104 "http://ec2-54-213-4-161.us-west-2.compute.amazonaws.com/wa/audio/" "Mozilla/5.0 (X11; Linux i686) AppleWebKit/537.36 (KHTML, like Gecko) Chrome/32.0.1700.102 Safari/537.36"
122.171.5.5 - - [28/Mar/2014:15:21:28 +0530] "GET /wa/audio/langBooks/?language=Hindi HTTP/1.1" 500 4103 "http://ec2-54-213-4-161.us-west-2.compute.amazonaws.com/wa/audio/" "Mozilla/5.0 (X11; Linux i686) AppleWebKit/537.36 (KHTML, like Gecko) Chrome/32.0.1700.102 Safari/537.36"
127.0.0.1 - - [28/Mar/2014:15:21:36 +0530] "OPTIONS * HTTP/1.0" 200 126 "-" "Apache/2.2.22 (Ubuntu) (internal dummy connection)"
122.171.5.5 - - [28/Mar/2014:15:21:52 +0530] "GET /wa/audio/ HTTP/1.1" 200 1667 "http://ec2-54-213-4-161.us-west-2.compute.amazonaws.com/wa/uploadBook/" "Mozilla/5.0 (X11; Linux i686) AppleWebKit/537.36 (KHTML, like Gecko) Chrome/32.0.1700.102 Safari/537.36"
122.171.5.5 - - [28/Mar/2014:15:21:52 +0530] "GET /static/wa/arctic-sunset-css/js/libs/modernizr.min.js HTTP/1.1" 304 210 "http://ec2-54-213-4-161.us-west-2.compute.amazonaws.com/wa/audio/" "Mozilla/5.0 (X11; Linux i686) AppleWebKit/537.36 (KHTML, like Gecko) Chrome/32.0.1700.102 Safari/537.36"
122.171.5.5 - - [28/Mar/2014:15:21:52 +0530] "GET /static/wa/arctic-sunset-css/js/libs/jquery-1.10.0.js HTTP/1.1" 304 212 "http://ec2-54-213-4-161.us-west-2.compute.amazonaws.com/wa/audio/" "Mozilla/5.0 (X11; Linux i686) AppleWebKit/537.36 (KHTML, like Gecko) Chrome/32.0.1700.102 Safari/537.36"
122.171.5.5 - - [28/Mar/2014:15:21:52 +0530] "GET /static/wa/arctic-sunset-css/js/libs/jquery-ui.min.js HTTP/1.1" 304 212 "http://ec2-54-213-4-161.us-west-2.compute.amazonaws.com/wa/audio/" "Mozilla/5.0 (X11; Linux i686) AppleWebKit/537.36 (KHTML, like Gecko) Chrome/32.0.1700.102 Safari/537.36"
122.171.5.5 - - [28/Mar/2014:09:51:53 +0000] "GET /static/wa/arctic-sunset-css/js/libs/bootstrap.min.js HTTP/1.1" 304 211 "http://ec2-54-213-4-161.us-west-2.compute.amazonaws.com/wa/audio/" "Mozilla/5.0 (X11; Linux i686) AppleWebKit/537.36 (KHTML, like Gecko) Chrome/32.0.1700.102 Safari/537.36"
122.171.5.5 - - [28/Mar/2014:15:21:53 +0530] "GET /static/wa/arctic-sunset-css/css/bootstrap.css HTTP/1.1" 304 212 "http://ec2-54-213-4-161.us-west-2.compute.amazonaws.com/wa/uploadBook/" "Mozilla/5.0 (X11; Linux i686) AppleWebKit/537.36 (KHTML, like Gecko) Chrome/32.0.1700.102 Safari/537.36"
122.171.5.5 - - [28/Mar/2014:15:21:53 +0530] "GET /static/wa/arctic-sunset-css/style.css HTTP/1.1" 304 211 "http://ec2-54-213-4-161.us-west-2.compute.amazonaws.com/wa/uploadBook/" "Mozilla/5.0 (X11; Linux i686) AppleWebKit/537.36 (KHTML, like Gecko) Chrome/32.0.1700.102 Safari/537.36"
122.171.5.5 - - [28/Mar/2014:15:21:53 +0530] "GET /static/wa/arctic-sunset-css/css/simple-sidebar.css HTTP/1.1" 304 209 "http://ec2-54-213-4-161.us-west-2.compute.amazonaws.com/wa/uploadBook/" "Mozilla/5.0 (X11; Linux i686) AppleWebKit/537.36 (KHTML, like Gecko) Chrome/32.0.1700.102 Safari/537.36"
122.171.5.5 - - [28/Mar/2014:15:21:53 +0530] "GET /static/wa/arctic-sunset-css/css/chosen.css HTTP/1.1" 304 210 "http://ec2-54-213-4-161.us-west-2.compute.amazonaws.com/wa/uploadBook/" "Mozilla/5.0 (X11; Linux i686) AppleWebKit/537.36 (KHTML, like Gecko) Chrome/32.0.1700.102 Safari/537.36"
