122.172.26.178 - - [26/Mar/2014:21:10:08 +0530] "GET /scripts/getImage.php?filename=11/chunks/8/image.png HTTP/1.1" 200 18205 "http://54.213.4.161/wa/audio/11/" "Mozilla/5.0 (X11; Linux x86_64) AppleWebKit/537.36 (KHTML, like Gecko) Chrome/33.0.1750.152 Safari/537.36"
122.172.26.178 - - [26/Mar/2014:21:10:08 +0530] "GET /scripts/getImage.php?filename=11/chunks/9/image.png HTTP/1.1" 200 32906 "http://54.213.4.161/wa/audio/11/" "Mozilla/5.0 (X11; Linux x86_64) AppleWebKit/537.36 (KHTML, like Gecko) Chrome/33.0.1750.152 Safari/537.36"
122.172.26.178 - - [26/Mar/2014:21:10:14 +0530] "GET /wa/audio/11/5/ HTTP/1.1" 200 1668 "http://54.213.4.161/wa/audio/11/" "Mozilla/5.0 (X11; Linux x86_64) AppleWebKit/537.36 (KHTML, like Gecko) Chrome/33.0.1750.152 Safari/537.36"
122.172.26.178 - - [26/Mar/2014:21:10:15 +0530] "GET /scripts/getImage.php?filename=11/chunks/5/image.png HTTP/1.1" 200 24713 "http://54.213.4.161/wa/audio/11/5/" "Mozilla/5.0 (X11; Linux x86_64) AppleWebKit/537.36 (KHTML, like Gecko) Chrome/33.0.1750.152 Safari/537.36"
122.172.26.178 - - [26/Mar/2014:15:40:15 +0000] "GET /scripts/getAudio.php?filename=11/chunks/5/AudioFiles/1.wav HTTP/1.1" 206 407 "http://54.213.4.161/wa/audio/11/5/" "Mozilla/5.0 (X11; Linux x86_64) AppleWebKit/537.36 (KHTML, like Gecko) Chrome/33.0.1750.152 Safari/537.36"
122.172.26.178 - - [26/Mar/2014:15:40:19 +0000] "GET /scripts/getAudio.php?filename=11/chunks/5/AudioFiles/1.wav HTTP/1.1" 200 393 "http://54.213.4.161/wa/audio/11/5/" "Mozilla/5.0 (X11; Linux x86_64) AppleWebKit/537.36 (KHTML, like Gecko) Chrome/33.0.1750.152 Safari/537.36"
122.172.26.178 - - [26/Mar/2014:15:40:22 +0000] "GET /scripts/getAudio.php?filename=11/chunks/5/AudioFiles/1.wav HTTP/1.1" 206 406 "http://54.213.4.161/wa/audio/11/5/" "Mozilla/5.0 (X11; Linux x86_64) AppleWebKit/537.36 (KHTML, like Gecko) Chrome/33.0.1750.152 Safari/537.36"
122.172.26.178 - - [26/Mar/2014:15:40:27 +0000] "GET /scripts/getImage.php?filename=11/chunks/4/image.png HTTP/1.1" 200 19029 "http://54.213.4.161/wa/audio/11/" "Mozilla/5.0 (X11; Linux x86_64) AppleWebKit/537.36 (KHTML, like Gecko) Chrome/33.0.1750.152 Safari/537.36"
122.172.26.178 - - [26/Mar/2014:15:40:27 +0000] "GET /scripts/getImage.php?filename=11/chunks/5/image.png HTTP/1.1" 200 24714 "http://54.213.4.161/wa/audio/11/" "Mozilla/5.0 (X11; Linux x86_64) AppleWebKit/537.36 (KHTML, like Gecko) Chrome/33.0.1750.152 Safari/537.36"
122.172.26.178 - - [26/Mar/2014:21:10:27 +0530] "GET /scripts/getImage.php?filename=11/chunks/6/image.png HTTP/1.1" 200 27808 "http://54.213.4.161/wa/audio/11/" "Mozilla/5.0 (X11; Linux x86_64) AppleWebKit/537.36 (KHTML, like Gecko) Chrome/33.0.1750.152 Safari/537.36"
122.172.26.178 - - [26/Mar/2014:21:10:27 +0530] "GET /scripts/getImage.php?filename=11/chunks/8/image.png HTTP/1.1" 200 18205 "http://54.213.4.161/wa/audio/11/" "Mozilla/5.0 (X11; Linux x86_64) AppleWebKit/537.36 (KHTML, like Gecko) Chrome/33.0.1750.152 Safari/537.36"
122.172.26.178 - - [26/Mar/2014:21:10:27 +0530] "GET /scripts/getImage.php?filename=11/chunks/9/image.png HTTP/1.1" 200 32906 "http://54.213.4.161/wa/audio/11/" "Mozilla/5.0 (X11; Linux x86_64) AppleWebKit/537.36 (KHTML, like Gecko) Chrome/33.0.1750.152 Safari/537.36"
122.172.26.178 - - [26/Mar/2014:21:10:30 +0530] "GET /wa/audio/11/6/ HTTP/1.1" 200 1668 "http://54.213.4.161/wa/audio/11/" "Mozilla/5.0 (X11; Linux x86_64) AppleWebKit/537.36 (KHTML, like Gecko) Chrome/33.0.1750.152 Safari/537.36"
122.172.26.178 - - [26/Mar/2014:21:10:31 +0530] "GET /scripts/getImage.php?filename=11/chunks/6/image.png HTTP/1.1" 200 27807 "http://54.213.4.161/wa/audio/11/6/" "Mozilla/5.0 (X11; Linux x86_64) AppleWebKit/537.36 (KHTML, like Gecko) Chrome/33.0.1750.152 Safari/537.36"
122.172.26.178 - - [26/Mar/2014:21:10:31 +0530] "GET /scripts/getAudio.php?filename=11/chunks/6/AudioFiles/1.wav HTTP/1.1" 206 406 "http://54.213.4.161/wa/audio/11/6/" "Mozilla/5.0 (X11; Linux x86_64) AppleWebKit/537.36 (KHTML, like Gecko) Chrome/33.0.1750.152 Safari/537.36"
122.172.26.178 - - [26/Mar/2014:21:10:32 +0530] "GET /scripts/getImage.php?filename=11/chunks/6/image.png HTTP/1.1" 200 27807 "-" "Mozilla/5.0 (X11; Linux x86_64) AppleWebKit/537.36 (KHTML, like Gecko) Chrome/33.0.1750.152 Safari/537.36"
122.172.26.178 - - [26/Mar/2014:15:40:35 +0000] "GET /scripts/getImage.php?filename=11/chunks/5/image.png HTTP/1.1" 200 24714 "http://54.213.4.161/wa/audio/11/" "Mozilla/5.0 (X11; Linux x86_64) AppleWebKit/537.36 (KHTML, like Gecko) Chrome/33.0.1750.152 Safari/537.36"
122.172.26.178 - - [26/Mar/2014:21:10:35 +0530] "GET /scripts/getImage.php?filename=11/chunks/4/image.png HTTP/1.1" 200 19030 "http://54.213.4.161/wa/audio/11/" "Mozilla/5.0 (X11; Linux x86_64) AppleWebKit/537.36 (KHTML, like Gecko) Chrome/33.0.1750.152 Safari/537.36"
122.172.26.178 - - [26/Mar/2014:21:10:35 +0530] "GET /scripts/getImage.php?filename=11/chunks/6/image.png HTTP/1.1" 200 27807 "http://54.213.4.161/wa/audio/11/" "Mozilla/5.0 (X11; Linux x86_64) AppleWebKit/537.36 (KHTML, like Gecko) Chrome/33.0.1750.152 Safari/537.36"
122.172.26.178 - - [26/Mar/2014:21:10:38 +0530] "GET /scripts/getImage.php?filename=11/chunks/8/image.png HTTP/1.1" 200 18205 "http://54.213.4.161/wa/audio/11/" "Mozilla/5.0 (X11; Linux x86_64) AppleWebKit/537.36 (KHTML, like Gecko) Chrome/33.0.1750.152 Safari/537.36"
122.172.26.178 - - [26/Mar/2014:21:10:38 +0530] "GET /scripts/getImage.php?filename=11/chunks/9/image.png HTTP/1.1" 200 32906 "http://54.213.4.161/wa/audio/11/" "Mozilla/5.0 (X11; Linux x86_64) AppleWebKit/537.36 (KHTML, like Gecko) Chrome/33.0.1750.152 Safari/537.36"
122.172.26.178 - - [26/Mar/2014:21:10:39 +0530] "GET /wa/audio/11/8/ HTTP/1.1" 200 1669 "http://54.213.4.161/wa/audio/11/" "Mozilla/5.0 (X11; Linux x86_64) AppleWebKit/537.36 (KHTML, like Gecko) Chrome/33.0.1750.152 Safari/537.36"
122.172.26.178 - - [26/Mar/2014:21:10:40 +0530] "GET /scripts/getImage.php?filename=11/chunks/8/image.png HTTP/1.1" 200 18204 "http://54.213.4.161/wa/audio/11/8/" "Mozilla/5.0 (X11; Linux x86_64) AppleWebKit/537.36 (KHTML, like Gecko) Chrome/33.0.1750.152 Safari/537.36"
122.172.26.178 - - [26/Mar/2014:21:10:40 +0530] "GET /scripts/getAudio.php?filename=11/chunks/8/AudioFiles/1.wav HTTP/1.1" 206 406 "http://54.213.4.161/wa/audio/11/8/" "Mozilla/5.0 (X11; Linux x86_64) AppleWebKit/537.36 (KHTML, like Gecko) Chrome/33.0.1750.152 Safari/537.36"
122.172.26.178 - - [26/Mar/2014:21:10:43 +0530] "GET /scripts/getImage.php?filename=11/chunks/4/image.png HTTP/1.1" 200 19029 "http://54.213.4.161/wa/audio/11/" "Mozilla/5.0 (X11; Linux x86_64) AppleWebKit/537.36 (KHTML, like Gecko) Chrome/33.0.1750.152 Safari/537.36"
122.172.26.178 - - [26/Mar/2014:21:10:43 +0530] "GET /scripts/getImage.php?filename=11/chunks/5/image.png HTTP/1.1" 200 24713 "http://54.213.4.161/wa/audio/11/" "Mozilla/5.0 (X11; Linux x86_64) AppleWebKit/537.36 (KHTML, like Gecko) Chrome/33.0.1750.152 Safari/537.36"
122.172.26.178 - - [26/Mar/2014:21:10:43 +0530] "GET /scripts/getImage.php?filename=11/chunks/6/image.png HTTP/1.1" 200 27808 "http://54.213.4.161/wa/audio/11/" "Mozilla/5.0 (X11; Linux x86_64) AppleWebKit/537.36 (KHTML, like Gecko) Chrome/33.0.1750.152 Safari/537.36"
122.172.26.178 - - [26/Mar/2014:21:10:43 +0530] "GET /scripts/getImage.php?filename=11/chunks/8/image.png HTTP/1.1" 200 18205 "http://54.213.4.161/wa/audio/11/" "Mozilla/5.0 (X11; Linux x86_64) AppleWebKit/537.36 (KHTML, like Gecko) Chrome/33.0.1750.152 Safari/537.36"
122.172.26.178 - - [26/Mar/2014:21:10:43 +0530] "GET /scripts/getImage.php?filename=11/chunks/9/image.png HTTP/1.1" 200 32905 "http://54.213.4.161/wa/audio/11/" "Mozilla/5.0 (X11; Linux x86_64) AppleWebKit/537.36 (KHTML, like Gecko) Chrome/33.0.1750.152 Safari/537.36"
222.35.16.27 - - [26/Mar/2014:21:31:41 +0530] "HEAD /manager/html HTTP/1.0" 404 191 "-" "-"
173.244.206.13 - - [27/Mar/2014:00:08:24 +0530] "GET / HTTP/1.0" 404 2226 "-" "masscan/1.0 (https://github.com/robertdavidgraham/masscan)"
162.213.24.36 - - [27/Mar/2014:02:38:21 +0530] "GET /xmlrpc.php HTTP/1.0" 404 2220 "-" "-"
109.68.190.145 - - [27/Mar/2014:05:09:19 +0530] "GET / HTTP/1.0" 404 2226 "-" "masscan/1.0 (https://github.com/robertdavidgraham/masscan)"
5.10.83.76 - - [27/Mar/2014:05:55:12 +0530] "GET /robots.txt HTTP/1.1" 404 1166 "-" "Mozilla/5.0 (compatible; AhrefsBot/5.0; +http://ahrefs.com/robot/)"
91.209.12.43 - - [27/Mar/2014:10:05:20 +0530] "GET / HTTP/1.1" 404 2211 "-" "-"
72.9.104.242 - - [27/Mar/2014:13:46:29 +0530] "POST /cgi-bin/php/%63%67%69%6E/%70%68%70?%2D%64+%61%6C%75%6F%6E+%2D%64+%6D%6F%64+%2D%64+%73%75%68%6F%6E%3D%6F%6E+%2D%64+%75%6E%63%74%73%3D%22%22+%2D%64+%64%6E%65+%2D%64+%61%75%74%6F%5F%70%72%%74+%2D%64+%63%67%69%2E%66%6F%72%63%65%5F%72%65%64%69%72%65%63%74%3D%30+%2D%64+%74%5F%3D%30+%2D%64+%75%74+%2D%6E HTTP/1.1" 404 2532 "-" "-"
72.9.104.242 - - [27/Mar/2014:13:46:29 +0530] "POST /cgi-bin/php5/%63%67%69%6E/%70%68%70?%2D%64+%61%6C%75%6F%6E+%2D%64+%6D%6F%64+%2D%64+%73%75%68%6F%6E%3D%6F%6E+%2D%64+%75%6E%63%74%73%3D%22%22+%2D%64+%64%6E%65+%2D%64+%61%75%74%6F%5F%70%72%%74+%2D%64+%63%67%69%2E%66%6F%72%63%65%5F%72%65%64%69%72%65%63%74%3D%30+%2D%64+%74%5F%3D%30+%2D%64+%75%74+%2D%6E HTTP/1.1" 404 2535 "-" "-"
72.9.104.242 - - [27/Mar/2014:13:46:29 +0530] "POST /cgi-bin/php-cgi/%63%67%69%6E/%70%68%70?%2D%64+%61%6C%75%6F%6E+%2D%64+%6D%6F%64+%2D%64+%73%75%68%6F%6E%3D%6F%6E+%2D%64+%75%6E%63%74%73%3D%22%22+%2D%64+%64%6E%65+%2D%64+%61%75%74%6F%5F%70%72%%74+%2D%64+%63%67%69%2E%66%6F%72%63%65%5F%72%65%64%69%72%65%63%74%3D%30+%2D%64+%74%5F%3D%30+%2D%64+%75%74+%2D%6E HTTP/1.1" 404 2544 "-" "-"
72.9.104.242 - - [27/Mar/2014:13:46:29 +0530] "POST /cgi-bin/php.cgi/%63%67%69%6E/%70%68%70?%2D%64+%61%6C%75%6F%6E+%2D%64+%6D%6F%64+%2D%64+%73%75%68%6F%6E%3D%6F%6E+%2D%64+%75%6E%63%74%73%3D%22%22+%2D%64+%64%6E%65+%2D%64+%61%75%74%6F%5F%70%72%%74+%2D%64+%63%67%69%2E%66%6F%72%63%65%5F%72%65%64%69%72%65%63%74%3D%30+%2D%64+%74%5F%3D%30+%2D%64+%75%74+%2D%6E HTTP/1.1" 404 2544 "-" "-"
72.9.104.242 - - [27/Mar/2014:13:46:29 +0530] "POST /cgi-bin/php4/%63%67%69%6E/%70%68%70?%2D%64+%61%6C%75%6F%6E+%2D%64+%6D%6F%64+%2D%64+%73%75%68%6F%6E%3D%6F%6E+%2D%64+%75%6E%63%74%73%3D%22%22+%2D%64+%64%6E%65+%2D%64+%61%75%74%6F%5F%70%72%%74+%2D%64+%63%67%69%2E%66%6F%72%63%65%5F%72%65%64%69%72%65%63%74%3D%30+%2D%64+%74%5F%3D%30+%2D%64+%75%74+%2D%6E HTTP/1.1" 404 2535 "-" "-"
72.9.104.242 - - [27/Mar/2014:13:46:30 +0530] "POST //%63%67%69%2d%62%69%6e/%70%68%70?%2d%64+%61%6c%6c%6f%77%5f%75%72%6c%5f%69%6e%63%6c%75%64%65%3d%6f%6e+%2d%64+%73%61%66%65%5f%6d%6f%64%65%3d%6f%66%66+%2d%64+%73%75%68%6f%73%69%6e%2e%73%69%6d%75%6c%61%74%69%6f%6e%3d%6f%6e+%2d%64+%64%69%73%61%62%6c%65%5f%66%75%6e%63%74%69%6f%6e%73%3d%22%22+%2d%64+%6f%70%65%6e%5f%62%61%73%65%64%69%72%3d%6e%6f%6e%65+%2d%64+%61%75%74%6f%5f%70%72%65%70%65%6e%64%5f%66%69%6c%65%3d%70%68%70%3a%2f%2f%69%6e%70%75%74+%2d%64+%63%67%69%2e%66%6f%72%63%65%5f%72%65%64%69%72%65%63%74%3d%30+%2d%64+%63%67%69%2e%72%65%64%69%72%65%63%74%5f%73%74%61%74%75%73%5f%65%6e%76%3d%30+%2d%64+%61%75%74%6f%5f%70%72%65%70%65%6e%64%5f%66%69%6c%65%3d%70%68%70%3a%2f%2f%69%6e%70%75%74+%2d%6e HTTP/1.1" 404 2896 "-" "-"
185.4.227.194 - - [27/Mar/2014:15:56:44 +0530] "GET http://24x7-allrequestsallowed.com/?PHPSESSID=1rmsxtj500143TVMVWU_C%5CE%5EU HTTP/1.1" 404 2266 "-" "-"
192.74.250.81 - - [27/Mar/2014:16:55:02 +0530] "GET /manager/html HTTP/1.1" 404 2247 "-" "Mozilla/3.0 (compatible; Indy Library)"
213.194.159.34 - - [27/Mar/2014:18:31:26 +0530] "HEAD / HTTP/1.0" 404 187 "-" "-"
72.9.104.242 - - [27/Mar/2014:19:04:28 +0530] "POST //%63%67%69%2d%62%69%6e/%70%68%70?%2d%64+%61%6c%6c%6f%77%5f%75%72%6c%5f%69%6e%63%6c%75%64%65%3d%6f%6e+%2d%64+%73%61%66%65%5f%6d%6f%64%65%3d%6f%66%66+%2d%64+%73%75%68%6f%73%69%6e%2e%73%69%6d%75%6c%61%74%69%6f%6e%3d%6f%6e+%2d%64+%64%69%73%61%62%6c%65%5f%66%75%6e%63%74%69%6f%6e%73%3d%22%22+%2d%64+%6f%70%65%6e%5f%62%61%73%65%64%69%72%3d%6e%6f%6e%65+%2d%64+%61%75%74%6f%5f%70%72%65%70%65%6e%64%5f%66%69%6c%65%3d%70%68%70%3a%2f%2f%69%6e%70%75%74+%2d%64+%63%67%69%2e%66%6f%72%63%65%5f%72%65%64%69%72%65%63%74%3d%30+%2d%64+%63%67%69%2e%72%65%64%69%72%65%63%74%5f%73%74%61%74%75%73%5f%65%6e%76%3d%30+%2d%64+%61%75%74%6f%5f%70%72%65%70%65%6e%64%5f%66%69%6c%65%3d%70%68%70%3a%2f%2f%69%6e%70%75%74+%2d%6e HTTP/1.1" 404 2896 "-" "-"
72.9.104.242 - - [27/Mar/2014:19:04:28 +0530] "POST /cgi-bin/php/%63%67%69%6E/%70%68%70?%2D%64+%61%6C%75%6F%6E+%2D%64+%6D%6F%64+%2D%64+%73%75%68%6F%6E%3D%6F%6E+%2D%64+%75%6E%63%74%73%3D%22%22+%2D%64+%64%6E%65+%2D%64+%61%75%74%6F%5F%70%72%%74+%2D%64+%63%67%69%2E%66%6F%72%63%65%5F%72%65%64%69%72%65%63%74%3D%30+%2D%64+%74%5F%3D%30+%2D%64+%75%74+%2D%6E HTTP/1.1" 404 2532 "-" "-"
72.9.104.242 - - [27/Mar/2014:19:04:28 +0530] "POST /cgi-bin/php5/%63%67%69%6E/%70%68%70?%2D%64+%61%6C%75%6F%6E+%2D%64+%6D%6F%64+%2D%64+%73%75%68%6F%6E%3D%6F%6E+%2D%64+%75%6E%63%74%73%3D%22%22+%2D%64+%64%6E%65+%2D%64+%61%75%74%6F%5F%70%72%%74+%2D%64+%63%67%69%2E%66%6F%72%63%65%5F%72%65%64%69%72%65%63%74%3D%30+%2D%64+%74%5F%3D%30+%2D%64+%75%74+%2D%6E HTTP/1.1" 404 2535 "-" "-"
72.9.104.242 - - [27/Mar/2014:19:04:28 +0530] "POST /cgi-bin/php-cgi/%63%67%69%6E/%70%68%70?%2D%64+%61%6C%75%6F%6E+%2D%64+%6D%6F%64+%2D%64+%73%75%68%6F%6E%3D%6F%6E+%2D%64+%75%6E%63%74%73%3D%22%22+%2D%64+%64%6E%65+%2D%64+%61%75%74%6F%5F%70%72%%74+%2D%64+%63%67%69%2E%66%6F%72%63%65%5F%72%65%64%69%72%65%63%74%3D%30+%2D%64+%74%5F%3D%30+%2D%64+%75%74+%2D%6E HTTP/1.1" 404 2544 "-" "-"
72.9.104.242 - - [27/Mar/2014:19:04:28 +0530] "POST /cgi-bin/php.cgi/%63%67%69%6E/%70%68%70?%2D%64+%61%6C%75%6F%6E+%2D%64+%6D%6F%64+%2D%64+%73%75%68%6F%6E%3D%6F%6E+%2D%64+%75%6E%63%74%73%3D%22%22+%2D%64+%64%6E%65+%2D%64+%61%75%74%6F%5F%70%72%%74+%2D%64+%63%67%69%2E%66%6F%72%63%65%5F%72%65%64%69%72%65%63%74%3D%30+%2D%64+%74%5F%3D%30+%2D%64+%75%74+%2D%6E HTTP/1.1" 404 2544 "-" "-"
72.9.104.242 - - [27/Mar/2014:19:04:28 +0530] "POST /cgi-bin/php4/%63%67%69%6E/%70%68%70?%2D%64+%61%6C%75%6F%6E+%2D%64+%6D%6F%64+%2D%64+%73%75%68%6F%6E%3D%6F%6E+%2D%64+%75%6E%63%74%73%3D%22%22+%2D%64+%64%6E%65+%2D%64+%61%75%74%6F%5F%70%72%%74+%2D%64+%63%67%69%2E%66%6F%72%63%65%5F%72%65%64%69%72%65%63%74%3D%30+%2D%64+%74%5F%3D%30+%2D%64+%75%74+%2D%6E HTTP/1.1" 404 2535 "-" "-"
183.60.202.62 - - [27/Mar/2014:19:28:08 +0530] "GET /manager/html HTTP/1.1" 404 2247 "-" "Mozilla/3.0 (compatible; Indy Library)"
112.91.178.22 - - [27/Mar/2014:19:29:45 +0530] "HEAD / HTTP/1.0" 404 187 "-" "-"
157.55.35.46 - - [27/Mar/2014:19:47:21 +0530] "GET /robots.txt HTTP/1.1" 404 2297 "-" "Mozilla/5.0 (compatible; bingbot/2.0; +http://www.bing.com/bingbot.htm)"
157.55.35.46 - - [27/Mar/2014:20:05:16 +0530] "GET / HTTP/1.1" 404 1213 "-" "Mozilla/5.0 (compatible; bingbot/2.0; +http://www.bing.com/bingbot.htm)"
157.55.35.46 - - [27/Mar/2014:20:05:16 +0530] "GET / HTTP/1.1" 404 1212 "-" "Mozilla/5.0 (compatible; bingbot/2.0; +http://www.bing.com/bingbot.htm)"
192.75.88.52 - - [27/Mar/2014:21:40:09 +0530] "HEAD / HTTP/1.0" 404 187 "-" "-"
173.244.206.19 - - [27/Mar/2014:23:29:43 +0530] "GET / HTTP/1.0" 404 2226 "-" "masscan/1.0 (https://github.com/robertdavidgraham/masscan)"
122.172.37.106 - - [28/Mar/2014:07:57:24 +0530] "GET /wa HTTP/1.1" 301 350 "-" "Mozilla/5.0 (X11; Linux x86_64) AppleWebKit/537.36 (KHTML, like Gecko) Chrome/33.0.1750.152 Safari/537.36"
122.172.37.106 - - [28/Mar/2014:07:57:25 +0530] "GET /wa/ HTTP/1.1" 302 348 "-" "Mozilla/5.0 (X11; Linux x86_64) AppleWebKit/537.36 (KHTML, like Gecko) Chrome/33.0.1750.152 Safari/537.36"
122.172.37.106 - - [28/Mar/2014:07:57:25 +0530] "GET /wa/home/ HTTP/1.1" 200 1081 "-" "Mozilla/5.0 (X11; Linux x86_64) AppleWebKit/537.36 (KHTML, like Gecko) Chrome/33.0.1750.152 Safari/537.36"
122.172.37.106 - - [28/Mar/2014:07:57:25 +0530] "GET /static/wa/arctic-sunset-css/js/libs/modernizr.min.js HTTP/1.1" 304 210 "http://54.213.4.161/wa/home/" "Mozilla/5.0 (X11; Linux x86_64) AppleWebKit/537.36 (KHTML, like Gecko) Chrome/33.0.1750.152 Safari/537.36"
122.172.37.106 - - [28/Mar/2014:07:57:25 +0530] "GET /static/wa/arctic-sunset-css/js/libs/jquery-1.10.0.js HTTP/1.1" 304 212 "http://54.213.4.161/wa/home/" "Mozilla/5.0 (X11; Linux x86_64) AppleWebKit/537.36 (KHTML, like Gecko) Chrome/33.0.1750.152 Safari/537.36"
122.172.37.106 - - [28/Mar/2014:07:57:25 +0530] "GET /static/wa/arctic-sunset-css/js/libs/jquery-ui.min.js HTTP/1.1" 304 212 "http://54.213.4.161/wa/home/" "Mozilla/5.0 (X11; Linux x86_64) AppleWebKit/537.36 (KHTML, like Gecko) Chrome/33.0.1750.152 Safari/537.36"
122.172.37.106 - - [28/Mar/2014:07:57:25 +0530] "GET /static/wa/arctic-sunset-css/js/libs/bootstrap.min.js HTTP/1.1" 304 211 "http://54.213.4.161/wa/home/" "Mozilla/5.0 (X11; Linux x86_64) AppleWebKit/537.36 (KHTML, like Gecko) Chrome/33.0.1750.152 Safari/537.36"
122.172.37.106 - - [28/Mar/2014:07:57:25 +0530] "GET /static/wa/arctic-sunset-css/css/bootstrap.css HTTP/1.1" 304 212 "http://54.213.4.161/wa/home/" "Mozilla/5.0 (X11; Linux x86_64) AppleWebKit/537.36 (KHTML, like Gecko) Chrome/33.0.1750.152 Safari/537.36"
122.172.37.106 - - [28/Mar/2014:07:57:26 +0530] "GET /static/wa/arctic-sunset-css/style.css HTTP/1.1" 304 211 "http://54.213.4.161/wa/home/" "Mozilla/5.0 (X11; Linux x86_64) AppleWebKit/537.36 (KHTML, like Gecko) Chrome/33.0.1750.152 Safari/537.36"
122.172.37.106 - - [28/Mar/2014:07:57:26 +0530] "GET /static/wa/arctic-sunset-css/css/simple-sidebar.css HTTP/1.1" 304 209 "http://54.213.4.161/wa/home/" "Mozilla/5.0 (X11; Linux x86_64) AppleWebKit/537.36 (KHTML, like Gecko) Chrome/33.0.1750.152 Safari/537.36"
122.172.37.106 - - [28/Mar/2014:07:57:26 +0530] "GET /static/wa/arctic-sunset-css/css/chosen.css HTTP/1.1" 304 210 "http://54.213.4.161/wa/home/" "Mozilla/5.0 (X11; Linux x86_64) AppleWebKit/537.36 (KHTML, like Gecko) Chrome/33.0.1750.152 Safari/537.36"
122.172.37.106 - - [28/Mar/2014:07:57:26 +0530] "GET /static/wa/arctic-sunset-css/css/cusel.css HTTP/1.1" 304 210 "http://54.213.4.161/wa/home/" "Mozilla/5.0 (X11; Linux x86_64) AppleWebKit/537.36 (KHTML, like Gecko) Chrome/33.0.1750.152 Safari/537.36"
122.172.37.106 - - [28/Mar/2014:07:57:26 +0530] "GET /static/wa/arctic-sunset-css/js/general.js HTTP/1.1" 304 210 "http://54.213.4.161/wa/home/" "Mozilla/5.0 (X11; Linux x86_64) AppleWebKit/537.36 (KHTML, like Gecko) Chrome/33.0.1750.152 Safari/537.36"
122.172.37.106 - - [28/Mar/2014:07:57:26 +0530] "GET /static/wa/arctic-sunset-css/images/bg.png HTTP/1.1" 304 187 "http://54.213.4.161/wa/home/" "Mozilla/5.0 (X11; Linux x86_64) AppleWebKit/537.36 (KHTML, like Gecko) Chrome/33.0.1750.152 Safari/537.36"
122.172.37.106 - - [28/Mar/2014:07:57:32 +0530] "GET /wa/myprofile/ HTTP/1.1" 200 1290 "http://54.213.4.161/wa/home/" "Mozilla/5.0 (X11; Linux x86_64) AppleWebKit/537.36 (KHTML, like Gecko) Chrome/33.0.1750.152 Safari/537.36"
122.172.37.106 - - [28/Mar/2014:07:57:33 +0530] "GET /static/wa/js/jquery.js HTTP/1.1" 304 211 "http://54.213.4.161/wa/myprofile/" "Mozilla/5.0 (X11; Linux x86_64) AppleWebKit/537.36 (KHTML, like Gecko) Chrome/33.0.1750.152 Safari/537.36"
122.172.37.106 - - [28/Mar/2014:07:57:33 +0530] "GET /static/wa/js/userContributionDetails.js HTTP/1.1" 200 1213 "http://54.213.4.161/wa/myprofile/" "Mozilla/5.0 (X11; Linux x86_64) AppleWebKit/537.36 (KHTML, like Gecko) Chrome/33.0.1750.152 Safari/537.36"
122.172.37.106 - - [28/Mar/2014:07:57:37 +0530] "GET /wa/userDetailsLangwise/?category=re HTTP/1.1" 404 1639 "http://54.213.4.161/wa/myprofile/" "Mozilla/5.0 (X11; Linux x86_64) AppleWebKit/537.36 (KHTML, like Gecko) Chrome/33.0.1750.152 Safari/537.36"
122.172.37.106 - - [28/Mar/2014:07:57:39 +0530] "GET /wa/userDetailsLangwise/?category=re HTTP/1.1" 404 1639 "http://54.213.4.161/wa/myprofile/" "Mozilla/5.0 (X11; Linux x86_64) AppleWebKit/537.36 (KHTML, like Gecko) Chrome/33.0.1750.152 Safari/537.36"
122.172.37.106 - - [28/Mar/2014:07:57:40 +0530] "GET /wa/userDetailsLangwise/?category=re HTTP/1.1" 404 1639 "http://54.213.4.161/wa/myprofile/" "Mozilla/5.0 (X11; Linux x86_64) AppleWebKit/537.36 (KHTML, like Gecko) Chrome/33.0.1750.152 Safari/537.36"
127.0.0.1 - - [28/Mar/2014:07:57:47 +0530] "OPTIONS * HTTP/1.0" 200 126 "-" "Apache/2.2.22 (Ubuntu) (internal dummy connection)"
122.172.37.106 - - [28/Mar/2014:07:57:55 +0530] "GET /wa/userDetailsLangwise/?category=re HTTP/1.1" 404 1640 "-" "Mozilla/5.0 (X11; Linux x86_64) AppleWebKit/537.36 (KHTML, like Gecko) Chrome/33.0.1750.152 Safari/537.36"
122.172.37.106 - - [28/Mar/2014:08:36:20 +0530] "GET /wa/userDetailsLangwise/?category=re HTTP/1.1" 500 640 "-" "Mozilla/5.0 (X11; Linux x86_64) AppleWebKit/537.36 (KHTML, like Gecko) Chrome/33.0.1750.152 Safari/537.36"
122.172.37.106 - - [28/Mar/2014:08:36:26 +0530] "GET /wa/ HTTP/1.1" 500 640 "-" "Mozilla/5.0 (X11; Linux x86_64) AppleWebKit/537.36 (KHTML, like Gecko) Chrome/33.0.1750.152 Safari/537.36"
127.0.0.1 - - [28/Mar/2014:03:06:40 +0000] "OPTIONS * HTTP/1.0" 200 126 "-" "Apache/2.2.22 (Ubuntu) (internal dummy connection)"
127.0.0.1 - - [28/Mar/2014:03:06:41 +0000] "OPTIONS * HTTP/1.0" 200 126 "-" "Apache/2.2.22 (Ubuntu) (internal dummy connection)"
122.172.37.106 - - [28/Mar/2014:08:37:28 +0530] "GET /wa/ HTTP/1.1" 500 640 "-" "Mozilla/5.0 (X11; Linux x86_64) AppleWebKit/537.36 (KHTML, like Gecko) Chrome/33.0.1750.152 Safari/537.36"
122.172.37.106 - - [28/Mar/2014:08:39:08 +0530] "GET /wa/ HTTP/1.1" 302 349 "-" "Mozilla/5.0 (X11; Linux x86_64) AppleWebKit/537.36 (KHTML, like Gecko) Chrome/33.0.1750.152 Safari/537.36"
122.172.37.106 - - [28/Mar/2014:08:39:10 +0530] "GET /wa/home HTTP/1.1" 301 354 "-" "Mozilla/5.0 (X11; Linux x86_64) AppleWebKit/537.36 (KHTML, like Gecko) Chrome/33.0.1750.152 Safari/537.36"
122.172.37.106 - - [28/Mar/2014:08:39:10 +0530] "GET /wa/home/ HTTP/1.1" 200 1081 "-" "Mozilla/5.0 (X11; Linux x86_64) AppleWebKit/537.36 (KHTML, like Gecko) Chrome/33.0.1750.152 Safari/537.36"
122.172.37.106 - - [28/Mar/2014:08:39:13 +0530] "GET /wa/logout HTTP/1.1" 301 356 "http://54.213.4.161/wa/home/" "Mozilla/5.0 (X11; Linux x86_64) AppleWebKit/537.36 (KHTML, like Gecko) Chrome/33.0.1750.152 Safari/537.36"
122.172.37.106 - - [28/Mar/2014:08:39:14 +0530] "GET /wa/logout/ HTTP/1.1" 302 474 "http://54.213.4.161/wa/home/" "Mozilla/5.0 (X11; Linux x86_64) AppleWebKit/537.36 (KHTML, like Gecko) Chrome/33.0.1750.152 Safari/537.36"
122.172.37.106 - - [28/Mar/2014:08:39:14 +0530] "GET /wa HTTP/1.1" 301 349 "http://54.213.4.161/wa/home/" "Mozilla/5.0 (X11; Linux x86_64) AppleWebKit/537.36 (KHTML, like Gecko) Chrome/33.0.1750.152 Safari/537.36"
122.172.37.106 - - [28/Mar/2014:08:39:14 +0530] "GET /wa/ HTTP/1.1" 200 1704 "http://54.213.4.161/wa/home/" "Mozilla/5.0 (X11; Linux x86_64) AppleWebKit/537.36 (KHTML, like Gecko) Chrome/33.0.1750.152 Safari/537.36"
122.172.37.106 - - [28/Mar/2014:08:39:15 +0530] "GET /static/wa/arctic-sunset-css/js/jquery.chosen.min.js HTTP/1.1" 304 210 "http://54.213.4.161/wa/" "Mozilla/5.0 (X11; Linux x86_64) AppleWebKit/537.36 (KHTML, like Gecko) Chrome/33.0.1750.152 Safari/537.36"
122.172.37.106 - - [28/Mar/2014:08:39:15 +0530] "GET /static/wa/arctic-sunset-css/images/ribbons-shadow.png HTTP/1.1" 304 187 "http://54.213.4.161/wa/" "Mozilla/5.0 (X11; Linux x86_64) AppleWebKit/537.36 (KHTML, like Gecko) Chrome/33.0.1750.152 Safari/537.36"
122.172.37.106 - - [28/Mar/2014:03:09:15 +0000] "GET /static/wa/arctic-sunset-css/images/ribbons.png HTTP/1.1" 304 188 "http://54.213.4.161/wa/" "Mozilla/5.0 (X11; Linux x86_64) AppleWebKit/537.36 (KHTML, like Gecko) Chrome/33.0.1750.152 Safari/537.36"
122.172.37.106 - - [28/Mar/2014:03:09:15 +0000] "GET /static/wa/arctic-sunset-css/images/box_bg_bot.jpg HTTP/1.1" 304 187 "http://54.213.4.161/wa/" "Mozilla/5.0 (X11; Linux x86_64) AppleWebKit/537.36 (KHTML, like Gecko) Chrome/33.0.1750.152 Safari/537.36"
122.172.37.106 - - [28/Mar/2014:03:09:15 +0000] "GET /static/wa/arctic-sunset-css/images/buttons.png HTTP/1.1" 304 188 "http://54.213.4.161/wa/" "Mozilla/5.0 (X11; Linux x86_64) AppleWebKit/537.36 (KHTML, like Gecko) Chrome/33.0.1750.152 Safari/537.36"
122.172.37.106 - - [28/Mar/2014:08:39:20 +0530] "POST /wa/auth/ HTTP/1.1" 302 601 "http://54.213.4.161/wa/" "Mozilla/5.0 (X11; Linux x86_64) AppleWebKit/537.36 (KHTML, like Gecko) Chrome/33.0.1750.152 Safari/537.36"
122.172.37.106 - - [28/Mar/2014:08:39:21 +0530] "GET /wa/home HTTP/1.1" 301 354 "http://54.213.4.161/wa/" "Mozilla/5.0 (X11; Linux x86_64) AppleWebKit/537.36 (KHTML, like Gecko) Chrome/33.0.1750.152 Safari/537.36"
122.172.37.106 - - [28/Mar/2014:08:39:21 +0530] "GET /wa/home/ HTTP/1.1" 200 1081 "http://54.213.4.161/wa/" "Mozilla/5.0 (X11; Linux x86_64) AppleWebKit/537.36 (KHTML, like Gecko) Chrome/33.0.1750.152 Safari/537.36"
127.0.0.1 - - [28/Mar/2014:03:09:22 +0000] "OPTIONS * HTTP/1.0" 200 126 "-" "Apache/2.2.22 (Ubuntu) (internal dummy connection)"
122.172.37.106 - - [28/Mar/2014:08:39:24 +0530] "GET /wa/myprofile/ HTTP/1.1" 200 1289 "http://54.213.4.161/wa/home/" "Mozilla/5.0 (X11; Linux x86_64) AppleWebKit/537.36 (KHTML, like Gecko) Chrome/33.0.1750.152 Safari/537.36"
122.172.37.106 - - [28/Mar/2014:08:39:24 +0530] "GET /static/wa/js/userContributionDetails.js HTTP/1.1" 304 209 "http://54.213.4.161/wa/myprofile/" "Mozilla/5.0 (X11; Linux x86_64) AppleWebKit/537.36 (KHTML, like Gecko) Chrome/33.0.1750.152 Safari/537.36"
122.172.37.106 - - [28/Mar/2014:08:39:26 +0530] "GET /wa/userDetailsLangwise/?category=re HTTP/1.1" 200 384 "http://54.213.4.161/wa/myprofile/" "Mozilla/5.0 (X11; Linux x86_64) AppleWebKit/537.36 (KHTML, like Gecko) Chrome/33.0.1750.152 Safari/537.36"
122.172.37.106 - - [28/Mar/2014:08:39:28 +0530] "GET /wa/userDetailsLangwise/?category=up HTTP/1.1" 200 385 "http://54.213.4.161/wa/myprofile/" "Mozilla/5.0 (X11; Linux x86_64) AppleWebKit/537.36 (KHTML, like Gecko) Chrome/33.0.1750.152 Safari/537.36"
122.172.37.106 - - [28/Mar/2014:08:39:32 +0530] "GET /wa/audio HTTP/1.1" 301 355 "http://54.213.4.161/wa/myprofile/" "Mozilla/5.0 (X11; Linux x86_64) AppleWebKit/537.36 (KHTML, like Gecko) Chrome/33.0.1750.152 Safari/537.36"
122.172.37.106 - - [28/Mar/2014:08:39:33 +0530] "GET /wa/audio/ HTTP/1.1" 200 1627 "http://54.213.4.161/wa/myprofile/" "Mozilla/5.0 (X11; Linux x86_64) AppleWebKit/537.36 (KHTML, like Gecko) Chrome/33.0.1750.152 Safari/537.36"
122.172.37.106 - - [28/Mar/2014:08:39:33 +0530] "GET /static/wa/js/audio.js HTTP/1.1" 200 1190 "http://54.213.4.161/wa/audio/" "Mozilla/5.0 (X11; Linux x86_64) AppleWebKit/537.36 (KHTML, like Gecko) Chrome/33.0.1750.152 Safari/537.36"
122.172.37.106 - - [28/Mar/2014:08:39:33 +0530] "GET /wa/audio/langBooks/?language=English HTTP/1.1" 500 4520 "http://54.213.4.161/wa/audio/" "Mozilla/5.0 (X11; Linux x86_64) AppleWebKit/537.36 (KHTML, like Gecko) Chrome/33.0.1750.152 Safari/537.36"
122.172.37.106 - - [28/Mar/2014:08:39:34 +0530] "GET /wa/audio/langBooks/?language=Kannada HTTP/1.1" 500 4525 "http://54.213.4.161/wa/audio/" "Mozilla/5.0 (X11; Linux x86_64) AppleWebKit/537.36 (KHTML, like Gecko) Chrome/33.0.1750.152 Safari/537.36"
127.0.0.1 - - [28/Mar/2014:03:09:36 +0000] "OPTIONS * HTTP/1.0" 200 126 "-" "Apache/2.2.22 (Ubuntu) (internal dummy connection)"
122.172.37.106 - - [28/Mar/2014:08:42:08 +0530] "GET /wa/audio/ HTTP/1.1" 200 1628 "http://54.213.4.161/wa/myprofile/" "Mozilla/5.0 (X11; Linux x86_64) AppleWebKit/537.36 (KHTML, like Gecko) Chrome/33.0.1750.152 Safari/537.36"
122.172.37.106 - - [28/Mar/2014:08:42:09 +0530] "GET /static/wa/arctic-sunset-css/js/libs/modernizr.min.js HTTP/1.1" 304 210 "http://54.213.4.161/wa/audio/" "Mozilla/5.0 (X11; Linux x86_64) AppleWebKit/537.36 (KHTML, like Gecko) Chrome/33.0.1750.152 Safari/537.36"
122.172.37.106 - - [28/Mar/2014:03:12:09 +0000] "GET /static/wa/arctic-sunset-css/js/libs/jquery-1.10.0.js HTTP/1.1" 304 212 "http://54.213.4.161/wa/audio/" "Mozilla/5.0 (X11; Linux x86_64) AppleWebKit/537.36 (KHTML, like Gecko) Chrome/33.0.1750.152 Safari/537.36"
122.172.37.106 - - [28/Mar/2014:03:12:09 +0000] "GET /static/wa/arctic-sunset-css/js/libs/jquery-ui.min.js HTTP/1.1" 304 212 "http://54.213.4.161/wa/audio/" "Mozilla/5.0 (X11; Linux x86_64) AppleWebKit/537.36 (KHTML, like Gecko) Chrome/33.0.1750.152 Safari/537.36"
122.172.37.106 - - [28/Mar/2014:08:42:09 +0530] "GET /static/wa/arctic-sunset-css/js/libs/bootstrap.min.js HTTP/1.1" 304 211 "http://54.213.4.161/wa/audio/" "Mozilla/5.0 (X11; Linux x86_64) AppleWebKit/537.36 (KHTML, like Gecko) Chrome/33.0.1750.152 Safari/537.36"
122.172.37.106 - - [28/Mar/2014:03:12:09 +0000] "GET /static/wa/arctic-sunset-css/css/bootstrap.css HTTP/1.1" 304 212 "http://54.213.4.161/wa/home/" "Mozilla/5.0 (X11; Linux x86_64) AppleWebKit/537.36 (KHTML, like Gecko) Chrome/33.0.1750.152 Safari/537.36"
122.172.37.106 - - [28/Mar/2014:03:12:09 +0000] "GET /static/wa/arctic-sunset-css/css/simple-sidebar.css HTTP/1.1" 304 210 "http://54.213.4.161/wa/home/" "Mozilla/5.0 (X11; Linux x86_64) AppleWebKit/537.36 (KHTML, like Gecko) Chrome/33.0.1750.152 Safari/537.36"
122.172.37.106 - - [28/Mar/2014:08:42:10 +0530] "GET /static/wa/arctic-sunset-css/style.css HTTP/1.1" 304 210 "http://54.213.4.161/wa/home/" "Mozilla/5.0 (X11; Linux x86_64) AppleWebKit/537.36 (KHTML, like Gecko) Chrome/33.0.1750.152 Safari/537.36"
122.172.37.106 - - [28/Mar/2014:03:12:10 +0000] "GET /static/wa/arctic-sunset-css/css/chosen.css HTTP/1.1" 304 210 "http://54.213.4.161/wa/home/" "Mozilla/5.0 (X11; Linux x86_64) AppleWebKit/537.36 (KHTML, like Gecko) Chrome/33.0.1750.152 Safari/537.36"
122.172.37.106 - - [28/Mar/2014:03:12:10 +0000] "GET /static/wa/arctic-sunset-css/css/cusel.css HTTP/1.1" 304 210 "http://54.213.4.161/wa/home/" "Mozilla/5.0 (X11; Linux x86_64) AppleWebKit/537.36 (KHTML, like Gecko) Chrome/33.0.1750.152 Safari/537.36"
122.172.37.106 - - [28/Mar/2014:08:42:10 +0530] "GET /static/wa/arctic-sunset-css/js/general.js HTTP/1.1" 304 210 "http://54.213.4.161/wa/audio/" "Mozilla/5.0 (X11; Linux x86_64) AppleWebKit/537.36 (KHTML, like Gecko) Chrome/33.0.1750.152 Safari/537.36"
122.172.37.106 - - [28/Mar/2014:03:12:10 +0000] "GET /static/wa/js/jquery.js HTTP/1.1" 304 211 "http://54.213.4.161/wa/audio/" "Mozilla/5.0 (X11; Linux x86_64) AppleWebKit/537.36 (KHTML, like Gecko) Chrome/33.0.1750.152 Safari/537.36"
122.172.37.106 - - [28/Mar/2014:03:12:10 +0000] "GET /static/wa/js/audio.js HTTP/1.1" 304 209 "http://54.213.4.161/wa/audio/" "Mozilla/5.0 (X11; Linux x86_64) AppleWebKit/537.36 (KHTML, like Gecko) Chrome/33.0.1750.152 Safari/537.36"
122.172.37.106 - - [28/Mar/2014:08:42:10 +0530] "GET /static/wa/arctic-sunset-css/js/jquery.chosen.min.js HTTP/1.1" 304 210 "http://54.213.4.161/wa/audio/" "Mozilla/5.0 (X11; Linux x86_64) AppleWebKit/537.36 (KHTML, like Gecko) Chrome/33.0.1750.152 Safari/537.36"
122.172.37.106 - - [28/Mar/2014:03:12:10 +0000] "GET /static/wa/arctic-sunset-css/images/bg.png HTTP/1.1" 304 187 "http://54.213.4.161/wa/home/" "Mozilla/5.0 (X11; Linux x86_64) AppleWebKit/537.36 (KHTML, like Gecko) Chrome/33.0.1750.152 Safari/537.36"
122.172.37.106 - - [28/Mar/2014:08:42:10 +0530] "GET /wa/audio/langBooks/?language=English HTTP/1.1" 500 4537 "http://54.213.4.161/wa/audio/" "Mozilla/5.0 (X11; Linux x86_64) AppleWebKit/537.36 (KHTML, like Gecko) Chrome/33.0.1750.152 Safari/537.36"
122.172.37.106 - - [28/Mar/2014:03:12:10 +0000] "GET /wa/audio/langBooks/?language=Kannada HTTP/1.1" 500 4538 "http://54.213.4.161/wa/audio/" "Mozilla/5.0 (X11; Linux x86_64) AppleWebKit/537.36 (KHTML, like Gecko) Chrome/33.0.1750.152 Safari/537.36"
127.0.0.1 - - [28/Mar/2014:03:12:18 +0000] "OPTIONS * HTTP/1.0" 200 126 "-" "Apache/2.2.22 (Ubuntu) (internal dummy connection)"
122.172.37.106 - - [28/Mar/2014:10:25:15 +0530] "GET /wa HTTP/1.1" 301 350 "-" "Mozilla/5.0 (X11; Linux x86_64) AppleWebKit/537.36 (KHTML, like Gecko) Chrome/33.0.1750.152 Safari/537.36"
122.172.37.106 - - [28/Mar/2014:10:25:17 +0530] "GET /wa/ HTTP/1.1" 302 348 "-" "Mozilla/5.0 (X11; Linux x86_64) AppleWebKit/537.36 (KHTML, like Gecko) Chrome/33.0.1750.152 Safari/537.36"
122.172.37.106 - - [28/Mar/2014:10:25:17 +0530] "GET /wa/home HTTP/1.1" 301 354 "-" "Mozilla/5.0 (X11; Linux x86_64) AppleWebKit/537.36 (KHTML, like Gecko) Chrome/33.0.1750.152 Safari/537.36"
122.172.37.106 - - [28/Mar/2014:10:25:18 +0530] "GET /wa/home/ HTTP/1.1" 200 1081 "-" "Mozilla/5.0 (X11; Linux x86_64) AppleWebKit/537.36 (KHTML, like Gecko) Chrome/33.0.1750.152 Safari/537.36"
122.172.37.106 - - [28/Mar/2014:10:25:18 +0530] "GET /static/wa/arctic-sunset-css/js/libs/modernizr.min.js HTTP/1.1" 200 6898 "http://54.213.4.161/wa/home/" "Mozilla/5.0 (X11; Linux x86_64) AppleWebKit/537.36 (KHTML, like Gecko) Chrome/33.0.1750.152 Safari/537.36"
122.172.37.106 - - [28/Mar/2014:04:55:19 +0000] "GET /static/wa/arctic-sunset-css/css/bootstrap.css HTTP/1.1" 200 17674 "http://54.213.4.161/wa/home/" "Mozilla/5.0 (X11; Linux x86_64) AppleWebKit/537.36 (KHTML, like Gecko) Chrome/33.0.1750.152 Safari/537.36"
122.172.37.106 - - [28/Mar/2014:10:25:19 +0530] "GET /static/wa/arctic-sunset-css/style.css HTTP/1.1" 200 11682 "http://54.213.4.161/wa/home/" "Mozilla/5.0 (X11; Linux x86_64) AppleWebKit/537.36 (KHTML, like Gecko) Chrome/33.0.1750.152 Safari/537.36"
122.172.37.106 - - [28/Mar/2014:10:25:19 +0530] "GET /static/wa/arctic-sunset-css/css/simple-sidebar.css HTTP/1.1" 200 844 "http://54.213.4.161/wa/home/" "Mozilla/5.0 (X11; Linux x86_64) AppleWebKit/537.36 (KHTML, like Gecko) Chrome/33.0.1750.152 Safari/537.36"
122.172.37.106 - - [28/Mar/2014:10:25:19 +0530] "GET /static/wa/arctic-sunset-css/css/chosen.css HTTP/1.1" 200 2815 "http://54.213.4.161/wa/home/" "Mozilla/5.0 (X11; Linux x86_64) AppleWebKit/537.36 (KHTML, like Gecko) Chrome/33.0.1750.152 Safari/537.36"
122.172.37.106 - - [28/Mar/2014:10:25:18 +0530] "GET /static/wa/arctic-sunset-css/js/libs/jquery-1.10.0.js HTTP/1.1" 200 81746 "http://54.213.4.161/wa/home/" "Mozilla/5.0 (X11; Linux x86_64) AppleWebKit/537.36 (KHTML, like Gecko) Chrome/33.0.1750.152 Safari/537.36"
122.172.37.106 - - [28/Mar/2014:10:25:18 +0530] "GET /static/wa/arctic-sunset-css/js/libs/jquery-ui.min.js HTTP/1.1" 200 60982 "http://54.213.4.161/wa/home/" "Mozilla/5.0 (X11; Linux x86_64) AppleWebKit/537.36 (KHTML, like Gecko) Chrome/33.0.1750.152 Safari/537.36"
122.172.37.106 - - [28/Mar/2014:10:25:21 +0530] "GET /static/wa/arctic-sunset-css/css/cusel.css HTTP/1.1" 200 1770 "http://54.213.4.161/wa/home/" "Mozilla/5.0 (X11; Linux x86_64) AppleWebKit/537.36 (KHTML, like Gecko) Chrome/33.0.1750.152 Safari/537.36"
122.172.37.106 - - [28/Mar/2014:10:25:21 +0530] "GET /static/wa/arctic-sunset-css/js/libs/bootstrap.min.js HTTP/1.1" 200 7604 "http://54.213.4.161/wa/home/" "Mozilla/5.0 (X11; Linux x86_64) AppleWebKit/537.36 (KHTML, like Gecko) Chrome/33.0.1750.152 Safari/537.36"
122.172.37.106 - - [28/Mar/2014:10:25:21 +0530] "GET /static/wa/arctic-sunset-css/js/general.js HTTP/1.1" 200 3118 "http://54.213.4.161/wa/home/" "Mozilla/5.0 (X11; Linux x86_64) AppleWebKit/537.36 (KHTML, like Gecko) Chrome/33.0.1750.152 Safari/537.36"
127.0.0.1 - - [28/Mar/2014:04:55:28 +0000] "OPTIONS * HTTP/1.0" 200 126 "-" "Apache/2.2.22 (Ubuntu) (internal dummy connection)"
122.172.37.106 - - [28/Mar/2014:04:55:30 +0000] "GET /static/wa/arctic-sunset-css/images/bg.png HTTP/1.1" 200 15418 "http://54.213.4.161/wa/home/" "Mozilla/5.0 (X11; Linux x86_64) AppleWebKit/537.36 (KHTML, like Gecko) Chrome/33.0.1750.152 Safari/537.36"
122.172.37.106 - - [28/Mar/2014:10:25:34 +0530] "GET /favicon.ico HTTP/1.1" 404 1223 "-" "Mozilla/5.0 (X11; Linux x86_64) AppleWebKit/537.36 (KHTML, like Gecko) Chrome/33.0.1750.152 Safari/537.36"
122.172.37.106 - - [28/Mar/2014:10:26:05 +0530] "GET /wa/audio HTTP/1.1" 301 356 "http://54.213.4.161/wa/home/" "Mozilla/5.0 (X11; Linux x86_64) AppleWebKit/537.36 (KHTML, like Gecko) Chrome/33.0.1750.152 Safari/537.36"
122.172.37.106 - - [28/Mar/2014:10:26:06 +0530] "GET /wa/audio/ HTTP/1.1" 200 1642 "http://54.213.4.161/wa/home/" "Mozilla/5.0 (X11; Linux x86_64) AppleWebKit/537.36 (KHTML, like Gecko) Chrome/33.0.1750.152 Safari/537.36"
122.172.37.106 - - [28/Mar/2014:04:56:07 +0000] "GET /static/wa/js/audio.js HTTP/1.1" 200 1191 "http://54.213.4.161/wa/audio/" "Mozilla/5.0 (X11; Linux x86_64) AppleWebKit/537.36 (KHTML, like Gecko) Chrome/33.0.1750.152 Safari/537.36"
122.172.37.106 - - [28/Mar/2014:10:26:07 +0530] "GET /static/wa/arctic-sunset-css/js/jquery.chosen.min.js HTTP/1.1" 200 6270 "http://54.213.4.161/wa/audio/" "Mozilla/5.0 (X11; Linux x86_64) AppleWebKit/537.36 (KHTML, like Gecko) Chrome/33.0.1750.152 Safari/537.36"
122.172.37.106 - - [28/Mar/2014:10:26:07 +0530] "GET /static/wa/js/jquery.js HTTP/1.1" 200 79635 "http://54.213.4.161/wa/audio/" "Mozilla/5.0 (X11; Linux x86_64) AppleWebKit/537.36 (KHTML, like Gecko) Chrome/33.0.1750.152 Safari/537.36"
122.172.37.106 - - [28/Mar/2014:10:26:18 +0530] "GET /wa/audio/langBooks/?language=Kannada HTTP/1.1" 500 4524 "http://54.213.4.161/wa/audio/" "Mozilla/5.0 (X11; Linux x86_64) AppleWebKit/537.36 (KHTML, like Gecko) Chrome/33.0.1750.152 Safari/537.36"
122.172.37.106 - - [28/Mar/2014:10:26:18 +0530] "GET /wa/audio/langBooks/?language=English HTTP/1.1" 500 4523 "http://54.213.4.161/wa/audio/" "Mozilla/5.0 (X11; Linux x86_64) AppleWebKit/537.36 (KHTML, like Gecko) Chrome/33.0.1750.152 Safari/537.36"
122.172.37.106 - - [28/Mar/2014:10:42:08 +0530] "GET /wa/audio/ HTTP/1.1" 200 2449 "-" "Mozilla/5.0 (X11; Linux x86_64) AppleWebKit/537.36 (KHTML, like Gecko) Chrome/33.0.1750.152 Safari/537.36"
122.172.37.106 - - [28/Mar/2014:10:42:09 +0530] "GET /static/wa/arctic-sunset-css/js/libs/modernizr.min.js HTTP/1.1" 304 210 "http://54.213.4.161/wa/audio/" "Mozilla/5.0 (X11; Linux x86_64) AppleWebKit/537.36 (KHTML, like Gecko) Chrome/33.0.1750.152 Safari/537.36"
122.172.37.106 - - [28/Mar/2014:10:42:09 +0530] "GET /static/wa/arctic-sunset-css/js/libs/jquery-1.10.0.js HTTP/1.1" 304 212 "http://54.213.4.161/wa/audio/" "Mozilla/5.0 (X11; Linux x86_64) AppleWebKit/537.36 (KHTML, like Gecko) Chrome/33.0.1750.152 Safari/537.36"
122.172.37.106 - - [28/Mar/2014:10:42:09 +0530] "GET /static/wa/arctic-sunset-css/js/libs/jquery-ui.min.js HTTP/1.1" 304 212 "http://54.213.4.161/wa/audio/" "Mozilla/5.0 (X11; Linux x86_64) AppleWebKit/537.36 (KHTML, like Gecko) Chrome/33.0.1750.152 Safari/537.36"
122.172.37.106 - - [28/Mar/2014:10:42:09 +0530] "GET /static/wa/arctic-sunset-css/js/libs/bootstrap.min.js HTTP/1.1" 304 211 "http://54.213.4.161/wa/audio/" "Mozilla/5.0 (X11; Linux x86_64) AppleWebKit/537.36 (KHTML, like Gecko) Chrome/33.0.1750.152 Safari/537.36"
122.172.37.106 - - [28/Mar/2014:05:12:09 +0000] "GET /static/wa/js/jquery.js HTTP/1.1" 304 212 "http://54.213.4.161/wa/audio/" "Mozilla/5.0 (X11; Linux x86_64) AppleWebKit/537.36 (KHTML, like Gecko) Chrome/33.0.1750.152 Safari/537.36"
122.172.37.106 - - [28/Mar/2014:10:42:09 +0530] "GET /static/wa/js/audio.js HTTP/1.1" 304 210 "http://54.213.4.161/wa/audio/" "Mozilla/5.0 (X11; Linux x86_64) AppleWebKit/537.36 (KHTML, like Gecko) Chrome/33.0.1750.152 Safari/537.36"
122.172.37.106 - - [28/Mar/2014:10:42:09 +0530] "GET /static/wa/arctic-sunset-css/js/jquery.chosen.min.js HTTP/1.1" 304 210 "http://54.213.4.161/wa/audio/" "Mozilla/5.0 (X11; Linux x86_64) AppleWebKit/537.36 (KHTML, like Gecko) Chrome/33.0.1750.152 Safari/537.36"
127.0.0.1 - - [28/Mar/2014:10:42:17 +0530] "OPTIONS * HTTP/1.0" 200 126 "-" "Apache/2.2.22 (Ubuntu) (internal dummy connection)"
122.172.37.106 - - [28/Mar/2014:10:42:57 +0530] "GET /wa/audio/ HTTP/1.1" 200 2451 "-" "Mozilla/5.0 (X11; Linux x86_64) AppleWebKit/537.36 (KHTML, like Gecko) Chrome/33.0.1750.152 Safari/537.36"
127.0.0.1 - - [28/Mar/2014:10:43:17 +0530] "OPTIONS * HTTP/1.0" 200 126 "-" "Apache/2.2.22 (Ubuntu) (internal dummy connection)"
122.172.37.106 - - [28/Mar/2014:10:45:31 +0530] "GET /wa/audio/ HTTP/1.1" 200 2460 "-" "Mozilla/5.0 (X11; Linux x86_64) AppleWebKit/537.36 (KHTML, like Gecko) Chrome/33.0.1750.152 Safari/537.36"
127.0.0.1 - - [28/Mar/2014:05:15:51 +0000] "OPTIONS * HTTP/1.0" 200 126 "-" "Apache/2.2.22 (Ubuntu) (internal dummy connection)"
122.172.37.106 - - [28/Mar/2014:10:47:21 +0530] "GET /wa/audio/ HTTP/1.1" 200 2454 "-" "Mozilla/5.0 (X11; Linux x86_64) AppleWebKit/537.36 (KHTML, like Gecko) Chrome/33.0.1750.152 Safari/537.36"
122.172.37.106 - - [28/Mar/2014:10:47:21 +0530] "GET /static/wa/arctic-sunset-css/js/libs/modernizr.min.js HTTP/1.1" 304 210 "http://54.213.4.161/wa/audio/" "Mozilla/5.0 (X11; Linux x86_64) AppleWebKit/537.36 (KHTML, like Gecko) Chrome/33.0.1750.152 Safari/537.36"
122.172.37.106 - - [28/Mar/2014:10:47:21 +0530] "GET /static/wa/arctic-sunset-css/js/libs/jquery-1.10.0.js HTTP/1.1" 304 212 "http://54.213.4.161/wa/audio/" "Mozilla/5.0 (X11; Linux x86_64) AppleWebKit/537.36 (KHTML, like Gecko) Chrome/33.0.1750.152 Safari/537.36"
122.172.37.106 - - [28/Mar/2014:10:47:21 +0530] "GET /static/wa/arctic-sunset-css/js/libs/jquery-ui.min.js HTTP/1.1" 304 212 "http://54.213.4.161/wa/audio/" "Mozilla/5.0 (X11; Linux x86_64) AppleWebKit/537.36 (KHTML, like Gecko) Chrome/33.0.1750.152 Safari/537.36"
122.172.37.106 - - [28/Mar/2014:05:17:21 +0000] "GET /static/wa/arctic-sunset-css/js/libs/bootstrap.min.js HTTP/1.1" 304 211 "http://54.213.4.161/wa/audio/" "Mozilla/5.0 (X11; Linux x86_64) AppleWebKit/537.36 (KHTML, like Gecko) Chrome/33.0.1750.152 Safari/537.36"
122.172.37.106 - - [28/Mar/2014:10:47:21 +0530] "GET /static/wa/arctic-sunset-css/css/bootstrap.css HTTP/1.1" 304 212 "http://54.213.4.161/wa/home/" "Mozilla/5.0 (X11; Linux x86_64) AppleWebKit/537.36 (KHTML, like Gecko) Chrome/33.0.1750.152 Safari/537.36"
122.172.37.106 - - [28/Mar/2014:10:47:21 +0530] "GET /static/wa/arctic-sunset-css/style.css HTTP/1.1" 304 210 "http://54.213.4.161/wa/home/" "Mozilla/5.0 (X11; Linux x86_64) AppleWebKit/537.36 (KHTML, like Gecko) Chrome/33.0.1750.152 Safari/537.36"
122.172.37.106 - - [28/Mar/2014:10:47:21 +0530] "GET /static/wa/arctic-sunset-css/css/simple-sidebar.css HTTP/1.1" 304 210 "http://54.213.4.161/wa/home/" "Mozilla/5.0 (X11; Linux x86_64) AppleWebKit/537.36 (KHTML, like Gecko) Chrome/33.0.1750.152 Safari/537.36"
122.172.37.106 - - [28/Mar/2014:10:47:21 +0530] "GET /static/wa/arctic-sunset-css/css/chosen.css HTTP/1.1" 304 210 "http://54.213.4.161/wa/home/" "Mozilla/5.0 (X11; Linux x86_64) AppleWebKit/537.36 (KHTML, like Gecko) Chrome/33.0.1750.152 Safari/537.36"
122.172.37.106 - - [28/Mar/2014:10:47:21 +0530] "GET /static/wa/arctic-sunset-css/css/cusel.css HTTP/1.1" 304 210 "http://54.213.4.161/wa/home/" "Mozilla/5.0 (X11; Linux x86_64) AppleWebKit/537.36 (KHTML, like Gecko) Chrome/33.0.1750.152 Safari/537.36"
122.172.37.106 - - [28/Mar/2014:05:17:21 +0000] "GET /static/wa/arctic-sunset-css/js/general.js HTTP/1.1" 304 210 "http://54.213.4.161/wa/home/" "Mozilla/5.0 (X11; Linux x86_64) AppleWebKit/537.36 (KHTML, like Gecko) Chrome/33.0.1750.152 Safari/537.36"
122.172.37.106 - - [28/Mar/2014:10:47:21 +0530] "GET /static/wa/js/jquery.js HTTP/1.1" 304 211 "http://54.213.4.161/wa/audio/" "Mozilla/5.0 (X11; Linux x86_64) AppleWebKit/537.36 (KHTML, like Gecko) Chrome/33.0.1750.152 Safari/537.36"
122.172.37.106 - - [28/Mar/2014:10:47:22 +0530] "GET /static/wa/js/audio.js HTTP/1.1" 304 209 "http://54.213.4.161/wa/audio/" "Mozilla/5.0 (X11; Linux x86_64) AppleWebKit/537.36 (KHTML, like Gecko) Chrome/33.0.1750.152 Safari/537.36"
122.172.37.106 - - [28/Mar/2014:10:47:22 +0530] "GET /static/wa/arctic-sunset-css/js/jquery.chosen.min.js HTTP/1.1" 304 210 "http://54.213.4.161/wa/audio/" "Mozilla/5.0 (X11; Linux x86_64) AppleWebKit/537.36 (KHTML, like Gecko) Chrome/33.0.1750.152 Safari/537.36"
122.172.37.106 - - [28/Mar/2014:10:47:22 +0530] "GET /static/wa/arctic-sunset-css/images/bg.png HTTP/1.1" 304 187 "http://54.213.4.161/wa/home/" "Mozilla/5.0 (X11; Linux x86_64) AppleWebKit/537.36 (KHTML, like Gecko) Chrome/33.0.1750.152 Safari/537.36"
127.0.0.1 - - [28/Mar/2014:10:47:29 +0530] "OPTIONS * HTTP/1.0" 200 126 "-" "Apache/2.2.22 (Ubuntu) (internal dummy connection)"
122.172.37.106 - - [28/Mar/2014:10:47:45 +0530] "GET /wa/audio/ HTTP/1.1" 200 2455 "-" "Mozilla/5.0 (X11; Linux x86_64) AppleWebKit/537.36 (KHTML, like Gecko) Chrome/33.0.1750.152 Safari/537.36"
122.172.37.106 - - [28/Mar/2014:10:47:45 +0530] "GET /static/wa/arctic-sunset-css/js/libs/modernizr.min.js HTTP/1.1" 304 210 "http://54.213.4.161/wa/audio/" "Mozilla/5.0 (X11; Linux x86_64) AppleWebKit/537.36 (KHTML, like Gecko) Chrome/33.0.1750.152 Safari/537.36"
122.172.37.106 - - [28/Mar/2014:10:47:45 +0530] "GET /static/wa/arctic-sunset-css/js/libs/jquery-1.10.0.js HTTP/1.1" 304 212 "http://54.213.4.161/wa/audio/" "Mozilla/5.0 (X11; Linux x86_64) AppleWebKit/537.36 (KHTML, like Gecko) Chrome/33.0.1750.152 Safari/537.36"
122.172.37.106 - - [28/Mar/2014:05:17:45 +0000] "GET /static/wa/arctic-sunset-css/js/libs/jquery-ui.min.js HTTP/1.1" 304 212 "http://54.213.4.161/wa/audio/" "Mozilla/5.0 (X11; Linux x86_64) AppleWebKit/537.36 (KHTML, like Gecko) Chrome/33.0.1750.152 Safari/537.36"
122.172.37.106 - - [28/Mar/2014:05:17:45 +0000] "GET /static/wa/arctic-sunset-css/js/libs/bootstrap.min.js HTTP/1.1" 304 211 "http://54.213.4.161/wa/audio/" "Mozilla/5.0 (X11; Linux x86_64) AppleWebKit/537.36 (KHTML, like Gecko) Chrome/33.0.1750.152 Safari/537.36"
122.172.37.106 - - [28/Mar/2014:10:47:45 +0530] "GET /static/wa/arctic-sunset-css/css/bootstrap.css HTTP/1.1" 304 212 "http://54.213.4.161/wa/home/" "Mozilla/5.0 (X11; Linux x86_64) AppleWebKit/537.36 (KHTML, like Gecko) Chrome/33.0.1750.152 Safari/537.36"
122.172.37.106 - - [28/Mar/2014:10:47:45 +0530] "GET /static/wa/arctic-sunset-css/style.css HTTP/1.1" 304 211 "http://54.213.4.161/wa/home/" "Mozilla/5.0 (X11; Linux x86_64) AppleWebKit/537.36 (KHTML, like Gecko) Chrome/33.0.1750.152 Safari/537.36"
122.172.37.106 - - [28/Mar/2014:10:47:46 +0530] "GET /static/wa/arctic-sunset-css/css/simple-sidebar.css HTTP/1.1" 304 209 "http://54.213.4.161/wa/home/" "Mozilla/5.0 (X11; Linux x86_64) AppleWebKit/537.36 (KHTML, like Gecko) Chrome/33.0.1750.152 Safari/537.36"
122.172.37.106 - - [28/Mar/2014:10:47:46 +0530] "GET /static/wa/arctic-sunset-css/css/chosen.css HTTP/1.1" 304 210 "http://54.213.4.161/wa/home/" "Mozilla/5.0 (X11; Linux x86_64) AppleWebKit/537.36 (KHTML, like Gecko) Chrome/33.0.1750.152 Safari/537.36"
122.172.37.106 - - [28/Mar/2014:05:17:46 +0000] "GET /static/wa/arctic-sunset-css/css/cusel.css HTTP/1.1" 304 210 "http://54.213.4.161/wa/home/" "Mozilla/5.0 (X11; Linux x86_64) AppleWebKit/537.36 (KHTML, like Gecko) Chrome/33.0.1750.152 Safari/537.36"
122.172.37.106 - - [28/Mar/2014:05:17:46 +0000] "GET /static/wa/arctic-sunset-css/js/general.js HTTP/1.1" 304 210 "http://54.213.4.161/wa/home/" "Mozilla/5.0 (X11; Linux x86_64) AppleWebKit/537.36 (KHTML, like Gecko) Chrome/33.0.1750.152 Safari/537.36"
122.172.37.106 - - [28/Mar/2014:10:47:46 +0530] "GET /static/wa/js/jquery.js HTTP/1.1" 304 211 "http://54.213.4.161/wa/audio/" "Mozilla/5.0 (X11; Linux x86_64) AppleWebKit/537.36 (KHTML, like Gecko) Chrome/33.0.1750.152 Safari/537.36"
122.172.37.106 - - [28/Mar/2014:10:47:46 +0530] "GET /static/wa/js/audio.js HTTP/1.1" 304 209 "http://54.213.4.161/wa/audio/" "Mozilla/5.0 (X11; Linux x86_64) AppleWebKit/537.36 (KHTML, like Gecko) Chrome/33.0.1750.152 Safari/537.36"
122.172.37.106 - - [28/Mar/2014:10:47:46 +0530] "GET /static/wa/arctic-sunset-css/js/jquery.chosen.min.js HTTP/1.1" 304 210 "http://54.213.4.161/wa/audio/" "Mozilla/5.0 (X11; Linux x86_64) AppleWebKit/537.36 (KHTML, like Gecko) Chrome/33.0.1750.152 Safari/537.36"
122.172.37.106 - - [28/Mar/2014:10:47:46 +0530] "GET /static/wa/arctic-sunset-css/images/bg.png HTTP/1.1" 304 187 "http://54.213.4.161/wa/home/" "Mozilla/5.0 (X11; Linux x86_64) AppleWebKit/537.36 (KHTML, like Gecko) Chrome/33.0.1750.152 Safari/537.36"
122.172.37.106 - - [28/Mar/2014:10:47:46 +0530] "POST /wa/uploadDigi/ HTTP/1.1" 404 1625 "http://54.213.4.161/wa/audio/" "Mozilla/5.0 (X11; Linux x86_64) AppleWebKit/537.36 (KHTML, like Gecko) Chrome/33.0.1750.152 Safari/537.36"
122.172.37.106 - - [28/Mar/2014:10:47:46 +0530] "POST /wa/audio/langBooks HTTP/1.1" 200 2454 "http://54.213.4.161/wa/audio/" "Mozilla/5.0 (X11; Linux x86_64) AppleWebKit/537.36 (KHTML, like Gecko) Chrome/33.0.1750.152 Safari/537.36"
122.172.37.106 - - [28/Mar/2014:05:17:46 +0000] "POST /wa/audio/langBooks HTTP/1.1" 200 2454 "http://54.213.4.161/wa/audio/" "Mozilla/5.0 (X11; Linux x86_64) AppleWebKit/537.36 (KHTML, like Gecko) Chrome/33.0.1750.152 Safari/537.36"
127.0.0.1 - - [28/Mar/2014:05:17:55 +0000] "OPTIONS * HTTP/1.0" 200 126 "-" "Apache/2.2.22 (Ubuntu) (internal dummy connection)"
122.172.37.106 - - [28/Mar/2014:10:48:40 +0530] "GET /wa/audio/ HTTP/1.1" 200 2463 "-" "Mozilla/5.0 (X11; Linux x86_64) AppleWebKit/537.36 (KHTML, like Gecko) Chrome/33.0.1750.152 Safari/537.36"
122.172.37.106 - - [28/Mar/2014:10:48:40 +0530] "GET /static/wa/arctic-sunset-css/js/libs/modernizr.min.js HTTP/1.1" 304 210 "http://54.213.4.161/wa/audio/" "Mozilla/5.0 (X11; Linux x86_64) AppleWebKit/537.36 (KHTML, like Gecko) Chrome/33.0.1750.152 Safari/537.36"
122.172.37.106 - - [28/Mar/2014:10:48:40 +0530] "GET /static/wa/arctic-sunset-css/js/libs/jquery-1.10.0.js HTTP/1.1" 304 212 "http://54.213.4.161/wa/audio/" "Mozilla/5.0 (X11; Linux x86_64) AppleWebKit/537.36 (KHTML, like Gecko) Chrome/33.0.1750.152 Safari/537.36"
122.172.37.106 - - [28/Mar/2014:10:48:41 +0530] "GET /static/wa/arctic-sunset-css/css/bootstrap.css HTTP/1.1" 304 212 "http://54.213.4.161/wa/home/" "Mozilla/5.0 (X11; Linux x86_64) AppleWebKit/537.36 (KHTML, like Gecko) Chrome/33.0.1750.152 Safari/537.36"
122.172.37.106 - - [28/Mar/2014:05:18:41 +0000] "GET /static/wa/arctic-sunset-css/style.css HTTP/1.1" 304 211 "http://54.213.4.161/wa/home/" "Mozilla/5.0 (X11; Linux x86_64) AppleWebKit/537.36 (KHTML, like Gecko) Chrome/33.0.1750.152 Safari/537.36"
122.172.37.106 - - [28/Mar/2014:10:48:41 +0530] "GET /static/wa/arctic-sunset-css/css/simple-sidebar.css HTTP/1.1" 304 210 "http://54.213.4.161/wa/home/" "Mozilla/5.0 (X11; Linux x86_64) AppleWebKit/537.36 (KHTML, like Gecko) Chrome/33.0.1750.152 Safari/537.36"
122.172.37.106 - - [28/Mar/2014:05:18:41 +0000] "GET /static/wa/arctic-sunset-css/css/chosen.css HTTP/1.1" 304 211 "http://54.213.4.161/wa/home/" "Mozilla/5.0 (X11; Linux x86_64) AppleWebKit/537.36 (KHTML, like Gecko) Chrome/33.0.1750.152 Safari/537.36"
