122.167.16.151 - - [22/Mar/2014:16:09:18 +0000] "GET / HTTP/1.1" 403 524 "-" "Mozilla/5.0 (X11; Linux i686) AppleWebKit/537.36 (KHTML, like Gecko) Chrome/32.0.1700.102 Safari/537.36"
122.167.16.151 - - [22/Mar/2014:16:10:12 +0000] "GET /favicon.ico HTTP/1.1" 403 505 "-" "Mozilla/5.0 (X11; Linux i686) AppleWebKit/537.36 (KHTML, like Gecko) Chrome/32.0.1700.102 Safari/537.36"
122.167.16.151 - - [22/Mar/2014:16:10:12 +0000] "GET /favicon.ico HTTP/1.1" 403 504 "-" "Mozilla/5.0 (X11; Linux i686) AppleWebKit/537.36 (KHTML, like Gecko) Chrome/32.0.1700.102 Safari/537.36"
122.167.16.151 - - [22/Mar/2014:16:10:12 +0000] "GET /favicon.ico HTTP/1.1" 403 504 "-" "Mozilla/5.0 (X11; Linux i686) AppleWebKit/537.36 (KHTML, like Gecko) Chrome/32.0.1700.102 Safari/537.36"
122.167.16.151 - - [22/Mar/2014:16:10:27 +0000] "GET / HTTP/1.1" 403 524 "-" "Mozilla/5.0 (X11; Linux i686) AppleWebKit/537.36 (KHTML, like Gecko) Chrome/32.0.1700.102 Safari/537.36"
122.167.16.151 - - [22/Mar/2014:16:21:13 +0000] "GET / HTTP/1.1" 403 524 "-" "Mozilla/5.0 (X11; Linux i686) AppleWebKit/537.36 (KHTML, like Gecko) Chrome/32.0.1700.102 Safari/537.36"
122.167.16.151 - - [22/Mar/2014:16:21:16 +0000] "GET / HTTP/1.1" 403 523 "-" "Mozilla/5.0 (X11; Linux i686) AppleWebKit/537.36 (KHTML, like Gecko) Chrome/32.0.1700.102 Safari/537.36"
122.167.16.151 - - [22/Mar/2014:16:24:30 +0000] "GET / HTTP/1.1" 403 524 "-" "Mozilla/5.0 (X11; Linux i686) AppleWebKit/537.36 (KHTML, like Gecko) Chrome/32.0.1700.102 Safari/537.36"
122.167.16.151 - - [22/Mar/2014:16:30:30 +0000] "GET / HTTP/1.1" 403 524 "-" "Mozilla/5.0 (X11; Linux i686) AppleWebKit/537.36 (KHTML, like Gecko) Chrome/32.0.1700.102 Safari/537.36"
122.167.16.151 - - [22/Mar/2014:16:55:43 +0000] "GET / HTTP/1.1" 403 524 "-" "Mozilla/5.0 (X11; Linux i686) AppleWebKit/537.36 (KHTML, like Gecko) Chrome/32.0.1700.102 Safari/537.36"
122.167.16.151 - - [22/Mar/2014:16:55:59 +0000] "GET /wa HTTP/1.1" 403 526 "-" "Mozilla/5.0 (X11; Linux i686) AppleWebKit/537.36 (KHTML, like Gecko) Chrome/32.0.1700.102 Safari/537.36"
122.167.16.151 - - [22/Mar/2014:16:56:05 +0000] "GET / HTTP/1.1" 403 524 "-" "Mozilla/5.0 (X11; Linux i686) AppleWebKit/537.36 (KHTML, like Gecko) Chrome/32.0.1700.102 Safari/537.36"
122.167.16.151 - - [22/Mar/2014:17:17:52 +0000] "GET / HTTP/1.1" 403 524 "-" "Mozilla/5.0 (X11; Linux i686) AppleWebKit/537.36 (KHTML, like Gecko) Chrome/32.0.1700.102 Safari/537.36"
122.167.16.151 - - [22/Mar/2014:17:21:39 +0000] "GET / HTTP/1.1" 403 524 "-" "Mozilla/5.0 (X11; Linux i686) AppleWebKit/537.36 (KHTML, like Gecko) Chrome/32.0.1700.102 Safari/537.36"
122.167.16.151 - - [22/Mar/2014:17:22:38 +0000] "GET / HTTP/1.1" 403 524 "-" "Mozilla/5.0 (X11; Linux i686) AppleWebKit/537.36 (KHTML, like Gecko) Chrome/32.0.1700.102 Safari/537.36"
122.167.16.151 - - [22/Mar/2014:17:24:40 +0000] "GET / HTTP/1.1" 403 524 "-" "Mozilla/5.0 (X11; Linux i686) AppleWebKit/537.36 (KHTML, like Gecko) Chrome/32.0.1700.102 Safari/537.36"
122.167.16.151 - - [22/Mar/2014:17:25:31 +0000] "GET /index.html HTTP/1.1" 403 530 "-" "Mozilla/5.0 (X11; Linux i686) AppleWebKit/537.36 (KHTML, like Gecko) Chrome/32.0.1700.102 Safari/537.36"
122.167.16.151 - - [22/Mar/2014:23:01:20 +0530] "GET /index.html HTTP/1.1" 500 662 "-" "Mozilla/5.0 (X11; Linux i686) AppleWebKit/537.36 (KHTML, like Gecko) Chrome/32.0.1700.102 Safari/537.36"
122.167.16.151 - - [22/Mar/2014:23:03:10 +0530] "GET / HTTP/1.1" 500 662 "-" "Mozilla/5.0 (X11; Linux i686) AppleWebKit/537.36 (KHTML, like Gecko) Chrome/32.0.1700.102 Safari/537.36"
122.167.16.151 - - [22/Mar/2014:23:04:15 +0530] "GET / HTTP/1.1" 500 662 "-" "Mozilla/5.0 (X11; Linux i686) AppleWebKit/537.36 (KHTML, like Gecko) Chrome/32.0.1700.102 Safari/537.36"
122.167.16.151 - - [22/Mar/2014:23:05:32 +0530] "GET / HTTP/1.1" 500 19778 "-" "Mozilla/5.0 (X11; Linux i686) AppleWebKit/537.36 (KHTML, like Gecko) Chrome/32.0.1700.102 Safari/537.36"
122.167.16.151 - - [22/Mar/2014:23:05:59 +0530] "GET / HTTP/1.1" 500 662 "-" "Mozilla/5.0 (X11; Linux i686) AppleWebKit/537.36 (KHTML, like Gecko) Chrome/32.0.1700.102 Safari/537.36"
122.167.16.151 - - [22/Mar/2014:23:06:04 +0530] "GET / HTTP/1.1" 500 662 "-" "Mozilla/5.0 (X11; Linux i686) AppleWebKit/537.36 (KHTML, like Gecko) Chrome/32.0.1700.102 Safari/537.36"
122.167.16.151 - - [22/Mar/2014:23:08:55 +0530] "GET / HTTP/1.1" 500 662 "-" "Mozilla/5.0 (X11; Linux i686) AppleWebKit/537.36 (KHTML, like Gecko) Chrome/32.0.1700.102 Safari/537.36"
122.167.16.151 - - [22/Mar/2014:23:08:58 +0530] "GET / HTTP/1.1" 500 662 "-" "Mozilla/5.0 (X11; Linux i686) AppleWebKit/537.36 (KHTML, like Gecko) Chrome/32.0.1700.102 Safari/537.36"
122.167.16.151 - - [22/Mar/2014:23:17:10 +0530] "GET / HTTP/1.1" 500 19783 "-" "Mozilla/5.0 (X11; Linux i686) AppleWebKit/537.36 (KHTML, like Gecko) Chrome/32.0.1700.102 Safari/537.36"
122.167.16.151 - - [22/Mar/2014:23:18:33 +0530] "GET / HTTP/1.1" 500 19784 "-" "Mozilla/5.0 (X11; Linux i686) AppleWebKit/537.36 (KHTML, like Gecko) Chrome/32.0.1700.102 Safari/537.36"
157.56.92.152 - - [22/Mar/2014:23:44:41 +0530] "GET / HTTP/1.1" 500 19695 "-" "Mozilla/5.0 (compatible; bingbot/2.0; +http://www.bing.com/bingbot.htm)"
157.56.92.152 - - [22/Mar/2014:23:46:01 +0530] "GET / HTTP/1.0" 500 46720 "-" "Mozilla/5.0 (compatible; bingbot/2.0; +http://www.bing.com/bingbot.htm)"
157.56.92.152 - - [23/Mar/2014:00:47:56 +0530] "GET /robots.txt HTTP/1.1" 500 46720 "-" "Mozilla/5.0 (compatible; bingbot/2.0; +http://www.bing.com/bingbot.htm)"
157.56.92.152 - - [23/Mar/2014:00:47:57 +0530] "GET / HTTP/1.0" 500 164828 "-" "Mozilla/5.0 (compatible; bingbot/2.0; +http://www.bing.com/bingbot.htm)"
111.73.45.204 - - [23/Mar/2014:01:39:52 +0530] "GET http://www.daydaydata.com/proxy.txt HTTP/1.1" 500 176755 "-" "-"
220.128.121.83 - - [23/Mar/2014:02:20:46 +0530] "GET /manager/html HTTP/1.1" 500 20532 "-" "-"
122.172.10.54 - - [23/Mar/2014:07:10:58 +0530] "GET /wiki HTTP/1.1" 500 20837 "-" "Mozilla/5.0 (Windows NT 6.1; WOW64) AppleWebKit/537.36 (KHTML, like Gecko) Chrome/33.0.1750.154 Safari/537.36"
82.165.136.156 - - [23/Mar/2014:10:04:38 +0530] "GET /phppath/php HTTP/1.0" 500 40544 "-" "-"
122.172.10.54 - - [23/Mar/2014:10:32:35 +0530] "GET /wiki HTTP/1.1" 500 19572 "-" "Mozilla/5.0 (X11; Linux x86_64) AppleWebKit/537.36 (KHTML, like Gecko) Chrome/33.0.1750.152 Safari/537.36"
122.172.10.54 - - [23/Mar/2014:10:32:36 +0530] "GET /favicon.ico HTTP/1.1" 500 19523 "-" "Mozilla/5.0 (X11; Linux x86_64) AppleWebKit/537.36 (KHTML, like Gecko) Chrome/33.0.1750.152 Safari/537.36"
122.172.10.54 - - [23/Mar/2014:10:35:55 +0530] "GET /wiki HTTP/1.1" 500 19569 "-" "Mozilla/5.0 (X11; Linux x86_64) AppleWebKit/537.36 (KHTML, like Gecko) Chrome/33.0.1750.152 Safari/537.36"
122.172.10.54 - - [23/Mar/2014:10:35:56 +0530] "GET /favicon.ico HTTP/1.1" 500 19525 "-" "Mozilla/5.0 (X11; Linux x86_64) AppleWebKit/537.36 (KHTML, like Gecko) Chrome/33.0.1750.152 Safari/537.36"
122.172.10.54 - - [23/Mar/2014:11:05:56 +0530] "GET /wiki HTTP/1.1" 500 19651 "-" "Mozilla/5.0 (X11; Linux x86_64) AppleWebKit/537.36 (KHTML, like Gecko) Chrome/33.0.1750.152 Safari/537.36"
122.172.10.54 - - [23/Mar/2014:11:05:57 +0530] "GET /favicon.ico HTTP/1.1" 500 19520 "-" "Mozilla/5.0 (X11; Linux x86_64) AppleWebKit/537.36 (KHTML, like Gecko) Chrome/33.0.1750.152 Safari/537.36"
157.55.36.45 - - [23/Mar/2014:11:16:25 +0530] "GET /robots.txt HTTP/1.1" 500 46720 "-" "Mozilla/5.0 (compatible; bingbot/2.0; +http://www.bing.com/bingbot.htm)"
115.241.90.94 - - [23/Mar/2014:11:19:07 +0530] "GET / HTTP/1.1" 500 20718 "-" "Mozilla/5.0 (X11; Linux i686) AppleWebKit/537.36 (KHTML, like Gecko) Chrome/32.0.1700.102 Safari/537.36"
115.241.90.94 - - [23/Mar/2014:11:19:10 +0530] "GET /favicon.ico HTTP/1.1" 500 21777 "-" "Mozilla/5.0 (X11; Linux i686) AppleWebKit/537.36 (KHTML, like Gecko) Chrome/32.0.1700.102 Safari/537.36"
115.241.90.94 - - [23/Mar/2014:11:19:12 +0530] "GET /favicon.ico HTTP/1.1" 500 21770 "-" "Mozilla/5.0 (X11; Linux i686) AppleWebKit/537.36 (KHTML, like Gecko) Chrome/32.0.1700.102 Safari/537.36"
115.241.90.94 - - [23/Mar/2014:11:19:14 +0530] "GET /favicon.ico HTTP/1.1" 500 21764 "-" "Mozilla/5.0 (X11; Linux i686) AppleWebKit/537.36 (KHTML, like Gecko) Chrome/32.0.1700.102 Safari/537.36"
66.85.140.110 - - [23/Mar/2014:11:20:21 +0530] "GET / HTTP/1.0" 500 132392 "-" "masscan/1.0 (https://github.com/robertdavidgraham/masscan)"
157.55.36.45 - - [23/Mar/2014:11:22:13 +0530] "GET / HTTP/1.1" 500 20661 "-" "Mozilla/5.0 (compatible; bingbot/2.0; +http://www.bing.com/bingbot.htm)"
157.55.36.45 - - [23/Mar/2014:11:23:33 +0530] "GET / HTTP/1.0" 404 2190 "-" "Mozilla/5.0 (compatible; bingbot/2.0; +http://www.bing.com/bingbot.htm)"
115.241.90.94 - - [23/Mar/2014:11:23:53 +0530] "GET / HTTP/1.1" 404 1237 "-" "Mozilla/5.0 (X11; Linux i686) AppleWebKit/537.36 (KHTML, like Gecko) Chrome/32.0.1700.102 Safari/537.36"
115.241.90.94 - - [23/Mar/2014:11:23:53 +0530] "GET /favicon.ico HTTP/1.1" 404 1248 "-" "Mozilla/5.0 (X11; Linux i686) AppleWebKit/537.36 (KHTML, like Gecko) Chrome/32.0.1700.102 Safari/537.36"
115.241.90.94 - - [23/Mar/2014:11:23:54 +0530] "GET /favicon.ico HTTP/1.1" 404 1248 "-" "Mozilla/5.0 (X11; Linux i686) AppleWebKit/537.36 (KHTML, like Gecko) Chrome/32.0.1700.102 Safari/537.36"
115.241.90.94 - - [23/Mar/2014:11:23:54 +0530] "GET /favicon.ico HTTP/1.1" 404 1248 "-" "Mozilla/5.0 (X11; Linux i686) AppleWebKit/537.36 (KHTML, like Gecko) Chrome/32.0.1700.102 Safari/537.36"
115.241.90.94 - - [23/Mar/2014:11:24:01 +0530] "GET /wa/ HTTP/1.1" 200 1706 "-" "Mozilla/5.0 (X11; Linux i686) AppleWebKit/537.36 (KHTML, like Gecko) Chrome/32.0.1700.102 Safari/537.36"
115.241.90.94 - - [23/Mar/2014:11:24:01 +0530] "GET /static/wa/arctic-sunset-css/js/libs/modernizr.min.js HTTP/1.1" 404 1279 "http://ec2-54-213-4-161.us-west-2.compute.amazonaws.com/wa/" "Mozilla/5.0 (X11; Linux i686) AppleWebKit/537.36 (KHTML, like Gecko) Chrome/32.0.1700.102 Safari/537.36"
115.241.90.94 - - [23/Mar/2014:11:24:01 +0530] "GET /static/wa/arctic-sunset-css/js/libs/jquery-1.10.0.js HTTP/1.1" 404 1281 "http://ec2-54-213-4-161.us-west-2.compute.amazonaws.com/wa/" "Mozilla/5.0 (X11; Linux i686) AppleWebKit/537.36 (KHTML, like Gecko) Chrome/32.0.1700.102 Safari/537.36"
115.241.90.94 - - [23/Mar/2014:11:24:02 +0530] "GET /static/wa/arctic-sunset-css/css/chosen.css HTTP/1.1" 404 1268 "http://ec2-54-213-4-161.us-west-2.compute.amazonaws.com/wa/" "Mozilla/5.0 (X11; Linux i686) AppleWebKit/537.36 (KHTML, like Gecko) Chrome/32.0.1700.102 Safari/537.36"
115.241.90.94 - - [23/Mar/2014:11:24:02 +0530] "GET /static/wa/arctic-sunset-css/js/libs/bootstrap.min.js HTTP/1.1" 404 1278 "http://ec2-54-213-4-161.us-west-2.compute.amazonaws.com/wa/" "Mozilla/5.0 (X11; Linux i686) AppleWebKit/537.36 (KHTML, like Gecko) Chrome/32.0.1700.102 Safari/537.36"
115.241.90.94 - - [23/Mar/2014:11:24:02 +0530] "GET /static/wa/arctic-sunset-css/css/bootstrap.css HTTP/1.1" 404 1272 "http://ec2-54-213-4-161.us-west-2.compute.amazonaws.com/wa/" "Mozilla/5.0 (X11; Linux i686) AppleWebKit/537.36 (KHTML, like Gecko) Chrome/32.0.1700.102 Safari/537.36"
115.241.90.94 - - [23/Mar/2014:11:24:02 +0530] "GET /static/wa/arctic-sunset-css/css/cusel.css HTTP/1.1" 404 1268 "http://ec2-54-213-4-161.us-west-2.compute.amazonaws.com/wa/" "Mozilla/5.0 (X11; Linux i686) AppleWebKit/537.36 (KHTML, like Gecko) Chrome/32.0.1700.102 Safari/537.36"
115.241.90.94 - - [23/Mar/2014:11:24:02 +0530] "GET /static/wa/arctic-sunset-css/js/libs/jquery-ui.min.js HTTP/1.1" 404 1280 "http://ec2-54-213-4-161.us-west-2.compute.amazonaws.com/wa/" "Mozilla/5.0 (X11; Linux i686) AppleWebKit/537.36 (KHTML, like Gecko) Chrome/32.0.1700.102 Safari/537.36"
115.241.90.94 - - [23/Mar/2014:11:24:02 +0530] "GET /static/wa/arctic-sunset-css/js/jquery.chosen.min.js HTTP/1.1" 404 1278 "http://ec2-54-213-4-161.us-west-2.compute.amazonaws.com/wa/" "Mozilla/5.0 (X11; Linux i686) AppleWebKit/537.36 (KHTML, like Gecko) Chrome/32.0.1700.102 Safari/537.36"
115.241.90.94 - - [23/Mar/2014:11:24:02 +0530] "GET /static/wa/arctic-sunset-css/style.css HTTP/1.1" 404 1265 "http://ec2-54-213-4-161.us-west-2.compute.amazonaws.com/wa/" "Mozilla/5.0 (X11; Linux i686) AppleWebKit/537.36 (KHTML, like Gecko) Chrome/32.0.1700.102 Safari/537.36"
115.241.90.94 - - [23/Mar/2014:11:24:02 +0530] "GET /static/wa/arctic-sunset-css/js/general.js HTTP/1.1" 404 1271 "http://ec2-54-213-4-161.us-west-2.compute.amazonaws.com/wa/" "Mozilla/5.0 (X11; Linux i686) AppleWebKit/537.36 (KHTML, like Gecko) Chrome/32.0.1700.102 Safari/537.36"
127.0.0.1 - - [23/Mar/2014:11:24:10 +0530] "OPTIONS * HTTP/1.0" 200 126 "-" "Apache/2.2.22 (Ubuntu) (internal dummy connection)"
115.241.90.94 - - [23/Mar/2014:11:25:23 +0530] "GET /wa/ HTTP/1.1" 200 1706 "-" "Mozilla/5.0 (X11; Linux i686) AppleWebKit/537.36 (KHTML, like Gecko) Chrome/32.0.1700.102 Safari/537.36"
115.241.90.94 - - [23/Mar/2014:11:25:24 +0530] "GET /static/wa/arctic-sunset-css/js/libs/modernizr.min.js HTTP/1.1" 404 1279 "http://ec2-54-213-4-161.us-west-2.compute.amazonaws.com/wa/" "Mozilla/5.0 (X11; Linux i686) AppleWebKit/537.36 (KHTML, like Gecko) Chrome/32.0.1700.102 Safari/537.36"
115.241.90.94 - - [23/Mar/2014:11:25:24 +0530] "GET /static/wa/arctic-sunset-css/js/libs/jquery-1.10.0.js HTTP/1.1" 404 1281 "http://ec2-54-213-4-161.us-west-2.compute.amazonaws.com/wa/" "Mozilla/5.0 (X11; Linux i686) AppleWebKit/537.36 (KHTML, like Gecko) Chrome/32.0.1700.102 Safari/537.36"
115.241.90.94 - - [23/Mar/2014:11:25:24 +0530] "GET /static/wa/arctic-sunset-css/css/bootstrap.css HTTP/1.1" 404 1272 "http://ec2-54-213-4-161.us-west-2.compute.amazonaws.com/wa/" "Mozilla/5.0 (X11; Linux i686) AppleWebKit/537.36 (KHTML, like Gecko) Chrome/32.0.1700.102 Safari/537.36"
115.241.90.94 - - [23/Mar/2014:11:25:24 +0530] "GET /static/wa/arctic-sunset-css/css/chosen.css HTTP/1.1" 404 1268 "http://ec2-54-213-4-161.us-west-2.compute.amazonaws.com/wa/" "Mozilla/5.0 (X11; Linux i686) AppleWebKit/537.36 (KHTML, like Gecko) Chrome/32.0.1700.102 Safari/537.36"
115.241.90.94 - - [23/Mar/2014:11:25:24 +0530] "GET /static/wa/arctic-sunset-css/css/cusel.css HTTP/1.1" 404 1267 "http://ec2-54-213-4-161.us-west-2.compute.amazonaws.com/wa/" "Mozilla/5.0 (X11; Linux i686) AppleWebKit/537.36 (KHTML, like Gecko) Chrome/32.0.1700.102 Safari/537.36"
115.241.90.94 - - [23/Mar/2014:11:25:24 +0530] "GET /static/wa/arctic-sunset-css/js/jquery.chosen.min.js HTTP/1.1" 404 1278 "http://ec2-54-213-4-161.us-west-2.compute.amazonaws.com/wa/" "Mozilla/5.0 (X11; Linux i686) AppleWebKit/537.36 (KHTML, like Gecko) Chrome/32.0.1700.102 Safari/537.36"
115.241.90.94 - - [23/Mar/2014:11:25:25 +0530] "GET /static/wa/arctic-sunset-css/js/general.js HTTP/1.1" 404 1272 "http://ec2-54-213-4-161.us-west-2.compute.amazonaws.com/wa/" "Mozilla/5.0 (X11; Linux i686) AppleWebKit/537.36 (KHTML, like Gecko) Chrome/32.0.1700.102 Safari/537.36"
115.241.90.94 - - [23/Mar/2014:11:25:24 +0530] "GET /static/wa/arctic-sunset-css/style.css HTTP/1.1" 404 1265 "http://ec2-54-213-4-161.us-west-2.compute.amazonaws.com/wa/" "Mozilla/5.0 (X11; Linux i686) AppleWebKit/537.36 (KHTML, like Gecko) Chrome/32.0.1700.102 Safari/537.36"
115.241.90.94 - - [23/Mar/2014:11:25:24 +0530] "GET /static/wa/arctic-sunset-css/js/libs/jquery-ui.min.js HTTP/1.1" 404 1280 "http://ec2-54-213-4-161.us-west-2.compute.amazonaws.com/wa/" "Mozilla/5.0 (X11; Linux i686) AppleWebKit/537.36 (KHTML, like Gecko) Chrome/32.0.1700.102 Safari/537.36"
115.241.90.94 - - [23/Mar/2014:11:25:24 +0530] "GET /static/wa/arctic-sunset-css/js/libs/bootstrap.min.js HTTP/1.1" 404 1279 "http://ec2-54-213-4-161.us-west-2.compute.amazonaws.com/wa/" "Mozilla/5.0 (X11; Linux i686) AppleWebKit/537.36 (KHTML, like Gecko) Chrome/32.0.1700.102 Safari/537.36"
127.0.0.1 - - [23/Mar/2014:11:25:33 +0530] "OPTIONS * HTTP/1.0" 200 126 "-" "Apache/2.2.22 (Ubuntu) (internal dummy connection)"
122.172.10.54 - - [23/Mar/2014:11:27:17 +0530] "GET /wiki HTTP/1.1" 404 1217 "-" "Mozilla/5.0 (X11; Linux x86_64) AppleWebKit/537.36 (KHTML, like Gecko) Chrome/33.0.1750.152 Safari/537.36"
122.172.10.54 - - [23/Mar/2014:11:27:17 +0530] "GET /favicon.ico HTTP/1.1" 404 1223 "-" "Mozilla/5.0 (X11; Linux x86_64) AppleWebKit/537.36 (KHTML, like Gecko) Chrome/33.0.1750.152 Safari/537.36"
122.172.10.54 - - [23/Mar/2014:11:27:24 +0530] "GET /wiki/wa HTTP/1.1" 404 1221 "-" "Mozilla/5.0 (X11; Linux x86_64) AppleWebKit/537.36 (KHTML, like Gecko) Chrome/33.0.1750.152 Safari/537.36"
122.172.10.54 - - [23/Mar/2014:11:27:31 +0530] "GET /wa HTTP/1.1" 301 350 "-" "Mozilla/5.0 (X11; Linux x86_64) AppleWebKit/537.36 (KHTML, like Gecko) Chrome/33.0.1750.152 Safari/537.36"
122.172.10.54 - - [23/Mar/2014:11:27:32 +0530] "GET /wa/ HTTP/1.1" 200 1704 "-" "Mozilla/5.0 (X11; Linux x86_64) AppleWebKit/537.36 (KHTML, like Gecko) Chrome/33.0.1750.152 Safari/537.36"
122.172.10.54 - - [23/Mar/2014:11:27:32 +0530] "GET /static/wa/arctic-sunset-css/js/libs/jquery-1.10.0.js HTTP/1.1" 404 1257 "http://54.213.4.161/wa/" "Mozilla/5.0 (X11; Linux x86_64) AppleWebKit/537.36 (KHTML, like Gecko) Chrome/33.0.1750.152 Safari/537.36"
122.172.10.54 - - [23/Mar/2014:11:27:32 +0530] "GET /static/wa/arctic-sunset-css/js/libs/modernizr.min.js HTTP/1.1" 404 1254 "http://54.213.4.161/wa/" "Mozilla/5.0 (X11; Linux x86_64) AppleWebKit/537.36 (KHTML, like Gecko) Chrome/33.0.1750.152 Safari/537.36"
122.172.10.54 - - [23/Mar/2014:11:27:32 +0530] "GET /static/wa/arctic-sunset-css/css/bootstrap.css HTTP/1.1" 404 1247 "http://54.213.4.161/wa/" "Mozilla/5.0 (X11; Linux x86_64) AppleWebKit/537.36 (KHTML, like Gecko) Chrome/33.0.1750.152 Safari/537.36"
122.172.10.54 - - [23/Mar/2014:11:27:33 +0530] "GET /static/wa/arctic-sunset-css/style.css HTTP/1.1" 404 1240 "http://54.213.4.161/wa/" "Mozilla/5.0 (X11; Linux x86_64) AppleWebKit/537.36 (KHTML, like Gecko) Chrome/33.0.1750.152 Safari/537.36"
122.172.10.54 - - [23/Mar/2014:11:27:33 +0530] "GET /static/wa/arctic-sunset-css/css/chosen.css HTTP/1.1" 404 1244 "http://54.213.4.161/wa/" "Mozilla/5.0 (X11; Linux x86_64) AppleWebKit/537.36 (KHTML, like Gecko) Chrome/33.0.1750.152 Safari/537.36"
122.172.10.54 - - [23/Mar/2014:11:27:33 +0530] "GET /static/wa/arctic-sunset-css/css/cusel.css HTTP/1.1" 404 1243 "http://54.213.4.161/wa/" "Mozilla/5.0 (X11; Linux x86_64) AppleWebKit/537.36 (KHTML, like Gecko) Chrome/33.0.1750.152 Safari/537.36"
122.172.10.54 - - [23/Mar/2014:11:27:33 +0530] "GET /static/wa/arctic-sunset-css/js/libs/jquery-ui.min.js HTTP/1.1" 404 1254 "http://54.213.4.161/wa/" "Mozilla/5.0 (X11; Linux x86_64) AppleWebKit/537.36 (KHTML, like Gecko) Chrome/33.0.1750.152 Safari/537.36"
122.172.10.54 - - [23/Mar/2014:11:27:33 +0530] "GET /static/wa/arctic-sunset-css/js/libs/bootstrap.min.js HTTP/1.1" 404 1254 "http://54.213.4.161/wa/" "Mozilla/5.0 (X11; Linux x86_64) AppleWebKit/537.36 (KHTML, like Gecko) Chrome/33.0.1750.152 Safari/537.36"
122.172.10.54 - - [23/Mar/2014:11:27:33 +0530] "GET /static/wa/arctic-sunset-css/js/jquery.chosen.min.js HTTP/1.1" 404 1254 "http://54.213.4.161/wa/" "Mozilla/5.0 (X11; Linux x86_64) AppleWebKit/537.36 (KHTML, like Gecko) Chrome/33.0.1750.152 Safari/537.36"
122.172.10.54 - - [23/Mar/2014:11:27:33 +0530] "GET /static/wa/arctic-sunset-css/js/general.js HTTP/1.1" 404 1245 "http://54.213.4.161/wa/" "Mozilla/5.0 (X11; Linux x86_64) AppleWebKit/537.36 (KHTML, like Gecko) Chrome/33.0.1750.152 Safari/537.36"
127.0.0.1 - - [23/Mar/2014:11:27:40 +0530] "OPTIONS * HTTP/1.0" 200 126 "-" "Apache/2.2.22 (Ubuntu) (internal dummy connection)"
122.172.10.54 - - [23/Mar/2014:11:29:07 +0530] "GET /wa/ HTTP/1.1" 200 1705 "-" "Mozilla/5.0 (X11; Linux x86_64) AppleWebKit/537.36 (KHTML, like Gecko) Chrome/33.0.1750.152 Safari/537.36"
122.172.10.54 - - [23/Mar/2014:11:29:08 +0530] "GET /static/wa/arctic-sunset-css/js/libs/modernizr.min.js HTTP/1.1" 404 530 "http://54.213.4.161/wa/" "Mozilla/5.0 (X11; Linux x86_64) AppleWebKit/537.36 (KHTML, like Gecko) Chrome/33.0.1750.152 Safari/537.36"
122.172.10.54 - - [23/Mar/2014:05:59:08 +0000] "GET /static/wa/arctic-sunset-css/js/libs/bootstrap.min.js HTTP/1.1" 404 530 "http://54.213.4.161/wa/" "Mozilla/5.0 (X11; Linux x86_64) AppleWebKit/537.36 (KHTML, like Gecko) Chrome/33.0.1750.152 Safari/537.36"
122.172.10.54 - - [23/Mar/2014:05:59:08 +0000] "GET /static/wa/arctic-sunset-css/js/libs/jquery-ui.min.js HTTP/1.1" 404 530 "http://54.213.4.161/wa/" "Mozilla/5.0 (X11; Linux x86_64) AppleWebKit/537.36 (KHTML, like Gecko) Chrome/33.0.1750.152 Safari/537.36"
122.172.10.54 - - [23/Mar/2014:05:59:08 +0000] "GET /static/wa/arctic-sunset-css/css/cusel.css HTTP/1.1" 404 519 "http://54.213.4.161/wa/" "Mozilla/5.0 (X11; Linux x86_64) AppleWebKit/537.36 (KHTML, like Gecko) Chrome/33.0.1750.152 Safari/537.36"
122.172.10.54 - - [23/Mar/2014:05:59:08 +0000] "GET /static/wa/arctic-sunset-css/js/libs/jquery-1.10.0.js HTTP/1.1" 404 529 "http://54.213.4.161/wa/" "Mozilla/5.0 (X11; Linux x86_64) AppleWebKit/537.36 (KHTML, like Gecko) Chrome/33.0.1750.152 Safari/537.36"
122.172.10.54 - - [23/Mar/2014:05:59:08 +0000] "GET /static/wa/arctic-sunset-css/css/bootstrap.css HTTP/1.1" 404 523 "http://54.213.4.161/wa/" "Mozilla/5.0 (X11; Linux x86_64) AppleWebKit/537.36 (KHTML, like Gecko) Chrome/33.0.1750.152 Safari/537.36"
122.172.10.54 - - [23/Mar/2014:11:29:09 +0530] "GET /static/wa/arctic-sunset-css/style.css HTTP/1.1" 404 517 "http://54.213.4.161/wa/" "Mozilla/5.0 (X11; Linux x86_64) AppleWebKit/537.36 (KHTML, like Gecko) Chrome/33.0.1750.152 Safari/537.36"
122.172.10.54 - - [23/Mar/2014:05:59:09 +0000] "GET /static/wa/arctic-sunset-css/css/chosen.css HTTP/1.1" 404 520 "http://54.213.4.161/wa/" "Mozilla/5.0 (X11; Linux x86_64) AppleWebKit/537.36 (KHTML, like Gecko) Chrome/33.0.1750.152 Safari/537.36"
122.172.10.54 - - [23/Mar/2014:05:59:09 +0000] "GET /static/wa/arctic-sunset-css/js/jquery.chosen.min.js HTTP/1.1" 404 529 "http://54.213.4.161/wa/" "Mozilla/5.0 (X11; Linux x86_64) AppleWebKit/537.36 (KHTML, like Gecko) Chrome/33.0.1750.152 Safari/537.36"
122.172.10.54 - - [23/Mar/2014:05:59:09 +0000] "GET /static/wa/arctic-sunset-css/js/general.js HTTP/1.1" 404 522 "http://54.213.4.161/wa/" "Mozilla/5.0 (X11; Linux x86_64) AppleWebKit/537.36 (KHTML, like Gecko) Chrome/33.0.1750.152 Safari/537.36"
127.0.0.1 - - [23/Mar/2014:05:59:16 +0000] "OPTIONS * HTTP/1.0" 200 126 "-" "Apache/2.2.22 (Ubuntu) (internal dummy connection)"
127.0.0.1 - - [23/Mar/2014:05:59:17 +0000] "OPTIONS * HTTP/1.0" 200 126 "-" "Apache/2.2.22 (Ubuntu) (internal dummy connection)"
127.0.0.1 - - [23/Mar/2014:05:59:18 +0000] "OPTIONS * HTTP/1.0" 200 126 "-" "Apache/2.2.22 (Ubuntu) (internal dummy connection)"
122.172.10.54 - - [23/Mar/2014:11:29:20 +0530] "GET /wa/ HTTP/1.1" 200 1705 "-" "Mozilla/5.0 (X11; Linux x86_64) AppleWebKit/537.36 (KHTML, like Gecko) Chrome/33.0.1750.152 Safari/537.36"
122.172.10.54 - - [23/Mar/2014:11:29:22 +0530] "GET /static/wa/arctic-sunset-css/js/libs/modernizr.min.js HTTP/1.1" 404 530 "http://54.213.4.161/wa/" "Mozilla/5.0 (X11; Linux x86_64) AppleWebKit/537.36 (KHTML, like Gecko) Chrome/33.0.1750.152 Safari/537.36"
122.172.10.54 - - [23/Mar/2014:05:59:22 +0000] "GET /static/wa/arctic-sunset-css/js/libs/jquery-1.10.0.js HTTP/1.1" 404 529 "http://54.213.4.161/wa/" "Mozilla/5.0 (X11; Linux x86_64) AppleWebKit/537.36 (KHTML, like Gecko) Chrome/33.0.1750.152 Safari/537.36"
122.172.10.54 - - [23/Mar/2014:05:59:22 +0000] "GET /static/wa/arctic-sunset-css/js/libs/jquery-ui.min.js HTTP/1.1" 404 530 "http://54.213.4.161/wa/" "Mozilla/5.0 (X11; Linux x86_64) AppleWebKit/537.36 (KHTML, like Gecko) Chrome/33.0.1750.152 Safari/537.36"
122.172.10.54 - - [23/Mar/2014:05:59:22 +0000] "GET /static/wa/arctic-sunset-css/js/libs/bootstrap.min.js HTTP/1.1" 404 530 "http://54.213.4.161/wa/" "Mozilla/5.0 (X11; Linux x86_64) AppleWebKit/537.36 (KHTML, like Gecko) Chrome/33.0.1750.152 Safari/537.36"
122.172.10.54 - - [23/Mar/2014:05:59:22 +0000] "GET /static/wa/arctic-sunset-css/css/bootstrap.css HTTP/1.1" 404 523 "http://54.213.4.161/wa/" "Mozilla/5.0 (X11; Linux x86_64) AppleWebKit/537.36 (KHTML, like Gecko) Chrome/33.0.1750.152 Safari/537.36"
122.172.10.54 - - [23/Mar/2014:05:59:22 +0000] "GET /static/wa/arctic-sunset-css/style.css HTTP/1.1" 404 518 "http://54.213.4.161/wa/" "Mozilla/5.0 (X11; Linux x86_64) AppleWebKit/537.36 (KHTML, like Gecko) Chrome/33.0.1750.152 Safari/537.36"
122.172.10.54 - - [23/Mar/2014:11:29:22 +0530] "GET /static/wa/arctic-sunset-css/css/chosen.css HTTP/1.1" 404 520 "http://54.213.4.161/wa/" "Mozilla/5.0 (X11; Linux x86_64) AppleWebKit/537.36 (KHTML, like Gecko) Chrome/33.0.1750.152 Safari/537.36"
122.172.10.54 - - [23/Mar/2014:05:59:22 +0000] "GET /static/wa/arctic-sunset-css/css/cusel.css HTTP/1.1" 404 518 "http://54.213.4.161/wa/" "Mozilla/5.0 (X11; Linux x86_64) AppleWebKit/537.36 (KHTML, like Gecko) Chrome/33.0.1750.152 Safari/537.36"
122.172.10.54 - - [23/Mar/2014:05:59:22 +0000] "GET /static/wa/arctic-sunset-css/js/jquery.chosen.min.js HTTP/1.1" 404 529 "http://54.213.4.161/wa/" "Mozilla/5.0 (X11; Linux x86_64) AppleWebKit/537.36 (KHTML, like Gecko) Chrome/33.0.1750.152 Safari/537.36"
122.172.10.54 - - [23/Mar/2014:05:59:22 +0000] "GET /static/wa/arctic-sunset-css/js/general.js HTTP/1.1" 404 522 "http://54.213.4.161/wa/" "Mozilla/5.0 (X11; Linux x86_64) AppleWebKit/537.36 (KHTML, like Gecko) Chrome/33.0.1750.152 Safari/537.36"
127.0.0.1 - - [23/Mar/2014:11:29:29 +0530] "OPTIONS * HTTP/1.0" 200 126 "-" "Apache/2.2.22 (Ubuntu) (internal dummy connection)"
122.172.10.54 - - [23/Mar/2014:11:37:54 +0530] "GET /wa/ HTTP/1.1" 200 1705 "-" "Mozilla/5.0 (X11; Linux x86_64) AppleWebKit/537.36 (KHTML, like Gecko) Chrome/33.0.1750.152 Safari/537.36"
122.172.10.54 - - [23/Mar/2014:11:37:55 +0530] "GET /static/wa/arctic-sunset-css/js/libs/modernizr.min.js HTTP/1.1" 200 6898 "http://54.213.4.161/wa/" "Mozilla/5.0 (X11; Linux x86_64) AppleWebKit/537.36 (KHTML, like Gecko) Chrome/33.0.1750.152 Safari/537.36"
122.172.10.54 - - [23/Mar/2014:06:07:55 +0000] "GET /static/wa/arctic-sunset-css/js/libs/bootstrap.min.js HTTP/1.1" 200 7605 "http://54.213.4.161/wa/" "Mozilla/5.0 (X11; Linux x86_64) AppleWebKit/537.36 (KHTML, like Gecko) Chrome/33.0.1750.152 Safari/537.36"
122.172.10.54 - - [23/Mar/2014:06:07:55 +0000] "GET /static/wa/arctic-sunset-css/css/bootstrap.css HTTP/1.1" 200 17674 "http://54.213.4.161/wa/" "Mozilla/5.0 (X11; Linux x86_64) AppleWebKit/537.36 (KHTML, like Gecko) Chrome/33.0.1750.152 Safari/537.36"
122.172.10.54 - - [23/Mar/2014:06:07:55 +0000] "GET /static/wa/arctic-sunset-css/style.css HTTP/1.1" 200 11682 "http://54.213.4.161/wa/" "Mozilla/5.0 (X11; Linux x86_64) AppleWebKit/537.36 (KHTML, like Gecko) Chrome/33.0.1750.152 Safari/537.36"
122.172.10.54 - - [23/Mar/2014:11:37:55 +0530] "GET /static/wa/arctic-sunset-css/css/chosen.css HTTP/1.1" 200 2815 "http://54.213.4.161/wa/" "Mozilla/5.0 (X11; Linux x86_64) AppleWebKit/537.36 (KHTML, like Gecko) Chrome/33.0.1750.152 Safari/537.36"
122.172.10.54 - - [23/Mar/2014:06:07:55 +0000] "GET /static/wa/arctic-sunset-css/css/cusel.css HTTP/1.1" 200 1770 "http://54.213.4.161/wa/" "Mozilla/5.0 (X11; Linux x86_64) AppleWebKit/537.36 (KHTML, like Gecko) Chrome/33.0.1750.152 Safari/537.36"
122.172.10.54 - - [23/Mar/2014:06:07:55 +0000] "GET /static/wa/arctic-sunset-css/js/libs/jquery-ui.min.js HTTP/1.1" 200 60982 "http://54.213.4.161/wa/" "Mozilla/5.0 (X11; Linux x86_64) AppleWebKit/537.36 (KHTML, like Gecko) Chrome/33.0.1750.152 Safari/537.36"
122.172.10.54 - - [23/Mar/2014:06:07:55 +0000] "GET /static/wa/arctic-sunset-css/js/jquery.chosen.min.js HTTP/1.1" 200 6269 "http://54.213.4.161/wa/" "Mozilla/5.0 (X11; Linux x86_64) AppleWebKit/537.36 (KHTML, like Gecko) Chrome/33.0.1750.152 Safari/537.36"
122.172.10.54 - - [23/Mar/2014:06:07:55 +0000] "GET /static/wa/arctic-sunset-css/js/libs/jquery-1.10.0.js HTTP/1.1" 200 81746 "http://54.213.4.161/wa/" "Mozilla/5.0 (X11; Linux x86_64) AppleWebKit/537.36 (KHTML, like Gecko) Chrome/33.0.1750.152 Safari/537.36"
122.172.10.54 - - [23/Mar/2014:11:37:55 +0530] "GET /static/wa/arctic-sunset-css/js/general.js HTTP/1.1" 200 3118 "http://54.213.4.161/wa/" "Mozilla/5.0 (X11; Linux x86_64) AppleWebKit/537.36 (KHTML, like Gecko) Chrome/33.0.1750.152 Safari/537.36"
122.172.10.54 - - [23/Mar/2014:06:07:56 +0000] "GET /static/wa/arctic-sunset-css/images/bg.png HTTP/1.1" 200 15417 "http://54.213.4.161/wa/" "Mozilla/5.0 (X11; Linux x86_64) AppleWebKit/537.36 (KHTML, like Gecko) Chrome/33.0.1750.152 Safari/537.36"
122.172.10.54 - - [23/Mar/2014:11:37:56 +0530] "GET /static/wa/arctic-sunset-css/images/ribbons.png HTTP/1.1" 200 28301 "http://54.213.4.161/wa/" "Mozilla/5.0 (X11; Linux x86_64) AppleWebKit/537.36 (KHTML, like Gecko) Chrome/33.0.1750.152 Safari/537.36"
122.172.10.54 - - [23/Mar/2014:06:07:56 +0000] "GET /static/wa/arctic-sunset-css/images/ribbons-shadow.png HTTP/1.1" 200 9559 "http://54.213.4.161/wa/" "Mozilla/5.0 (X11; Linux x86_64) AppleWebKit/537.36 (KHTML, like Gecko) Chrome/33.0.1750.152 Safari/537.36"
122.172.10.54 - - [23/Mar/2014:06:07:56 +0000] "GET /static/wa/arctic-sunset-css/images/box_bg_bot.jpg HTTP/1.1" 200 1499 "http://54.213.4.161/wa/" "Mozilla/5.0 (X11; Linux x86_64) AppleWebKit/537.36 (KHTML, like Gecko) Chrome/33.0.1750.152 Safari/537.36"
122.172.10.54 - - [23/Mar/2014:06:07:56 +0000] "GET /static/wa/arctic-sunset-css/images/buttons.png HTTP/1.1" 200 45460 "http://54.213.4.161/wa/" "Mozilla/5.0 (X11; Linux x86_64) AppleWebKit/537.36 (KHTML, like Gecko) Chrome/33.0.1750.152 Safari/537.36"
127.0.0.1 - - [23/Mar/2014:06:08:04 +0000] "OPTIONS * HTTP/1.0" 200 126 "-" "Apache/2.2.22 (Ubuntu) (internal dummy connection)"
127.0.0.1 - - [23/Mar/2014:06:08:05 +0000] "OPTIONS * HTTP/1.0" 200 126 "-" "Apache/2.2.22 (Ubuntu) (internal dummy connection)"
115.241.90.94 - - [23/Mar/2014:11:38:21 +0530] "GET /wa/ HTTP/1.1" 200 1706 "-" "Mozilla/5.0 (X11; Linux i686) AppleWebKit/537.36 (KHTML, like Gecko) Chrome/32.0.1700.102 Safari/537.36"
115.241.90.94 - - [23/Mar/2014:11:38:22 +0530] "GET /static/wa/arctic-sunset-css/js/libs/modernizr.min.js HTTP/1.1" 200 6898 "http://ec2-54-213-4-161.us-west-2.compute.amazonaws.com/wa/" "Mozilla/5.0 (X11; Linux i686) AppleWebKit/537.36 (KHTML, like Gecko) Chrome/32.0.1700.102 Safari/537.36"
115.241.90.94 - - [23/Mar/2014:06:08:22 +0000] "GET /static/wa/arctic-sunset-css/css/cusel.css HTTP/1.1" 200 1771 "http://ec2-54-213-4-161.us-west-2.compute.amazonaws.com/wa/" "Mozilla/5.0 (X11; Linux i686) AppleWebKit/537.36 (KHTML, like Gecko) Chrome/32.0.1700.102 Safari/537.36"
115.241.90.94 - - [23/Mar/2014:06:08:22 +0000] "GET /static/wa/arctic-sunset-css/style.css HTTP/1.1" 200 11682 "http://ec2-54-213-4-161.us-west-2.compute.amazonaws.com/wa/" "Mozilla/5.0 (X11; Linux i686) AppleWebKit/537.36 (KHTML, like Gecko) Chrome/32.0.1700.102 Safari/537.36"
115.241.90.94 - - [23/Mar/2014:06:08:23 +0000] "GET /static/wa/arctic-sunset-css/js/libs/bootstrap.min.js HTTP/1.1" 200 7605 "http://ec2-54-213-4-161.us-west-2.compute.amazonaws.com/wa/" "Mozilla/5.0 (X11; Linux i686) AppleWebKit/537.36 (KHTML, like Gecko) Chrome/32.0.1700.102 Safari/537.36"
115.241.90.94 - - [23/Mar/2014:11:38:23 +0530] "GET /static/wa/arctic-sunset-css/css/bootstrap.css HTTP/1.1" 200 17673 "http://ec2-54-213-4-161.us-west-2.compute.amazonaws.com/wa/" "Mozilla/5.0 (X11; Linux i686) AppleWebKit/537.36 (KHTML, like Gecko) Chrome/32.0.1700.102 Safari/537.36"
115.241.90.94 - - [23/Mar/2014:06:08:23 +0000] "GET /static/wa/arctic-sunset-css/css/chosen.css HTTP/1.1" 200 2815 "http://ec2-54-213-4-161.us-west-2.compute.amazonaws.com/wa/" "Mozilla/5.0 (X11; Linux i686) AppleWebKit/537.36 (KHTML, like Gecko) Chrome/32.0.1700.102 Safari/537.36"
115.241.90.94 - - [23/Mar/2014:06:08:23 +0000] "GET /static/wa/arctic-sunset-css/js/jquery.chosen.min.js HTTP/1.1" 200 6269 "http://ec2-54-213-4-161.us-west-2.compute.amazonaws.com/wa/" "Mozilla/5.0 (X11; Linux i686) AppleWebKit/537.36 (KHTML, like Gecko) Chrome/32.0.1700.102 Safari/537.36"
115.241.90.94 - - [23/Mar/2014:06:08:22 +0000] "GET /static/wa/arctic-sunset-css/js/libs/jquery-1.10.0.js HTTP/1.1" 200 81746 "http://ec2-54-213-4-161.us-west-2.compute.amazonaws.com/wa/" "Mozilla/5.0 (X11; Linux i686) AppleWebKit/537.36 (KHTML, like Gecko) Chrome/32.0.1700.102 Safari/537.36"
115.241.90.94 - - [23/Mar/2014:06:08:22 +0000] "GET /static/wa/arctic-sunset-css/js/libs/jquery-ui.min.js HTTP/1.1" 200 60982 "http://ec2-54-213-4-161.us-west-2.compute.amazonaws.com/wa/" "Mozilla/5.0 (X11; Linux i686) AppleWebKit/537.36 (KHTML, like Gecko) Chrome/32.0.1700.102 Safari/537.36"
115.241.90.94 - - [23/Mar/2014:06:08:23 +0000] "GET /static/wa/arctic-sunset-css/js/general.js HTTP/1.1" 200 3118 "http://ec2-54-213-4-161.us-west-2.compute.amazonaws.com/wa/" "Mozilla/5.0 (X11; Linux i686) AppleWebKit/537.36 (KHTML, like Gecko) Chrome/32.0.1700.102 Safari/537.36"
122.172.10.54 - - [23/Mar/2014:11:38:24 +0530] "GET /wa/register HTTP/1.1" 301 359 "http://54.213.4.161/wa/" "Mozilla/5.0 (X11; Linux x86_64) AppleWebKit/537.36 (KHTML, like Gecko) Chrome/33.0.1750.152 Safari/537.36"
115.241.90.94 - - [23/Mar/2014:06:08:25 +0000] "GET /static/wa/arctic-sunset-css/images/bg.png HTTP/1.1" 200 15417 "http://ec2-54-213-4-161.us-west-2.compute.amazonaws.com/wa/" "Mozilla/5.0 (X11; Linux i686) AppleWebKit/537.36 (KHTML, like Gecko) Chrome/32.0.1700.102 Safari/537.36"
122.172.10.54 - - [23/Mar/2014:11:38:25 +0530] "GET /wa/register/ HTTP/1.1" 200 2381 "http://54.213.4.161/wa/" "Mozilla/5.0 (X11; Linux x86_64) AppleWebKit/537.36 (KHTML, like Gecko) Chrome/33.0.1750.152 Safari/537.36"
115.241.90.94 - - [23/Mar/2014:06:08:25 +0000] "GET /static/wa/arctic-sunset-css/images/ribbons-shadow.png HTTP/1.1" 200 9559 "http://ec2-54-213-4-161.us-west-2.compute.amazonaws.com/wa/" "Mozilla/5.0 (X11; Linux i686) AppleWebKit/537.36 (KHTML, like Gecko) Chrome/32.0.1700.102 Safari/537.36"
115.241.90.94 - - [23/Mar/2014:11:38:25 +0530] "GET /static/wa/arctic-sunset-css/images/ribbons.png HTTP/1.1" 200 28301 "http://ec2-54-213-4-161.us-west-2.compute.amazonaws.com/wa/" "Mozilla/5.0 (X11; Linux i686) AppleWebKit/537.36 (KHTML, like Gecko) Chrome/32.0.1700.102 Safari/537.36"
115.241.90.94 - - [23/Mar/2014:06:08:25 +0000] "GET /static/wa/arctic-sunset-css/images/box_bg_bot.jpg HTTP/1.1" 200 1499 "http://ec2-54-213-4-161.us-west-2.compute.amazonaws.com/wa/" "Mozilla/5.0 (X11; Linux i686) AppleWebKit/537.36 (KHTML, like Gecko) Chrome/32.0.1700.102 Safari/537.36"
122.172.10.54 - - [23/Mar/2014:11:38:25 +0530] "GET /static/wa/arctic-sunset-css/images/icons/plus.png HTTP/1.1" 200 1666 "http://54.213.4.161/wa/register/" "Mozilla/5.0 (X11; Linux x86_64) AppleWebKit/537.36 (KHTML, like Gecko) Chrome/33.0.1750.152 Safari/537.36"
115.241.90.94 - - [23/Mar/2014:06:08:25 +0000] "GET /static/wa/arctic-sunset-css/images/buttons.png HTTP/1.1" 200 45460 "http://ec2-54-213-4-161.us-west-2.compute.amazonaws.com/wa/" "Mozilla/5.0 (X11; Linux i686) AppleWebKit/537.36 (KHTML, like Gecko) Chrome/32.0.1700.102 Safari/537.36"
127.0.0.1 - - [23/Mar/2014:06:08:32 +0000] "OPTIONS * HTTP/1.0" 200 126 "-" "Apache/2.2.22 (Ubuntu) (internal dummy connection)"
127.0.0.1 - - [23/Mar/2014:06:08:33 +0000] "OPTIONS * HTTP/1.0" 200 126 "-" "Apache/2.2.22 (Ubuntu) (internal dummy connection)"
127.0.0.1 - - [23/Mar/2014:06:08:34 +0000] "OPTIONS * HTTP/1.0" 200 126 "-" "Apache/2.2.22 (Ubuntu) (internal dummy connection)"
127.0.0.1 - - [23/Mar/2014:06:08:36 +0000] "OPTIONS * HTTP/1.0" 200 126 "-" "Apache/2.2.22 (Ubuntu) (internal dummy connection)"
115.241.90.94 - - [23/Mar/2014:11:38:42 +0530] "GET /wa/register HTTP/1.1" 301 395 "http://ec2-54-213-4-161.us-west-2.compute.amazonaws.com/wa/" "Mozilla/5.0 (X11; Linux i686) AppleWebKit/537.36 (KHTML, like Gecko) Chrome/32.0.1700.102 Safari/537.36"
115.241.90.94 - - [23/Mar/2014:11:38:44 +0530] "GET /wa/register/ HTTP/1.1" 200 2381 "http://ec2-54-213-4-161.us-west-2.compute.amazonaws.com/wa/" "Mozilla/5.0 (X11; Linux i686) AppleWebKit/537.36 (KHTML, like Gecko) Chrome/32.0.1700.102 Safari/537.36"
115.241.90.94 - - [23/Mar/2014:11:38:44 +0530] "GET /static/wa/arctic-sunset-css/images/icons/plus.png HTTP/1.1" 200 1666 "http://ec2-54-213-4-161.us-west-2.compute.amazonaws.com/wa/register/" "Mozilla/5.0 (X11; Linux i686) AppleWebKit/537.36 (KHTML, like Gecko) Chrome/32.0.1700.102 Safari/537.36"
59.93.72.46 - - [23/Mar/2014:11:39:14 +0530] "GET /wa/ HTTP/1.1" 200 1709 "-" "Mozilla/5.0 (Windows NT 6.1; WOW64) AppleWebKit/537.36 (KHTML, like Gecko) Chrome/33.0.1750.154 Safari/537.36"
59.93.72.46 - - [23/Mar/2014:11:39:16 +0530] "GET /static/wa/arctic-sunset-css/js/libs/modernizr.min.js HTTP/1.1" 200 6898 "http://ec2-54-213-4-161.us-west-2.compute.amazonaws.com/wa/" "Mozilla/5.0 (Windows NT 6.1; WOW64) AppleWebKit/537.36 (KHTML, like Gecko) Chrome/33.0.1750.154 Safari/537.36"
59.93.72.46 - - [23/Mar/2014:11:39:16 +0530] "GET /static/wa/arctic-sunset-css/css/bootstrap.css HTTP/1.1" 200 17674 "http://ec2-54-213-4-161.us-west-2.compute.amazonaws.com/wa/" "Mozilla/5.0 (Windows NT 6.1; WOW64) AppleWebKit/537.36 (KHTML, like Gecko) Chrome/33.0.1750.154 Safari/537.36"
59.93.72.46 - - [23/Mar/2014:06:09:16 +0000] "GET /static/wa/arctic-sunset-css/style.css HTTP/1.1" 200 11682 "http://ec2-54-213-4-161.us-west-2.compute.amazonaws.com/wa/" "Mozilla/5.0 (Windows NT 6.1; WOW64) AppleWebKit/537.36 (KHTML, like Gecko) Chrome/33.0.1750.154 Safari/537.36"
59.93.72.46 - - [23/Mar/2014:11:39:16 +0530] "GET /static/wa/arctic-sunset-css/css/chosen.css HTTP/1.1" 200 2816 "http://ec2-54-213-4-161.us-west-2.compute.amazonaws.com/wa/" "Mozilla/5.0 (Windows NT 6.1; WOW64) AppleWebKit/537.36 (KHTML, like Gecko) Chrome/33.0.1750.154 Safari/537.36"
59.93.72.46 - - [23/Mar/2014:11:39:16 +0530] "GET /static/wa/arctic-sunset-css/css/cusel.css HTTP/1.1" 200 1770 "http://ec2-54-213-4-161.us-west-2.compute.amazonaws.com/wa/" "Mozilla/5.0 (Windows NT 6.1; WOW64) AppleWebKit/537.36 (KHTML, like Gecko) Chrome/33.0.1750.154 Safari/537.36"
59.93.72.46 - - [23/Mar/2014:06:09:16 +0000] "GET /static/wa/arctic-sunset-css/js/libs/jquery-1.10.0.js HTTP/1.1" 200 81746 "http://ec2-54-213-4-161.us-west-2.compute.amazonaws.com/wa/" "Mozilla/5.0 (Windows NT 6.1; WOW64) AppleWebKit/537.36 (KHTML, like Gecko) Chrome/33.0.1750.154 Safari/537.36"
59.93.72.46 - - [23/Mar/2014:06:09:16 +0000] "GET /static/wa/arctic-sunset-css/js/libs/jquery-ui.min.js HTTP/1.1" 200 60982 "http://ec2-54-213-4-161.us-west-2.compute.amazonaws.com/wa/" "Mozilla/5.0 (Windows NT 6.1; WOW64) AppleWebKit/537.36 (KHTML, like Gecko) Chrome/33.0.1750.154 Safari/537.36"
59.93.72.46 - - [23/Mar/2014:06:09:17 +0000] "GET /static/wa/arctic-sunset-css/js/libs/bootstrap.min.js HTTP/1.1" 200 7604 "http://ec2-54-213-4-161.us-west-2.compute.amazonaws.com/wa/" "Mozilla/5.0 (Windows NT 6.1; WOW64) AppleWebKit/537.36 (KHTML, like Gecko) Chrome/33.0.1750.154 Safari/537.36"
59.93.72.46 - - [23/Mar/2014:11:39:17 +0530] "GET /static/wa/arctic-sunset-css/js/jquery.chosen.min.js HTTP/1.1" 200 6269 "http://ec2-54-213-4-161.us-west-2.compute.amazonaws.com/wa/" "Mozilla/5.0 (Windows NT 6.1; WOW64) AppleWebKit/537.36 (KHTML, like Gecko) Chrome/33.0.1750.154 Safari/537.36"
59.93.72.46 - - [23/Mar/2014:11:39:17 +0530] "GET /static/wa/arctic-sunset-css/js/general.js HTTP/1.1" 200 3118 "http://ec2-54-213-4-161.us-west-2.compute.amazonaws.com/wa/" "Mozilla/5.0 (Windows NT 6.1; WOW64) AppleWebKit/537.36 (KHTML, like Gecko) Chrome/33.0.1750.154 Safari/537.36"
59.93.72.46 - - [23/Mar/2014:06:09:18 +0000] "GET /static/wa/arctic-sunset-css/images/bg.png HTTP/1.1" 200 15417 "http://ec2-54-213-4-161.us-west-2.compute.amazonaws.com/wa/" "Mozilla/5.0 (Windows NT 6.1; WOW64) AppleWebKit/537.36 (KHTML, like Gecko) Chrome/33.0.1750.154 Safari/537.36"
59.93.72.46 - - [23/Mar/2014:06:09:18 +0000] "GET /static/wa/arctic-sunset-css/images/ribbons-shadow.png HTTP/1.1" 200 9559 "http://ec2-54-213-4-161.us-west-2.compute.amazonaws.com/wa/" "Mozilla/5.0 (Windows NT 6.1; WOW64) AppleWebKit/537.36 (KHTML, like Gecko) Chrome/33.0.1750.154 Safari/537.36"
59.93.72.46 - - [23/Mar/2014:11:39:18 +0530] "GET /static/wa/arctic-sunset-css/images/box_bg_bot.jpg HTTP/1.1" 200 1499 "http://ec2-54-213-4-161.us-west-2.compute.amazonaws.com/wa/" "Mozilla/5.0 (Windows NT 6.1; WOW64) AppleWebKit/537.36 (KHTML, like Gecko) Chrome/33.0.1750.154 Safari/537.36"
59.93.72.46 - - [23/Mar/2014:11:39:18 +0530] "GET /static/wa/arctic-sunset-css/images/ribbons.png HTTP/1.1" 200 28301 "http://ec2-54-213-4-161.us-west-2.compute.amazonaws.com/wa/" "Mozilla/5.0 (Windows NT 6.1; WOW64) AppleWebKit/537.36 (KHTML, like Gecko) Chrome/33.0.1750.154 Safari/537.36"
59.93.72.46 - - [23/Mar/2014:06:09:18 +0000] "GET /static/wa/arctic-sunset-css/images/buttons.png HTTP/1.1" 200 45460 "http://ec2-54-213-4-161.us-west-2.compute.amazonaws.com/wa/" "Mozilla/5.0 (Windows NT 6.1; WOW64) AppleWebKit/537.36 (KHTML, like Gecko) Chrome/33.0.1750.154 Safari/537.36"
59.93.72.46 - - [23/Mar/2014:11:39:19 +0530] "GET /favicon.ico HTTP/1.1" 404 1248 "-" "Mozilla/5.0 (Windows NT 6.1; WOW64) AppleWebKit/537.36 (KHTML, like Gecko) Chrome/33.0.1750.154 Safari/537.36"
59.93.72.46 - - [23/Mar/2014:11:39:23 +0530] "GET /wa/register HTTP/1.1" 301 394 "http://ec2-54-213-4-161.us-west-2.compute.amazonaws.com/wa/" "Mozilla/5.0 (Windows NT 6.1; WOW64) AppleWebKit/537.36 (KHTML, like Gecko) Chrome/33.0.1750.154 Safari/537.36"
59.93.72.46 - - [23/Mar/2014:11:39:23 +0530] "GET /wa/register/ HTTP/1.1" 200 2382 "http://ec2-54-213-4-161.us-west-2.compute.amazonaws.com/wa/" "Mozilla/5.0 (Windows NT 6.1; WOW64) AppleWebKit/537.36 (KHTML, like Gecko) Chrome/33.0.1750.154 Safari/537.36"
59.93.72.46 - - [23/Mar/2014:11:39:24 +0530] "GET /static/wa/arctic-sunset-css/images/icons/plus.png HTTP/1.1" 200 1666 "http://ec2-54-213-4-161.us-west-2.compute.amazonaws.com/wa/register/" "Mozilla/5.0 (Windows NT 6.1; WOW64) AppleWebKit/537.36 (KHTML, like Gecko) Chrome/33.0.1750.154 Safari/537.36"
127.0.0.1 - - [23/Mar/2014:06:09:31 +0000] "OPTIONS * HTTP/1.0" 200 126 "-" "Apache/2.2.22 (Ubuntu) (internal dummy connection)"
122.172.10.54 - - [23/Mar/2014:11:40:54 +0530] "GET /wa/register/ HTTP/1.1" 200 2382 "http://54.213.4.161/wa/" "Mozilla/5.0 (X11; Linux x86_64) AppleWebKit/537.36 (KHTML, like Gecko) Chrome/33.0.1750.152 Safari/537.36"
122.172.10.54 - - [23/Mar/2014:11:40:56 +0530] "GET /favicon.ico HTTP/1.1" 404 1223 "-" "Mozilla/5.0 (X11; Linux x86_64) AppleWebKit/537.36 (KHTML, like Gecko) Chrome/33.0.1750.152 Safari/537.36"
127.0.0.1 - - [23/Mar/2014:11:41:12 +0530] "OPTIONS * HTTP/1.0" 200 126 "-" "Apache/2.2.22 (Ubuntu) (internal dummy connection)"
122.172.10.54 - - [23/Mar/2014:11:41:40 +0530] "GET /wa/ HTTP/1.1" 200 1705 "-" "Mozilla/5.0 (X11; Linux x86_64) AppleWebKit/537.36 (KHTML, like Gecko) Chrome/33.0.1750.152 Safari/537.36"
127.0.0.1 - - [23/Mar/2014:11:41:52 +0530] "OPTIONS * HTTP/1.0" 200 126 "-" "Apache/2.2.22 (Ubuntu) (internal dummy connection)"
59.93.72.46 - - [23/Mar/2014:11:42:05 +0530] "GET /wa/ HTTP/1.1" 200 1705 "-" "Mozilla/5.0 (Windows NT 6.1; WOW64) AppleWebKit/537.36 (KHTML, like Gecko) Chrome/33.0.1750.154 Safari/537.36"
59.93.72.46 - - [23/Mar/2014:11:42:06 +0530] "GET /static/wa/arctic-sunset-css/js/libs/modernizr.min.js HTTP/1.1" 200 6898 "http://54.213.4.161/wa/" "Mozilla/5.0 (Windows NT 6.1; WOW64) AppleWebKit/537.36 (KHTML, like Gecko) Chrome/33.0.1750.154 Safari/537.36"
59.93.72.46 - - [23/Mar/2014:11:42:07 +0530] "GET /static/wa/arctic-sunset-css/css/bootstrap.css HTTP/1.1" 200 17674 "http://54.213.4.161/wa/" "Mozilla/5.0 (Windows NT 6.1; WOW64) AppleWebKit/537.36 (KHTML, like Gecko) Chrome/33.0.1750.154 Safari/537.36"
59.93.72.46 - - [23/Mar/2014:11:42:07 +0530] "GET /static/wa/arctic-sunset-css/style.css HTTP/1.1" 200 11681 "http://54.213.4.161/wa/" "Mozilla/5.0 (Windows NT 6.1; WOW64) AppleWebKit/537.36 (KHTML, like Gecko) Chrome/33.0.1750.154 Safari/537.36"
59.93.72.46 - - [23/Mar/2014:06:12:07 +0000] "GET /static/wa/arctic-sunset-css/css/chosen.css HTTP/1.1" 200 2816 "http://54.213.4.161/wa/" "Mozilla/5.0 (Windows NT 6.1; WOW64) AppleWebKit/537.36 (KHTML, like Gecko) Chrome/33.0.1750.154 Safari/537.36"
59.93.72.46 - - [23/Mar/2014:11:42:07 +0530] "GET /static/wa/arctic-sunset-css/css/cusel.css HTTP/1.1" 200 1771 "http://54.213.4.161/wa/" "Mozilla/5.0 (Windows NT 6.1; WOW64) AppleWebKit/537.36 (KHTML, like Gecko) Chrome/33.0.1750.154 Safari/537.36"
59.93.72.46 - - [23/Mar/2014:06:12:06 +0000] "GET /static/wa/arctic-sunset-css/js/libs/jquery-1.10.0.js HTTP/1.1" 200 81746 "http://54.213.4.161/wa/" "Mozilla/5.0 (Windows NT 6.1; WOW64) AppleWebKit/537.36 (KHTML, like Gecko) Chrome/33.0.1750.154 Safari/537.36"
59.93.72.46 - - [23/Mar/2014:11:42:07 +0530] "GET /static/wa/arctic-sunset-css/js/libs/bootstrap.min.js HTTP/1.1" 200 7604 "http://54.213.4.161/wa/" "Mozilla/5.0 (Windows NT 6.1; WOW64) AppleWebKit/537.36 (KHTML, like Gecko) Chrome/33.0.1750.154 Safari/537.36"
59.93.72.46 - - [23/Mar/2014:06:12:07 +0000] "GET /static/wa/arctic-sunset-css/js/jquery.chosen.min.js HTTP/1.1" 200 6269 "http://54.213.4.161/wa/" "Mozilla/5.0 (Windows NT 6.1; WOW64) AppleWebKit/537.36 (KHTML, like Gecko) Chrome/33.0.1750.154 Safari/537.36"
59.93.72.46 - - [23/Mar/2014:11:42:07 +0530] "GET /static/wa/arctic-sunset-css/js/general.js HTTP/1.1" 200 3118 "http://54.213.4.161/wa/" "Mozilla/5.0 (Windows NT 6.1; WOW64) AppleWebKit/537.36 (KHTML, like Gecko) Chrome/33.0.1750.154 Safari/537.36"
59.93.72.46 - - [23/Mar/2014:06:12:07 +0000] "GET /static/wa/arctic-sunset-css/js/libs/jquery-ui.min.js HTTP/1.1" 200 60982 "http://54.213.4.161/wa/" "Mozilla/5.0 (Windows NT 6.1; WOW64) AppleWebKit/537.36 (KHTML, like Gecko) Chrome/33.0.1750.154 Safari/537.36"
122.172.10.54 - - [23/Mar/2014:11:42:08 +0530] "GET /wa/ HTTP/1.1" 200 1705 "-" "Mozilla/5.0 (X11; Linux x86_64) AppleWebKit/537.36 (KHTML, like Gecko) Chrome/33.0.1750.152 Safari/537.36"
59.93.72.46 - - [23/Mar/2014:06:12:09 +0000] "GET /static/wa/arctic-sunset-css/images/bg.png HTTP/1.1" 200 15417 "http://54.213.4.161/wa/" "Mozilla/5.0 (Windows NT 6.1; WOW64) AppleWebKit/537.36 (KHTML, like Gecko) Chrome/33.0.1750.154 Safari/537.36"
59.93.72.46 - - [23/Mar/2014:06:12:09 +0000] "GET /static/wa/arctic-sunset-css/images/ribbons-shadow.png HTTP/1.1" 200 9559 "http://54.213.4.161/wa/" "Mozilla/5.0 (Windows NT 6.1; WOW64) AppleWebKit/537.36 (KHTML, like Gecko) Chrome/33.0.1750.154 Safari/537.36"
59.93.72.46 - - [23/Mar/2014:06:12:09 +0000] "GET /static/wa/arctic-sunset-css/images/box_bg_bot.jpg HTTP/1.1" 200 1499 "http://54.213.4.161/wa/" "Mozilla/5.0 (Windows NT 6.1; WOW64) AppleWebKit/537.36 (KHTML, like Gecko) Chrome/33.0.1750.154 Safari/537.36"
59.93.72.46 - - [23/Mar/2014:11:42:09 +0530] "GET /static/wa/arctic-sunset-css/images/ribbons.png HTTP/1.1" 200 28301 "http://54.213.4.161/wa/" "Mozilla/5.0 (Windows NT 6.1; WOW64) AppleWebKit/537.36 (KHTML, like Gecko) Chrome/33.0.1750.154 Safari/537.36"
59.93.72.46 - - [23/Mar/2014:11:42:09 +0530] "GET /static/wa/arctic-sunset-css/images/buttons.png HTTP/1.1" 200 45460 "http://54.213.4.161/wa/" "Mozilla/5.0 (Windows NT 6.1; WOW64) AppleWebKit/537.36 (KHTML, like Gecko) Chrome/33.0.1750.154 Safari/537.36"
59.93.72.46 - - [23/Mar/2014:11:42:11 +0530] "GET /favicon.ico HTTP/1.1" 404 1223 "-" "Mozilla/5.0 (Windows NT 6.1; WOW64) AppleWebKit/537.36 (KHTML, like Gecko) Chrome/33.0.1750.154 Safari/537.36"
127.0.0.1 - - [23/Mar/2014:06:12:17 +0000] "OPTIONS * HTTP/1.0" 200 126 "-" "Apache/2.2.22 (Ubuntu) (internal dummy connection)"
127.0.0.1 - - [23/Mar/2014:06:12:18 +0000] "OPTIONS * HTTP/1.0" 200 126 "-" "Apache/2.2.22 (Ubuntu) (internal dummy connection)"
122.172.10.54 - - [23/Mar/2014:11:42:18 +0530] "GET /wa/register/ HTTP/1.1" 200 2382 "http://54.213.4.161/wa/" "Mozilla/5.0 (X11; Linux x86_64) AppleWebKit/537.36 (KHTML, like Gecko) Chrome/33.0.1750.152 Safari/537.36"
127.0.0.1 - - [23/Mar/2014:06:12:22 +0000] "OPTIONS * HTTP/1.0" 200 126 "-" "Apache/2.2.22 (Ubuntu) (internal dummy connection)"
127.0.0.1 - - [23/Mar/2014:06:12:23 +0000] "OPTIONS * HTTP/1.0" 200 126 "-" "Apache/2.2.22 (Ubuntu) (internal dummy connection)"
127.0.0.1 - - [23/Mar/2014:06:12:24 +0000] "OPTIONS * HTTP/1.0" 200 126 "-" "Apache/2.2.22 (Ubuntu) (internal dummy connection)"
127.0.0.1 - - [23/Mar/2014:11:42:25 +0530] "OPTIONS * HTTP/1.0" 200 126 "-" "Apache/2.2.22 (Ubuntu) (internal dummy connection)"
127.0.0.1 - - [23/Mar/2014:11:42:26 +0530] "OPTIONS * HTTP/1.0" 200 126 "-" "Apache/2.2.22 (Ubuntu) (internal dummy connection)"
59.93.72.46 - - [23/Mar/2014:11:45:30 +0530] "GET /wa/register HTTP/1.1" 301 359 "http://54.213.4.161/wa/" "Mozilla/5.0 (Windows NT 6.1; WOW64) AppleWebKit/537.36 (KHTML, like Gecko) Chrome/33.0.1750.154 Safari/537.36"
59.93.72.46 - - [23/Mar/2014:11:45:31 +0530] "GET /wa/register/ HTTP/1.1" 200 2379 "http://54.213.4.161/wa/" "Mozilla/5.0 (Windows NT 6.1; WOW64) AppleWebKit/537.36 (KHTML, like Gecko) Chrome/33.0.1750.154 Safari/537.36"
59.93.72.46 - - [23/Mar/2014:11:45:32 +0530] "GET /static/wa/arctic-sunset-css/images/icons/plus.png HTTP/1.1" 200 1666 "http://54.213.4.161/wa/register/" "Mozilla/5.0 (Windows NT 6.1; WOW64) AppleWebKit/537.36 (KHTML, like Gecko) Chrome/33.0.1750.154 Safari/537.36"
59.93.72.46 - - [23/Mar/2014:11:48:58 +0530] "GET /wa/register/ HTTP/1.1" 200 2383 "http://ec2-54-213-4-161.us-west-2.compute.amazonaws.com/wa/" "Mozilla/5.0 (Windows NT 6.1; WOW64) AppleWebKit/537.36 (KHTML, like Gecko) Chrome/33.0.1750.154 Safari/537.36"
59.93.72.46 - - [23/Mar/2014:11:49:00 +0530] "GET /static/wa/arctic-sunset-css/js/libs/modernizr.min.js HTTP/1.1" 304 210 "http://ec2-54-213-4-161.us-west-2.compute.amazonaws.com/wa/register/" "Mozilla/5.0 (Windows NT 6.1; WOW64) AppleWebKit/537.36 (KHTML, like Gecko) Chrome/33.0.1750.154 Safari/537.36"
59.93.72.46 - - [23/Mar/2014:06:19:00 +0000] "GET /static/wa/arctic-sunset-css/js/libs/jquery-1.10.0.js HTTP/1.1" 304 212 "http://ec2-54-213-4-161.us-west-2.compute.amazonaws.com/wa/register/" "Mozilla/5.0 (Windows NT 6.1; WOW64) AppleWebKit/537.36 (KHTML, like Gecko) Chrome/33.0.1750.154 Safari/537.36"
