122.172.10.54 - - [24/Mar/2014:10:12:25 +0530] "GET /wa/audio/ HTTP/1.1" 200 1645 "http://54.213.4.161/wa/uploadBook/" "Mozilla/5.0 (X11; Linux x86_64) AppleWebKit/537.36 (KHTML, like Gecko) Chrome/33.0.1750.152 Safari/537.36"
122.172.10.54 - - [24/Mar/2014:10:12:25 +0530] "GET /static/wa/js/jquery.js HTTP/1.1" 304 211 "http://54.213.4.161/wa/audio/" "Mozilla/5.0 (X11; Linux x86_64) AppleWebKit/537.36 (KHTML, like Gecko) Chrome/33.0.1750.152 Safari/537.36"
122.172.10.54 - - [24/Mar/2014:10:12:51 +0530] "GET /wa/audio/ HTTP/1.1" 200 1646 "http://54.213.4.161/wa/audio/" "Mozilla/5.0 (X11; Linux x86_64) AppleWebKit/537.36 (KHTML, like Gecko) Chrome/33.0.1750.152 Safari/537.36"
122.172.10.54 - - [24/Mar/2014:10:12:53 +0530] "GET /wa/audio/langBooks/?language=English HTTP/1.1" 200 618 "http://54.213.4.161/wa/audio/" "Mozilla/5.0 (X11; Linux x86_64) AppleWebKit/537.36 (KHTML, like Gecko) Chrome/33.0.1750.152 Safari/537.36"
122.172.10.54 - - [24/Mar/2014:10:12:54 +0530] "GET /wa/audio/getimage/11/ HTTP/1.1" 500 10873 "http://54.213.4.161/wa/audio/" "Mozilla/5.0 (X11; Linux x86_64) AppleWebKit/537.36 (KHTML, like Gecko) Chrome/33.0.1750.152 Safari/537.36"
122.172.10.54 - - [24/Mar/2014:10:12:56 +0530] "GET /wa/audio/11/ HTTP/1.1" 200 1728 "http://54.213.4.161/wa/audio/" "Mozilla/5.0 (X11; Linux x86_64) AppleWebKit/537.36 (KHTML, like Gecko) Chrome/33.0.1750.152 Safari/537.36"
122.172.10.54 - - [24/Mar/2014:10:12:56 +0530] "GET /static/wa/js/recorderjs/recorder.js HTTP/1.1" 200 1964 "http://54.213.4.161/wa/audio/11/" "Mozilla/5.0 (X11; Linux x86_64) AppleWebKit/537.36 (KHTML, like Gecko) Chrome/33.0.1750.152 Safari/537.36"
122.172.10.54 - - [24/Mar/2014:10:12:56 +0530] "GET /static/wa/js/index.js HTTP/1.1" 200 2148 "http://54.213.4.161/wa/audio/11/" "Mozilla/5.0 (X11; Linux x86_64) AppleWebKit/537.36 (KHTML, like Gecko) Chrome/33.0.1750.152 Safari/537.36"
122.172.10.54 - - [24/Mar/2014:10:12:56 +0530] "GET /wa/getParagraph/11/1/ HTTP/1.1" 500 11389 "http://54.213.4.161/wa/audio/11/" "Mozilla/5.0 (X11; Linux x86_64) AppleWebKit/537.36 (KHTML, like Gecko) Chrome/33.0.1750.152 Safari/537.36"
122.172.10.54 - - [24/Mar/2014:10:13:00 +0530] "GET /static/wa/js/recorderjs/recorderWorker.js HTTP/1.1" 200 2056 "http://54.213.4.161/wa/audio/11/" "Mozilla/5.0 (X11; Linux x86_64) AppleWebKit/537.36 (KHTML, like Gecko) Chrome/33.0.1750.152 Safari/537.36"
122.172.10.54 - - [24/Mar/2014:10:13:34 +0530] "GET /wa/audio/11/ HTTP/1.1" 200 1728 "http://54.213.4.161/wa/audio/" "Mozilla/5.0 (X11; Linux x86_64) AppleWebKit/537.36 (KHTML, like Gecko) Chrome/33.0.1750.152 Safari/537.36"
122.172.10.54 - - [24/Mar/2014:10:13:34 +0530] "GET /static/wa/arctic-sunset-css/js/libs/modernizr.min.js HTTP/1.1" 304 210 "http://54.213.4.161/wa/uploadBook/" "Mozilla/5.0 (X11; Linux x86_64) AppleWebKit/537.36 (KHTML, like Gecko) Chrome/33.0.1750.152 Safari/537.36"
122.172.10.54 - - [24/Mar/2014:10:13:34 +0530] "GET /static/wa/arctic-sunset-css/js/libs/jquery-1.10.0.js HTTP/1.1" 304 212 "http://54.213.4.161/wa/uploadBook/" "Mozilla/5.0 (X11; Linux x86_64) AppleWebKit/537.36 (KHTML, like Gecko) Chrome/33.0.1750.152 Safari/537.36"
122.172.10.54 - - [24/Mar/2014:10:13:34 +0530] "GET /static/wa/arctic-sunset-css/js/libs/jquery-ui.min.js HTTP/1.1" 304 212 "http://54.213.4.161/wa/uploadBook/" "Mozilla/5.0 (X11; Linux x86_64) AppleWebKit/537.36 (KHTML, like Gecko) Chrome/33.0.1750.152 Safari/537.36"
122.172.10.54 - - [24/Mar/2014:10:13:34 +0530] "GET /static/wa/arctic-sunset-css/js/libs/bootstrap.min.js HTTP/1.1" 304 211 "http://54.213.4.161/wa/register_success/" "Mozilla/5.0 (X11; Linux x86_64) AppleWebKit/537.36 (KHTML, like Gecko) Chrome/33.0.1750.152 Safari/537.36"
122.172.10.54 - - [24/Mar/2014:10:13:34 +0530] "GET /static/wa/arctic-sunset-css/css/bootstrap.css HTTP/1.1" 304 212 "http://54.213.4.161/wa/home/" "Mozilla/5.0 (X11; Linux x86_64) AppleWebKit/537.36 (KHTML, like Gecko) Chrome/33.0.1750.152 Safari/537.36"
122.172.10.54 - - [24/Mar/2014:10:13:34 +0530] "GET /static/wa/arctic-sunset-css/style.css HTTP/1.1" 304 210 "http://54.213.4.161/wa/home/" "Mozilla/5.0 (X11; Linux x86_64) AppleWebKit/537.36 (KHTML, like Gecko) Chrome/33.0.1750.152 Safari/537.36"
122.172.10.54 - - [24/Mar/2014:10:13:34 +0530] "GET /static/wa/arctic-sunset-css/css/simple-sidebar.css HTTP/1.1" 304 209 "http://54.213.4.161/wa/home/" "Mozilla/5.0 (X11; Linux x86_64) AppleWebKit/537.36 (KHTML, like Gecko) Chrome/33.0.1750.152 Safari/537.36"
122.172.10.54 - - [24/Mar/2014:10:13:34 +0530] "GET /static/wa/arctic-sunset-css/css/chosen.css HTTP/1.1" 304 210 "http://54.213.4.161/wa/home/" "Mozilla/5.0 (X11; Linux x86_64) AppleWebKit/537.36 (KHTML, like Gecko) Chrome/33.0.1750.152 Safari/537.36"
122.172.10.54 - - [24/Mar/2014:10:13:34 +0530] "GET /static/wa/arctic-sunset-css/css/cusel.css HTTP/1.1" 304 210 "http://54.213.4.161/wa/home/" "Mozilla/5.0 (X11; Linux x86_64) AppleWebKit/537.36 (KHTML, like Gecko) Chrome/33.0.1750.152 Safari/537.36"
122.172.10.54 - - [24/Mar/2014:10:13:34 +0530] "GET /static/wa/arctic-sunset-css/js/general.js HTTP/1.1" 304 210 "http://54.213.4.161/wa/register_success/" "Mozilla/5.0 (X11; Linux x86_64) AppleWebKit/537.36 (KHTML, like Gecko) Chrome/33.0.1750.152 Safari/537.36"
122.172.10.54 - - [24/Mar/2014:10:13:35 +0530] "GET /static/wa/js/recorderjs/recorder.js HTTP/1.1" 304 209 "http://54.213.4.161/wa/audio/11/" "Mozilla/5.0 (X11; Linux x86_64) AppleWebKit/537.36 (KHTML, like Gecko) Chrome/33.0.1750.152 Safari/537.36"
122.172.10.54 - - [24/Mar/2014:10:13:35 +0530] "GET /static/wa/js/index.js HTTP/1.1" 304 210 "http://54.213.4.161/wa/audio/11/" "Mozilla/5.0 (X11; Linux x86_64) AppleWebKit/537.36 (KHTML, like Gecko) Chrome/33.0.1750.152 Safari/537.36"
122.172.10.54 - - [24/Mar/2014:10:13:35 +0530] "GET /static/wa/js/jquery.js HTTP/1.1" 304 211 "http://54.213.4.161/wa/audio/11/" "Mozilla/5.0 (X11; Linux x86_64) AppleWebKit/537.36 (KHTML, like Gecko) Chrome/33.0.1750.152 Safari/537.36"
122.172.10.54 - - [24/Mar/2014:10:13:35 +0530] "GET /wa/getParagraph/11/1/ HTTP/1.1" 500 11412 "http://54.213.4.161/wa/audio/11/" "Mozilla/5.0 (X11; Linux x86_64) AppleWebKit/537.36 (KHTML, like Gecko) Chrome/33.0.1750.152 Safari/537.36"
122.172.10.54 - - [24/Mar/2014:10:13:35 +0530] "GET /static/wa/arctic-sunset-css/images/bg.png HTTP/1.1" 304 187 "http://54.213.4.161/wa/home/" "Mozilla/5.0 (X11; Linux x86_64) AppleWebKit/537.36 (KHTML, like Gecko) Chrome/33.0.1750.152 Safari/537.36"
122.172.10.54 - - [24/Mar/2014:10:13:35 +0530] "GET /static/wa/arctic-sunset-css/images/buttons.png HTTP/1.1" 304 187 "http://54.213.4.161/wa/" "Mozilla/5.0 (X11; Linux x86_64) AppleWebKit/537.36 (KHTML, like Gecko) Chrome/33.0.1750.152 Safari/537.36"
80.82.70.118 - - [24/Mar/2014:10:34:11 +0530] "GET http://z.nixipdb.com/ HTTP/1.1" 404 1156 "-" "Mozilla/5.0 (X11; Ubuntu; Linux i686 on x86_64; rv:20.0) Gecko/20100101 Firefox/20.0"
122.172.10.54 - - [24/Mar/2014:10:39:03 +0530] "GET /getImage.php HTTP/1.1" 404 1226 "-" "Mozilla/5.0 (X11; Linux x86_64) AppleWebKit/537.36 (KHTML, like Gecko) Chrome/33.0.1750.152 Safari/537.36"
127.0.0.1 - - [24/Mar/2014:05:09:13 +0000] "OPTIONS * HTTP/1.0" 200 126 "-" "Apache/2.2.22 (Ubuntu) (internal dummy connection)"
127.0.0.1 - - [24/Mar/2014:05:09:14 +0000] "OPTIONS * HTTP/1.0" 200 126 "-" "Apache/2.2.22 (Ubuntu) (internal dummy connection)"
127.0.0.1 - - [24/Mar/2014:05:09:23 +0000] "OPTIONS * HTTP/1.0" 200 126 "-" "Apache/2.2.22 (Ubuntu) (internal dummy connection)"
122.172.10.54 - - [24/Mar/2014:05:10:01 +0000] "GET /getImage.php HTTP/1.1" 404 505 "-" "Mozilla/5.0 (X11; Linux x86_64) AppleWebKit/537.36 (KHTML, like Gecko) Chrome/33.0.1750.152 Safari/537.36"
122.172.10.54 - - [24/Mar/2014:10:40:08 +0530] "GET /wiki/wa HTTP/1.1" 301 355 "-" "Mozilla/5.0 (X11; Linux x86_64) AppleWebKit/537.36 (KHTML, like Gecko) Chrome/33.0.1750.152 Safari/537.36"
122.172.10.54 - - [24/Mar/2014:10:40:09 +0530] "GET /wiki/wa/ HTTP/1.1" 302 348 "-" "Mozilla/5.0 (X11; Linux x86_64) AppleWebKit/537.36 (KHTML, like Gecko) Chrome/33.0.1750.152 Safari/537.36"
122.172.10.54 - - [24/Mar/2014:10:40:10 +0530] "GET /wa/home HTTP/1.1" 404 500 "-" "Mozilla/5.0 (X11; Linux x86_64) AppleWebKit/537.36 (KHTML, like Gecko) Chrome/33.0.1750.152 Safari/537.36"
127.0.0.1 - - [24/Mar/2014:05:10:14 +0000] "OPTIONS * HTTP/1.0" 200 126 "-" "Apache/2.2.22 (Ubuntu) (internal dummy connection)"
127.0.0.1 - - [24/Mar/2014:05:10:18 +0000] "OPTIONS * HTTP/1.0" 200 126 "-" "Apache/2.2.22 (Ubuntu) (internal dummy connection)"
122.172.10.54 - - [24/Mar/2014:10:40:42 +0530] "GET /wa/home HTTP/1.1" 301 355 "-" "Mozilla/5.0 (X11; Linux x86_64) AppleWebKit/537.36 (KHTML, like Gecko) Chrome/33.0.1750.152 Safari/537.36"
122.172.10.54 - - [24/Mar/2014:10:40:44 +0530] "GET /wa/home/ HTTP/1.1" 200 1337 "-" "Mozilla/5.0 (X11; Linux x86_64) AppleWebKit/537.36 (KHTML, like Gecko) Chrome/33.0.1750.152 Safari/537.36"
127.0.0.1 - - [24/Mar/2014:05:11:03 +0000] "OPTIONS * HTTP/1.0" 200 126 "-" "Apache/2.2.22 (Ubuntu) (internal dummy connection)"
127.0.0.1 - - [24/Mar/2014:05:11:04 +0000] "OPTIONS * HTTP/1.0" 200 126 "-" "Apache/2.2.22 (Ubuntu) (internal dummy connection)"
122.172.10.54 - - [24/Mar/2014:05:25:44 +0000] "GET /scripts/getImahe.php HTTP/1.1" 404 509 "-" "Mozilla/5.0 (X11; Linux x86_64) AppleWebKit/537.36 (KHTML, like Gecko) Chrome/33.0.1750.152 Safari/537.36"
122.172.10.54 - - [24/Mar/2014:05:25:47 +0000] "GET /scripts/getImage.php HTTP/1.1" 500 276 "-" "Mozilla/5.0 (X11; Linux x86_64) AppleWebKit/537.36 (KHTML, like Gecko) Chrome/33.0.1750.152 Safari/537.36"
122.172.10.54 - - [24/Mar/2014:05:25:59 +0000] "GET /scripts/getImage.php HTTP/1.1" 500 276 "-" "Mozilla/5.0 (X11; Linux x86_64) AppleWebKit/537.36 (KHTML, like Gecko) Chrome/33.0.1750.152 Safari/537.36"
127.0.0.1 - - [24/Mar/2014:05:26:02 +0000] "OPTIONS * HTTP/1.0" 200 126 "-" "Apache/2.2.22 (Ubuntu) (internal dummy connection)"
127.0.0.1 - - [24/Mar/2014:05:26:03 +0000] "OPTIONS * HTTP/1.0" 200 126 "-" "Apache/2.2.22 (Ubuntu) (internal dummy connection)"
122.172.10.54 - - [24/Mar/2014:05:26:56 +0000] "GET /scripts/getImage.php HTTP/1.1" 500 276 "-" "Mozilla/5.0 (X11; Linux x86_64) AppleWebKit/537.36 (KHTML, like Gecko) Chrome/33.0.1750.152 Safari/537.36"
122.172.10.54 - - [24/Mar/2014:05:27:22 +0000] "GET /scripts/getImage.php HTTP/1.1" 500 276 "-" "Mozilla/5.0 (X11; Linux x86_64) AppleWebKit/537.36 (KHTML, like Gecko) Chrome/33.0.1750.152 Safari/537.36"
122.172.10.54 - - [24/Mar/2014:05:29:18 +0000] "GET /scripts/getImage.php HTTP/1.1" 500 276 "-" "Mozilla/5.0 (X11; Linux x86_64) AppleWebKit/537.36 (KHTML, like Gecko) Chrome/33.0.1750.152 Safari/537.36"
122.172.10.54 - - [24/Mar/2014:05:30:02 +0000] "GET /scripts/getImage.php HTTP/1.1" 200 299 "-" "Mozilla/5.0 (X11; Linux x86_64) AppleWebKit/537.36 (KHTML, like Gecko) Chrome/33.0.1750.152 Safari/537.36"
122.172.10.54 - - [24/Mar/2014:05:30:15 +0000] "GET /scripts/getImage.php HTTP/1.1" 500 276 "-" "Mozilla/5.0 (X11; Linux x86_64) AppleWebKit/537.36 (KHTML, like Gecko) Chrome/33.0.1750.152 Safari/537.36"
122.172.10.54 - - [24/Mar/2014:05:31:36 +0000] "GET /scripts/getImage.php HTTP/1.1" 500 276 "-" "Mozilla/5.0 (X11; Linux x86_64) AppleWebKit/537.36 (KHTML, like Gecko) Chrome/33.0.1750.152 Safari/537.36"
122.172.10.54 - - [24/Mar/2014:05:32:40 +0000] "GET /scripts/getImage.php HTTP/1.1" 500 276 "-" "Mozilla/5.0 (X11; Linux x86_64) AppleWebKit/537.36 (KHTML, like Gecko) Chrome/33.0.1750.152 Safari/537.36"
69.90.132.223 - - [24/Mar/2014:11:06:41 +0530] "GET http://proxyjudge.info HTTP/1.1" 404 1156 "-" "Mozilla/5.0 (Windows; U; Windows NT 6.1; en-US; rv:1.9.2.28) Gecko/20120306 Firefox/3.6.28 (.NET CLR 3.5.30729)"
69.90.132.223 - - [24/Mar/2014:05:37:02 +0000] "-" 408 0 "-" "-"
69.90.132.223 - - [24/Mar/2014:05:37:24 +0000] "-" 408 0 "-" "-"
122.172.10.54 - - [24/Mar/2014:05:40:54 +0000] "GET /scripts/getImage.php HTTP/1.1" 500 281 "-" "Mozilla/5.0 (X11; Linux x86_64) AppleWebKit/537.36 (KHTML, like Gecko) Chrome/33.0.1750.152 Safari/537.36"
122.172.10.54 - - [24/Mar/2014:05:41:31 +0000] "GET /scripts/getImage.php HTTP/1.1" 500 281 "-" "Mozilla/5.0 (X11; Linux x86_64) AppleWebKit/537.36 (KHTML, like Gecko) Chrome/33.0.1750.152 Safari/537.36"
122.172.10.54 - - [24/Mar/2014:11:12:29 +0530] "GET /scripts/getImage.php HTTP/1.1" 500 281 "-" "Mozilla/5.0 (X11; Linux x86_64) AppleWebKit/537.36 (KHTML, like Gecko) Chrome/33.0.1750.152 Safari/537.36"
122.172.10.54 - - [24/Mar/2014:05:44:28 +0000] "GET /scripts/getImage.php HTTP/1.1" 500 276 "-" "Mozilla/5.0 (X11; Linux x86_64) AppleWebKit/537.36 (KHTML, like Gecko) Chrome/33.0.1750.152 Safari/537.36"
122.172.10.54 - - [24/Mar/2014:05:47:38 +0000] "GET /scripts/getImage.php HTTP/1.1" 500 276 "-" "Mozilla/5.0 (X11; Linux x86_64) AppleWebKit/537.36 (KHTML, like Gecko) Chrome/33.0.1750.152 Safari/537.36"
122.172.10.54 - - [24/Mar/2014:05:49:53 +0000] "GET /scripts/getImage.php HTTP/1.1" 500 276 "-" "Mozilla/5.0 (X11; Linux x86_64) AppleWebKit/537.36 (KHTML, like Gecko) Chrome/33.0.1750.152 Safari/537.36"
122.172.10.54 - - [24/Mar/2014:05:50:22 +0000] "GET /scripts/getImage.php HTTP/1.1" 500 276 "-" "Mozilla/5.0 (X11; Linux x86_64) AppleWebKit/537.36 (KHTML, like Gecko) Chrome/33.0.1750.152 Safari/537.36"
122.172.10.54 - - [24/Mar/2014:06:17:38 +0000] "GET /scripts/sample.php HTTP/1.1" 500 276 "-" "Mozilla/5.0 (X11; Linux x86_64) AppleWebKit/537.36 (KHTML, like Gecko) Chrome/33.0.1750.152 Safari/537.36"
122.172.10.54 - - [24/Mar/2014:06:53:27 +0000] "GET /scripts/getImage.php HTTP/1.1" 500 276 "-" "Mozilla/5.0 (X11; Linux x86_64) AppleWebKit/537.36 (KHTML, like Gecko) Chrome/33.0.1750.152 Safari/537.36"
122.172.10.54 - - [24/Mar/2014:06:53:51 +0000] "GET /scripts/getImage.php HTTP/1.1" 500 276 "-" "Mozilla/5.0 (X11; Linux x86_64) AppleWebKit/537.36 (KHTML, like Gecko) Chrome/33.0.1750.152 Safari/537.36"
122.172.10.54 - - [24/Mar/2014:06:57:35 +0000] "GET /scripts/getImage.php HTTP/1.1" 500 276 "-" "Mozilla/5.0 (X11; Linux x86_64) AppleWebKit/537.36 (KHTML, like Gecko) Chrome/33.0.1750.152 Safari/537.36"
122.172.10.54 - - [24/Mar/2014:06:58:16 +0000] "GET /scripts/getImage.php HTTP/1.1" 500 276 "-" "Mozilla/5.0 (X11; Linux x86_64) AppleWebKit/537.36 (KHTML, like Gecko) Chrome/33.0.1750.152 Safari/537.36"
122.172.10.54 - - [24/Mar/2014:07:02:01 +0000] "GET /scripts/getImage.php HTTP/1.1" 500 276 "-" "Mozilla/5.0 (X11; Linux x86_64) AppleWebKit/537.36 (KHTML, like Gecko) Chrome/33.0.1750.152 Safari/537.36"
122.172.10.54 - - [24/Mar/2014:07:10:02 +0000] "GET /scripts/getImage.php HTTP/1.1" 500 276 "-" "Mozilla/5.0 (X11; Linux x86_64) AppleWebKit/537.36 (KHTML, like Gecko) Chrome/33.0.1750.152 Safari/537.36"
122.172.10.54 - - [24/Mar/2014:07:12:02 +0000] "GET /scripts/getImage.php HTTP/1.1" 500 276 "-" "Mozilla/5.0 (X11; Linux x86_64) AppleWebKit/537.36 (KHTML, like Gecko) Chrome/33.0.1750.152 Safari/537.36"
122.172.10.54 - - [24/Mar/2014:12:42:57 +0530] "GET /wa/scripts/getImage.php HTTP/1.1" 404 1630 "-" "Mozilla/5.0 (X11; Linux x86_64) AppleWebKit/537.36 (KHTML, like Gecko) Chrome/33.0.1750.152 Safari/537.36"
122.172.10.54 - - [24/Mar/2014:07:13:09 +0000] "GET /scripts/getImage.php HTTP/1.1" 500 276 "-" "Mozilla/5.0 (X11; Linux x86_64) AppleWebKit/537.36 (KHTML, like Gecko) Chrome/33.0.1750.152 Safari/537.36"
122.172.10.54 - - [24/Mar/2014:07:13:49 +0000] "GET /scripts/getImage.php HTTP/1.1" 500 276 "-" "Mozilla/5.0 (X11; Ubuntu; Linux x86_64; rv:28.0) Gecko/20100101 Firefox/28.0"
122.172.10.54 - - [24/Mar/2014:12:43:49 +0530] "GET /favicon.ico HTTP/1.1" 404 1224 "-" "Mozilla/5.0 (X11; Ubuntu; Linux x86_64; rv:28.0) Gecko/20100101 Firefox/28.0"
122.172.10.54 - - [24/Mar/2014:12:43:51 +0530] "GET /favicon.ico HTTP/1.1" 404 1223 "-" "Mozilla/5.0 (X11; Ubuntu; Linux x86_64; rv:28.0) Gecko/20100101 Firefox/28.0"
122.172.10.54 - - [24/Mar/2014:07:16:48 +0000] "GET /scripts/try.html HTTP/1.1" 200 433 "-" "Mozilla/5.0 (X11; Linux x86_64) AppleWebKit/537.36 (KHTML, like Gecko) Chrome/33.0.1750.152 Safari/537.36"
122.172.10.54 - - [24/Mar/2014:07:17:28 +0000] "GET /scripts/try.html HTTP/1.1" 200 437 "-" "Mozilla/5.0 (X11; Linux x86_64) AppleWebKit/537.36 (KHTML, like Gecko) Chrome/33.0.1750.152 Safari/537.36"
122.172.10.54 - - [24/Mar/2014:07:17:28 +0000] "GET /scripts/getImage.php HTTP/1.1" 500 276 "http://54.213.4.161/scripts/try.html" "Mozilla/5.0 (X11; Linux x86_64) AppleWebKit/537.36 (KHTML, like Gecko) Chrome/33.0.1750.152 Safari/537.36"
122.172.10.54 - - [24/Mar/2014:07:22:06 +0000] "GET /scripts/try.html HTTP/1.1" 304 208 "-" "Mozilla/5.0 (X11; Linux x86_64) AppleWebKit/537.36 (KHTML, like Gecko) Chrome/33.0.1750.152 Safari/537.36"
122.172.10.54 - - [24/Mar/2014:07:22:07 +0000] "GET /scripts/getImage.php HTTP/1.1" 500 276 "http://54.213.4.161/scripts/try.html" "Mozilla/5.0 (X11; Linux x86_64) AppleWebKit/537.36 (KHTML, like Gecko) Chrome/33.0.1750.152 Safari/537.36"
122.172.10.54 - - [24/Mar/2014:07:22:12 +0000] "GET /scripts/getImage.php HTTP/1.1" 500 276 "-" "Mozilla/5.0 (X11; Linux x86_64) AppleWebKit/537.36 (KHTML, like Gecko) Chrome/33.0.1750.152 Safari/537.36"
122.172.10.54 - - [24/Mar/2014:12:52:35 +0530] "GET /scripts/getImage.php HTTP/1.1" 500 276 "-" "Mozilla/5.0 (X11; Linux x86_64) AppleWebKit/537.36 (KHTML, like Gecko) Chrome/33.0.1750.152 Safari/537.36"
122.172.10.54 - - [24/Mar/2014:07:24:13 +0000] "GET /scripts/getImage.php HTTP/1.1" 500 276 "-" "Mozilla/5.0 (X11; Linux x86_64) AppleWebKit/537.36 (KHTML, like Gecko) Chrome/33.0.1750.152 Safari/537.36"
122.172.10.54 - - [24/Mar/2014:07:24:47 +0000] "GET /scripts/getImage.php HTTP/1.1" 500 276 "-" "Mozilla/5.0 (X11; Linux x86_64) AppleWebKit/537.36 (KHTML, like Gecko) Chrome/33.0.1750.152 Safari/537.36"
122.172.10.54 - - [24/Mar/2014:07:24:56 +0000] "GET /scripts/getImage.php HTTP/1.1" 500 276 "-" "Mozilla/5.0 (X11; Linux x86_64) AppleWebKit/537.36 (KHTML, like Gecko) Chrome/33.0.1750.152 Safari/537.36"
80.70.3.34 - - [24/Mar/2014:13:17:02 +0530] "HEAD / HTTP/1.0" 404 187 "-" "-"
80.70.3.34 - - [24/Mar/2014:13:17:02 +0530] "POST /cgi-bin/php?%2D%64+%61%6C%6C%6F%77%5F%75%72%6C%5F%69%6E%63%6C%75%64%65%3D%6F%6E+%2D%64+%73%61%66%65%5F%6D%6F%64%65%3D%6F%66%66+%2D%64+%73%75%68%6F%73%69%6E%2E%73%69%6D%75%6C%61%74%69%6F%6E%3D%6F%6E+%2D%64+%64%69%73%61%62%6C%65%5F%66%75%6E%63%74%69%6F%6E%73%3D%22%22+%2D%64+%6F%70%65%6E%5F%62%61%73%65%64%69%72%3D%6E%6F%6E%65+%2D%64+%61%75%74%6F%5F%70%72%65%70%65%6E%64%5F%66%69%6C%65%3D%70%68%70%3A%2F%2F%69%6E%70%75%74+%2D%64+%63%67%69%2E%66%6F%72%63%65%5F%72%65%64%69%72%65%63%74%3D%30+%2D%64+%63%67%69%2E%72%65%64%69%72%65%63%74%5F%73%74%61%74%75%73%5F%65%6E%76%3D%30+%2D%6E HTTP/1.1" 404 2830 "-" "Mozilla/5.0 (iPad; CPU OS 6_0 like Mac OS X) AppleWebKit/536.26(KHTML, like Gecko) Version/6.0 Mobile/10A5355d Safari/8536.25"
80.70.3.34 - - [24/Mar/2014:13:17:04 +0530] "POST /cgi-bin/php5?%2D%64+%61%6C%6C%6F%77%5F%75%72%6C%5F%69%6E%63%6C%75%64%65%3D%6F%6E+%2D%64+%73%61%66%65%5F%6D%6F%64%65%3D%6F%66%66+%2D%64+%73%75%68%6F%73%69%6E%2E%73%69%6D%75%6C%61%74%69%6F%6E%3D%6F%6E+%2D%64+%64%69%73%61%62%6C%65%5F%66%75%6E%63%74%69%6F%6E%73%3D%22%22+%2D%64+%6F%70%65%6E%5F%62%61%73%65%64%69%72%3D%6E%6F%6E%65+%2D%64+%61%75%74%6F%5F%70%72%65%70%65%6E%64%5F%66%69%6C%65%3D%70%68%70%3A%2F%2F%69%6E%70%75%74+%2D%64+%63%67%69%2E%66%6F%72%63%65%5F%72%65%64%69%72%65%63%74%3D%30+%2D%64+%63%67%69%2E%72%65%64%69%72%65%63%74%5F%73%74%61%74%75%73%5F%65%6E%76%3D%30+%2D%6E HTTP/1.1" 404 2833 "-" "Mozilla/5.0 (iPad; CPU OS 6_0 like Mac OS X) AppleWebKit/536.26(KHTML, like Gecko) Version/6.0 Mobile/10A5355d Safari/8536.25"
80.70.3.34 - - [24/Mar/2014:13:17:05 +0530] "POST /cgi-bin/php-cgi?%2D%64+%61%6C%6C%6F%77%5F%75%72%6C%5F%69%6E%63%6C%75%64%65%3D%6F%6E+%2D%64+%73%61%66%65%5F%6D%6F%64%65%3D%6F%66%66+%2D%64+%73%75%68%6F%73%69%6E%2E%73%69%6D%75%6C%61%74%69%6F%6E%3D%6F%6E+%2D%64+%64%69%73%61%62%6C%65%5F%66%75%6E%63%74%69%6F%6E%73%3D%22%22+%2D%64+%6F%70%65%6E%5F%62%61%73%65%64%69%72%3D%6E%6F%6E%65+%2D%64+%61%75%74%6F%5F%70%72%65%70%65%6E%64%5F%66%69%6C%65%3D%70%68%70%3A%2F%2F%69%6E%70%75%74+%2D%64+%63%67%69%2E%66%6F%72%63%65%5F%72%65%64%69%72%65%63%74%3D%30+%2D%64+%63%67%69%2E%72%65%64%69%72%65%63%74%5F%73%74%61%74%75%73%5F%65%6E%76%3D%30+%2D%6E HTTP/1.1" 404 2842 "-" "Mozilla/5.0 (iPad; CPU OS 6_0 like Mac OS X) AppleWebKit/536.26(KHTML, like Gecko) Version/6.0 Mobile/10A5355d Safari/8536.25"
80.70.3.34 - - [24/Mar/2014:13:17:07 +0530] "POST /cgi-bin/php.cgi?%2D%64+%61%6C%6C%6F%77%5F%75%72%6C%5F%69%6E%63%6C%75%64%65%3D%6F%6E+%2D%64+%73%61%66%65%5F%6D%6F%64%65%3D%6F%66%66+%2D%64+%73%75%68%6F%73%69%6E%2E%73%69%6D%75%6C%61%74%69%6F%6E%3D%6F%6E+%2D%64+%64%69%73%61%62%6C%65%5F%66%75%6E%63%74%69%6F%6E%73%3D%22%22+%2D%64+%6F%70%65%6E%5F%62%61%73%65%64%69%72%3D%6E%6F%6E%65+%2D%64+%61%75%74%6F%5F%70%72%65%70%65%6E%64%5F%66%69%6C%65%3D%70%68%70%3A%2F%2F%69%6E%70%75%74+%2D%64+%63%67%69%2E%66%6F%72%63%65%5F%72%65%64%69%72%65%63%74%3D%30+%2D%64+%63%67%69%2E%72%65%64%69%72%65%63%74%5F%73%74%61%74%75%73%5F%65%6E%76%3D%30+%2D%6E HTTP/1.1" 404 2842 "-" "Mozilla/5.0 (iPad; CPU OS 6_0 like Mac OS X) AppleWebKit/536.26(KHTML, like Gecko) Version/6.0 Mobile/10A5355d Safari/8536.25"
80.70.3.34 - - [24/Mar/2014:13:17:08 +0530] "POST /cgi-bin/php4?%2D%64+%61%6C%6C%6F%77%5F%75%72%6C%5F%69%6E%63%6C%75%64%65%3D%6F%6E+%2D%64+%73%61%66%65%5F%6D%6F%64%65%3D%6F%66%66+%2D%64+%73%75%68%6F%73%69%6E%2E%73%69%6D%75%6C%61%74%69%6F%6E%3D%6F%6E+%2D%64+%64%69%73%61%62%6C%65%5F%66%75%6E%63%74%69%6F%6E%73%3D%22%22+%2D%64+%6F%70%65%6E%5F%62%61%73%65%64%69%72%3D%6E%6F%6E%65+%2D%64+%61%75%74%6F%5F%70%72%65%70%65%6E%64%5F%66%69%6C%65%3D%70%68%70%3A%2F%2F%69%6E%70%75%74+%2D%64+%63%67%69%2E%66%6F%72%63%65%5F%72%65%64%69%72%65%63%74%3D%30+%2D%64+%63%67%69%2E%72%65%64%69%72%65%63%74%5F%73%74%61%74%75%73%5F%65%6E%76%3D%30+%2D%6E HTTP/1.1" 404 2833 "-" "Mozilla/5.0 (iPad; CPU OS 6_0 like Mac OS X) AppleWebKit/536.26(KHTML, like Gecko) Version/6.0 Mobile/10A5355d Safari/8536.25"
122.172.10.54 - - [24/Mar/2014:13:24:44 +0530] "GET /scripts/getImage.php HTTP/1.1" 500 276 "-" "Mozilla/5.0 (X11; Linux x86_64) AppleWebKit/537.36 (KHTML, like Gecko) Chrome/33.0.1750.152 Safari/537.36"
122.172.10.54 - - [24/Mar/2014:07:57:34 +0000] "GET /scripts/getImage.php HTTP/1.1" 500 276 "-" "Mozilla/5.0 (X11; Linux x86_64) AppleWebKit/537.36 (KHTML, like Gecko) Chrome/33.0.1750.152 Safari/537.36"
122.172.10.54 - - [24/Mar/2014:08:00:27 +0000] "GET /scripts/getImage.php HTTP/1.1" 500 276 "-" "Mozilla/5.0 (X11; Linux x86_64) AppleWebKit/537.36 (KHTML, like Gecko) Chrome/33.0.1750.152 Safari/537.36"
122.172.10.54 - - [24/Mar/2014:08:05:11 +0000] "GET /scripts/getImage.php HTTP/1.1" 500 276 "-" "Mozilla/5.0 (X11; Linux x86_64) AppleWebKit/537.36 (KHTML, like Gecko) Chrome/33.0.1750.152 Safari/537.36"
122.172.10.54 - - [24/Mar/2014:13:35:11 +0530] "GET /favicon.ico HTTP/1.1" 404 1224 "-" "Mozilla/5.0 (X11; Linux x86_64) AppleWebKit/537.36 (KHTML, like Gecko) Chrome/33.0.1750.152 Safari/537.36"
122.172.10.54 - - [24/Mar/2014:08:08:13 +0000] "GET /scripts/info.php HTTP/1.1" 200 9946 "-" "Mozilla/5.0 (X11; Linux x86_64) AppleWebKit/537.36 (KHTML, like Gecko) Chrome/33.0.1750.152 Safari/537.36"
122.172.10.54 - - [24/Mar/2014:08:08:13 +0000] "GET /scripts/info.php?=PHPE9568F34-D428-11d2-A769-00AA001ACF42 HTTP/1.1" 200 2753 "http://54.213.4.161/scripts/info.php" "Mozilla/5.0 (X11; Linux x86_64) AppleWebKit/537.36 (KHTML, like Gecko) Chrome/33.0.1750.152 Safari/537.36"
122.172.10.54 - - [24/Mar/2014:08:08:13 +0000] "GET /scripts/info.php?=SUHO8567F54-D428-14d2-A769-00DA302A5F18 HTTP/1.1" 200 3042 "http://54.213.4.161/scripts/info.php" "Mozilla/5.0 (X11; Linux x86_64) AppleWebKit/537.36 (KHTML, like Gecko) Chrome/33.0.1750.152 Safari/537.36"
122.172.10.54 - - [24/Mar/2014:08:08:13 +0000] "GET /scripts/info.php?=PHPE9568F35-D428-11d2-A769-00AA001ACF42 HTTP/1.1" 200 2375 "http://54.213.4.161/scripts/info.php" "Mozilla/5.0 (X11; Linux x86_64) AppleWebKit/537.36 (KHTML, like Gecko) Chrome/33.0.1750.152 Safari/537.36"
218.248.2.244 - - [24/Mar/2014:13:45:44 +0530] "HEAD / HTTP/1.0" 404 191 "-" "-"
122.172.10.54 - - [24/Mar/2014:08:23:09 +0000] "GET /scripts/getImage.php HTTP/1.1" 500 276 "-" "Mozilla/5.0 (X11; Linux x86_64) AppleWebKit/537.36 (KHTML, like Gecko) Chrome/33.0.1750.152 Safari/537.36"
122.172.10.54 - - [24/Mar/2014:08:23:19 +0000] "GET /scripts/getImage.php HTTP/1.1" 500 276 "-" "Mozilla/5.0 (X11; Linux x86_64) AppleWebKit/537.36 (KHTML, like Gecko) Chrome/33.0.1750.152 Safari/537.36"
122.172.10.54 - - [24/Mar/2014:08:23:36 +0000] "GET /scripts/getImage.php HTTP/1.1" 500 276 "-" "Mozilla/5.0 (X11; Linux x86_64) AppleWebKit/537.36 (KHTML, like Gecko) Chrome/33.0.1750.152 Safari/537.36"
122.172.10.54 - - [24/Mar/2014:08:28:17 +0000] "GET /scripts/getImage.php HTTP/1.1" 500 276 "-" "Mozilla/5.0 (X11; Linux x86_64) AppleWebKit/537.36 (KHTML, like Gecko) Chrome/33.0.1750.152 Safari/537.36"
122.172.10.54 - - [24/Mar/2014:08:28:41 +0000] "GET /wiki/wa/ HTTP/1.1" 404 502 "-" "Mozilla/5.0 (X11; Linux x86_64) AppleWebKit/537.36 (KHTML, like Gecko) Chrome/33.0.1750.152 Safari/537.36"
122.172.10.54 - - [24/Mar/2014:08:29:03 +0000] "GET /wiki/wa/home HTTP/1.1" 404 504 "-" "Mozilla/5.0 (X11; Linux x86_64) AppleWebKit/537.36 (KHTML, like Gecko) Chrome/33.0.1750.152 Safari/537.36"
122.172.10.54 - - [24/Mar/2014:08:33:04 +0000] "GET /wa/home/ HTTP/1.1" 404 501 "-" "Mozilla/5.0 (X11; Linux x86_64) AppleWebKit/537.36 (KHTML, like Gecko) Chrome/33.0.1750.152 Safari/537.36"
122.172.10.54 - - [24/Mar/2014:14:03:20 +0530] "GET /wa/home/ HTTP/1.1" 200 1338 "-" "Mozilla/5.0 (X11; Linux x86_64) AppleWebKit/537.36 (KHTML, like Gecko) Chrome/33.0.1750.152 Safari/537.36"
122.172.10.54 - - [24/Mar/2014:14:03:21 +0530] "GET /static/wa/arctic-sunset-css/css/chosen.css HTTP/1.1" 304 210 "http://54.213.4.161/wa/home/" "Mozilla/5.0 (X11; Linux x86_64) AppleWebKit/537.36 (KHTML, like Gecko) Chrome/33.0.1750.152 Safari/537.36"
122.172.10.54 - - [24/Mar/2014:08:33:21 +0000] "GET /static/wa/arctic-sunset-css/js/general.js HTTP/1.1" 304 211 "http://54.213.4.161/wa/home/" "Mozilla/5.0 (X11; Linux x86_64) AppleWebKit/537.36 (KHTML, like Gecko) Chrome/33.0.1750.152 Safari/537.36"
122.172.10.54 - - [24/Mar/2014:14:03:21 +0530] "GET /static/wa/arctic-sunset-css/css/bootstrap.css HTTP/1.1" 304 211 "http://54.213.4.161/wa/home/" "Mozilla/5.0 (X11; Linux x86_64) AppleWebKit/537.36 (KHTML, like Gecko) Chrome/33.0.1750.152 Safari/537.36"
122.172.10.54 - - [24/Mar/2014:08:33:21 +0000] "GET /static/wa/arctic-sunset-css/style.css HTTP/1.1" 304 211 "http://54.213.4.161/wa/home/" "Mozilla/5.0 (X11; Linux x86_64) AppleWebKit/537.36 (KHTML, like Gecko) Chrome/33.0.1750.152 Safari/537.36"
122.172.10.54 - - [24/Mar/2014:08:33:21 +0000] "GET /static/wa/arctic-sunset-css/css/cusel.css HTTP/1.1" 304 211 "http://54.213.4.161/wa/home/" "Mozilla/5.0 (X11; Linux x86_64) AppleWebKit/537.36 (KHTML, like Gecko) Chrome/33.0.1750.152 Safari/537.36"
122.172.10.54 - - [24/Mar/2014:08:33:21 +0000] "GET /static/wa/arctic-sunset-css/css/simple-sidebar.css HTTP/1.1" 304 210 "http://54.213.4.161/wa/home/" "Mozilla/5.0 (X11; Linux x86_64) AppleWebKit/537.36 (KHTML, like Gecko) Chrome/33.0.1750.152 Safari/537.36"
122.172.10.54 - - [24/Mar/2014:08:33:21 +0000] "GET /static/wa/arctic-sunset-css/js/libs/modernizr.min.js HTTP/1.1" 304 210 "http://54.213.4.161/wa/home/" "Mozilla/5.0 (X11; Linux x86_64) AppleWebKit/537.36 (KHTML, like Gecko) Chrome/33.0.1750.152 Safari/537.36"
122.172.10.54 - - [24/Mar/2014:08:33:22 +0000] "GET /static/wa/arctic-sunset-css/js/libs/jquery-1.10.0.js HTTP/1.1" 304 212 "http://54.213.4.161/wa/home/" "Mozilla/5.0 (X11; Linux x86_64) AppleWebKit/537.36 (KHTML, like Gecko) Chrome/33.0.1750.152 Safari/537.36"
122.172.10.54 - - [24/Mar/2014:14:03:22 +0530] "GET /static/wa/arctic-sunset-css/js/libs/jquery-ui.min.js HTTP/1.1" 304 211 "http://54.213.4.161/wa/home/" "Mozilla/5.0 (X11; Linux x86_64) AppleWebKit/537.36 (KHTML, like Gecko) Chrome/33.0.1750.152 Safari/537.36"
122.172.10.54 - - [24/Mar/2014:08:33:22 +0000] "GET /static/wa/arctic-sunset-css/js/libs/bootstrap.min.js HTTP/1.1" 304 210 "http://54.213.4.161/wa/home/" "Mozilla/5.0 (X11; Linux x86_64) AppleWebKit/537.36 (KHTML, like Gecko) Chrome/33.0.1750.152 Safari/537.36"
122.172.10.54 - - [24/Mar/2014:08:33:23 +0000] "GET /static/wa/arctic-sunset-css/images/bg.png HTTP/1.1" 304 187 "http://54.213.4.161/wa/home/" "Mozilla/5.0 (X11; Linux x86_64) AppleWebKit/537.36 (KHTML, like Gecko) Chrome/33.0.1750.152 Safari/537.36"
122.172.10.54 - - [24/Mar/2014:14:03:24 +0530] "GET /wa/digiSelection HTTP/1.1" 301 363 "http://54.213.4.161/wa/home/" "Mozilla/5.0 (X11; Linux x86_64) AppleWebKit/537.36 (KHTML, like Gecko) Chrome/33.0.1750.152 Safari/537.36"
122.172.10.54 - - [24/Mar/2014:14:03:26 +0530] "GET /wa/digiSelection/ HTTP/1.1" 200 1645 "http://54.213.4.161/wa/home/" "Mozilla/5.0 (X11; Linux x86_64) AppleWebKit/537.36 (KHTML, like Gecko) Chrome/33.0.1750.152 Safari/537.36"
122.172.10.54 - - [24/Mar/2014:14:03:26 +0530] "GET /static/wa/arctic-sunset-css/images/chosen.png HTTP/1.1" 304 186 "http://54.213.4.161/wa/digiSelection/" "Mozilla/5.0 (X11; Linux x86_64) AppleWebKit/537.36 (KHTML, like Gecko) Chrome/33.0.1750.152 Safari/537.36"
122.172.10.54 - - [24/Mar/2014:14:03:29 +0530] "GET /wa/audio/langBooks/?language=English HTTP/1.1" 200 618 "http://54.213.4.161/wa/digiSelection/" "Mozilla/5.0 (X11; Linux x86_64) AppleWebKit/537.36 (KHTML, like Gecko) Chrome/33.0.1750.152 Safari/537.36"
122.172.10.54 - - [24/Mar/2014:14:03:29 +0530] "GET /wa/audio/getimage/11/ HTTP/1.1" 500 10875 "http://54.213.4.161/wa/digiSelection/" "Mozilla/5.0 (X11; Linux x86_64) AppleWebKit/537.36 (KHTML, like Gecko) Chrome/33.0.1750.152 Safari/537.36"
127.0.0.1 - - [24/Mar/2014:08:33:30 +0000] "OPTIONS * HTTP/1.0" 200 126 "-" "Apache/2.2.22 (Ubuntu) (internal dummy connection)"
122.172.10.54 - - [24/Mar/2014:14:03:30 +0530] "GET /wa/audio/11/ HTTP/1.1" 200 3743 "http://54.213.4.161/wa/digiSelection/" "Mozilla/5.0 (X11; Linux x86_64) AppleWebKit/537.36 (KHTML, like Gecko) Chrome/33.0.1750.152 Safari/537.36"
122.172.10.54 - - [24/Mar/2014:14:03:32 +0530] "GET /static/wa/js/pramukhime.js HTTP/1.1" 200 4221 "http://54.213.4.161/wa/audio/11/" "Mozilla/5.0 (X11; Linux x86_64) AppleWebKit/537.36 (KHTML, like Gecko) Chrome/33.0.1750.152 Safari/537.36"
122.172.10.54 - - [24/Mar/2014:08:33:32 +0000] "GET /static/wa/css/pramukhtypepad.css HTTP/1.1" 200 1082 "http://54.213.4.161/wa/audio/11/" "Mozilla/5.0 (X11; Linux x86_64) AppleWebKit/537.36 (KHTML, like Gecko) Chrome/33.0.1750.152 Safari/537.36"
122.172.10.54 - - [24/Mar/2014:08:33:32 +0000] "GET /static/wa/js/pramukhindic.js HTTP/1.1" 200 12181 "http://54.213.4.161/wa/audio/11/" "Mozilla/5.0 (X11; Linux x86_64) AppleWebKit/537.36 (KHTML, like Gecko) Chrome/33.0.1750.152 Safari/537.36"
122.172.10.54 - - [24/Mar/2014:08:33:32 +0000] "GET /static/wa/js/pramukhime-common.js HTTP/1.1" 200 1998 "http://54.213.4.161/wa/audio/11/" "Mozilla/5.0 (X11; Linux x86_64) AppleWebKit/537.36 (KHTML, like Gecko) Chrome/33.0.1750.152 Safari/537.36"
122.172.10.54 - - [24/Mar/2014:14:03:32 +0530] "GET /static/wa/img/pramukhime-english.png HTTP/1.1" 200 442 "http://54.213.4.161/wa/audio/11/" "Mozilla/5.0 (X11; Linux x86_64) AppleWebKit/537.36 (KHTML, like Gecko) Chrome/33.0.1750.152 Safari/537.36"
122.172.10.54 - - [24/Mar/2014:08:33:32 +0000] "GET /static/wa/js/jquery-2.1.0.min.js HTTP/1.1" 200 29656 "http://54.213.4.161/wa/audio/11/" "Mozilla/5.0 (X11; Linux x86_64) AppleWebKit/537.36 (KHTML, like Gecko) Chrome/33.0.1750.152 Safari/537.36"
122.172.10.54 - - [24/Mar/2014:08:33:33 +0000] "GET /static/wa/img/pramukhime-icon.png HTTP/1.1" 404 519 "http://54.213.4.161/wa/audio/11/" "Mozilla/5.0 (X11; Linux x86_64) AppleWebKit/537.36 (KHTML, like Gecko) Chrome/33.0.1750.152 Safari/537.36"
122.172.10.54 - - [24/Mar/2014:14:03:32 +0530] "GET /wa/getParagraph/11/1/ HTTP/1.1" 500 11391 "http://54.213.4.161/wa/audio/11/" "Mozilla/5.0 (X11; Linux x86_64) AppleWebKit/537.36 (KHTML, like Gecko) Chrome/33.0.1750.152 Safari/537.36"
127.0.0.1 - - [24/Mar/2014:08:33:40 +0000] "OPTIONS * HTTP/1.0" 200 126 "-" "Apache/2.2.22 (Ubuntu) (internal dummy connection)"
122.172.10.54 - - [24/Mar/2014:14:09:20 +0530] "GET /wa/audio/11/ HTTP/1.1" 200 3751 "-" "Mozilla/5.0 (X11; Linux x86_64) AppleWebKit/537.36 (KHTML, like Gecko) Chrome/33.0.1750.152 Safari/537.36"
122.172.10.54 - - [24/Mar/2014:14:09:22 +0530] "GET /static/wa/img/pramukhime-icon.png HTTP/1.1" 404 520 "http://54.213.4.161/wa/audio/11/" "Mozilla/5.0 (X11; Linux x86_64) AppleWebKit/537.36 (KHTML, like Gecko) Chrome/33.0.1750.152 Safari/537.36"
122.172.10.54 - - [24/Mar/2014:14:09:21 +0530] "GET /wa/getParagraph/11/1/ HTTP/1.1" 500 11424 "http://54.213.4.161/wa/audio/11/" "Mozilla/5.0 (X11; Linux x86_64) AppleWebKit/537.36 (KHTML, like Gecko) Chrome/33.0.1750.152 Safari/537.36"
122.172.10.54 - - [24/Mar/2014:14:12:04 +0530] "GET /wa/audio/11/ HTTP/1.1" 200 3751 "-" "Mozilla/5.0 (X11; Linux x86_64) AppleWebKit/537.36 (KHTML, like Gecko) Chrome/33.0.1750.152 Safari/537.36"
122.172.10.54 - - [24/Mar/2014:14:12:05 +0530] "GET /static/wa/arctic-sunset-css/js/libs/modernizr.min.js HTTP/1.1" 304 210 "http://54.213.4.161/wa/audio/11/" "Mozilla/5.0 (X11; Linux x86_64) AppleWebKit/537.36 (KHTML, like Gecko) Chrome/33.0.1750.152 Safari/537.36"
122.172.10.54 - - [24/Mar/2014:08:42:05 +0000] "GET /static/wa/arctic-sunset-css/js/libs/jquery-1.10.0.js HTTP/1.1" 304 212 "http://54.213.4.161/wa/audio/11/" "Mozilla/5.0 (X11; Linux x86_64) AppleWebKit/537.36 (KHTML, like Gecko) Chrome/33.0.1750.152 Safari/537.36"
122.172.10.54 - - [24/Mar/2014:14:12:05 +0530] "GET /static/wa/arctic-sunset-css/js/libs/jquery-ui.min.js HTTP/1.1" 304 212 "http://54.213.4.161/wa/audio/11/" "Mozilla/5.0 (X11; Linux x86_64) AppleWebKit/537.36 (KHTML, like Gecko) Chrome/33.0.1750.152 Safari/537.36"
122.172.10.54 - - [24/Mar/2014:08:42:05 +0000] "GET /static/wa/arctic-sunset-css/js/libs/bootstrap.min.js HTTP/1.1" 304 211 "http://54.213.4.161/wa/audio/11/" "Mozilla/5.0 (X11; Linux x86_64) AppleWebKit/537.36 (KHTML, like Gecko) Chrome/33.0.1750.152 Safari/537.36"
122.172.10.54 - - [24/Mar/2014:14:12:05 +0530] "GET /static/wa/arctic-sunset-css/css/bootstrap.css HTTP/1.1" 304 212 "http://54.213.4.161/wa/home/" "Mozilla/5.0 (X11; Linux x86_64) AppleWebKit/537.36 (KHTML, like Gecko) Chrome/33.0.1750.152 Safari/537.36"
122.172.10.54 - - [24/Mar/2014:14:12:05 +0530] "GET /static/wa/arctic-sunset-css/style.css HTTP/1.1" 304 211 "http://54.213.4.161/wa/home/" "Mozilla/5.0 (X11; Linux x86_64) AppleWebKit/537.36 (KHTML, like Gecko) Chrome/33.0.1750.152 Safari/537.36"
122.172.10.54 - - [24/Mar/2014:14:12:06 +0530] "GET /static/wa/arctic-sunset-css/css/simple-sidebar.css HTTP/1.1" 304 209 "http://54.213.4.161/wa/home/" "Mozilla/5.0 (X11; Linux x86_64) AppleWebKit/537.36 (KHTML, like Gecko) Chrome/33.0.1750.152 Safari/537.36"
122.172.10.54 - - [24/Mar/2014:08:42:06 +0000] "GET /static/wa/arctic-sunset-css/css/chosen.css HTTP/1.1" 304 210 "http://54.213.4.161/wa/home/" "Mozilla/5.0 (X11; Linux x86_64) AppleWebKit/537.36 (KHTML, like Gecko) Chrome/33.0.1750.152 Safari/537.36"
122.172.10.54 - - [24/Mar/2014:14:12:06 +0530] "GET /static/wa/arctic-sunset-css/css/cusel.css HTTP/1.1" 304 210 "http://54.213.4.161/wa/home/" "Mozilla/5.0 (X11; Linux x86_64) AppleWebKit/537.36 (KHTML, like Gecko) Chrome/33.0.1750.152 Safari/537.36"
122.172.10.54 - - [24/Mar/2014:08:42:06 +0000] "GET /static/wa/css/pramukhtypepad.css HTTP/1.1" 304 209 "http://54.213.4.161/wa/audio/11/" "Mozilla/5.0 (X11; Linux x86_64) AppleWebKit/537.36 (KHTML, like Gecko) Chrome/33.0.1750.152 Safari/537.36"
122.172.10.54 - - [24/Mar/2014:14:12:06 +0530] "GET /static/wa/arctic-sunset-css/js/general.js HTTP/1.1" 304 210 "http://54.213.4.161/wa/audio/11/" "Mozilla/5.0 (X11; Linux x86_64) AppleWebKit/537.36 (KHTML, like Gecko) Chrome/33.0.1750.152 Safari/537.36"
122.172.10.54 - - [24/Mar/2014:14:12:06 +0530] "GET /static/wa/js/pramukhime.js HTTP/1.1" 304 210 "http://54.213.4.161/wa/audio/11/" "Mozilla/5.0 (X11; Linux x86_64) AppleWebKit/537.36 (KHTML, like Gecko) Chrome/33.0.1750.152 Safari/537.36"
122.172.10.54 - - [24/Mar/2014:14:12:06 +0530] "GET /static/wa/js/jquery-2.1.0.min.js HTTP/1.1" 304 211 "http://54.213.4.161/wa/audio/11/" "Mozilla/5.0 (X11; Linux x86_64) AppleWebKit/537.36 (KHTML, like Gecko) Chrome/33.0.1750.152 Safari/537.36"
122.172.10.54 - - [24/Mar/2014:08:42:06 +0000] "GET /static/wa/js/pramukhindic.js HTTP/1.1" 304 210 "http://54.213.4.161/wa/audio/11/" "Mozilla/5.0 (X11; Linux x86_64) AppleWebKit/537.36 (KHTML, like Gecko) Chrome/33.0.1750.152 Safari/537.36"
122.172.10.54 - - [24/Mar/2014:14:12:06 +0530] "GET /static/wa/js/pramukhime-common.js HTTP/1.1" 304 210 "http://54.213.4.161/wa/audio/11/" "Mozilla/5.0 (X11; Linux x86_64) AppleWebKit/537.36 (KHTML, like Gecko) Chrome/33.0.1750.152 Safari/537.36"
122.172.10.54 - - [24/Mar/2014:14:12:06 +0530] "GET /static/wa/img/pramukhime-english.png HTTP/1.1" 304 185 "http://54.213.4.161/wa/audio/11/" "Mozilla/5.0 (X11; Linux x86_64) AppleWebKit/537.36 (KHTML, like Gecko) Chrome/33.0.1750.152 Safari/537.36"
122.172.10.54 - - [24/Mar/2014:14:12:06 +0530] "GET /static/wa/arctic-sunset-css/images/bg.png HTTP/1.1" 304 187 "http://54.213.4.161/wa/home/" "Mozilla/5.0 (X11; Linux x86_64) AppleWebKit/537.36 (KHTML, like Gecko) Chrome/33.0.1750.152 Safari/537.36"
122.172.10.54 - - [24/Mar/2014:14:12:06 +0530] "GET /static/wa/img/pramukhime-icon.png HTTP/1.1" 404 519 "http://54.213.4.161/wa/audio/11/" "Mozilla/5.0 (X11; Linux x86_64) AppleWebKit/537.36 (KHTML, like Gecko) Chrome/33.0.1750.152 Safari/537.36"
122.172.10.54 - - [24/Mar/2014:08:42:06 +0000] "GET /wa/getParagraph/11/1/ HTTP/1.1" 500 11421 "http://54.213.4.161/wa/audio/11/" "Mozilla/5.0 (X11; Linux x86_64) AppleWebKit/537.36 (KHTML, like Gecko) Chrome/33.0.1750.152 Safari/537.36"
127.0.0.1 - - [24/Mar/2014:14:12:14 +0530] "OPTIONS * HTTP/1.0" 200 126 "-" "Apache/2.2.22 (Ubuntu) (internal dummy connection)"
190.120.226.135 - - [24/Mar/2014:15:12:16 +0530] "GET /muieblackcat HTTP/1.1" 404 1189 "-" "-"
190.120.226.135 - - [24/Mar/2014:15:12:17 +0530] "GET //scripts/setup.php HTTP/1.1" 404 470 "-" "-"
190.120.226.135 - - [24/Mar/2014:15:12:28 +0530] "GET //db/scripts/setup.php HTTP/1.1" 404 1194 "-" "-"
190.120.226.135 - - [24/Mar/2014:15:12:30 +0530] "GET //dbadmin/scripts/setup.php HTTP/1.1" 404 1198 "-" "-"
190.120.226.135 - - [24/Mar/2014:15:12:31 +0530] "GET //myadmin/scripts/setup.php HTTP/1.1" 404 1198 "-" "-"
190.120.226.135 - - [24/Mar/2014:15:12:31 +0530] "GET //mysql/scripts/setup.php HTTP/1.1" 404 1198 "-" "-"
190.120.226.135 - - [24/Mar/2014:15:12:33 +0530] "GET //mysqladmin/scripts/setup.php HTTP/1.1" 404 1201 "-" "-"
190.120.226.135 - - [24/Mar/2014:15:12:43 +0530] "GET //web/phpMyAdmin/scripts/setup.php HTTP/1.1" 404 1205 "-" "-"
190.120.226.135 - - [24/Mar/2014:15:13:01 +0530] "GET //administrator/components/com_joommyadmin/phpmyadmin/scripts/setup.php HTTP/1.1" 404 1223 "-" "-"
190.120.226.135 - - [24/Mar/2014:15:13:09 +0530] "GET //cpanelphpmyadmin/scripts/setup.php HTTP/1.1" 404 1204 "-" "-"
190.120.226.135 - - [24/Mar/2014:15:13:10 +0530] "GET //cpphpmyadmin/scripts/setup.php HTTP/1.1" 404 1201 "-" "-"
190.120.226.135 - - [24/Mar/2014:15:13:10 +0530] "GET //forum/phpmyadmin/scripts/setup.php HTTP/1.1" 404 1204 "-" "-"
190.120.226.135 - - [24/Mar/2014:15:13:13 +0530] "GET //phpmyadmin/scripts/setup.php HTTP/1.1" 404 1200 "-" "-"
190.120.226.135 - - [24/Mar/2014:15:13:21 +0530] "GET //phpMyAdmin-2.10.0.2/scripts/setup.php HTTP/1.1" 404 1210 "-" "-"
190.120.226.135 - - [24/Mar/2014:15:13:30 +0530] "GET //phpMyAdmin-2.11.0.0/scripts/setup.php HTTP/1.1" 404 1210 "-" "-"
190.120.226.135 - - [24/Mar/2014:15:13:36 +0530] "GET //phpMyAdmin-2.11.1.1/scripts/setup.php HTTP/1.1" 404 1208 "-" "-"
190.120.226.135 - - [24/Mar/2014:15:13:37 +0530] "GET //phpMyAdmin-2.11.1.2/scripts/setup.php HTTP/1.1" 404 1209 "-" "-"
190.120.226.135 - - [24/Mar/2014:15:13:37 +0530] "GET //phpMyAdmin-2.6.1-pl2/scripts/setup.php HTTP/1.1" 404 1210 "-" "-"
190.120.226.135 - - [24/Mar/2014:15:13:41 +0530] "GET //phpMyAdmin-2.6.4-pl3/scripts/setup.php HTTP/1.1" 404 1210 "-" "-"
190.120.226.135 - - [24/Mar/2014:15:13:41 +0530] "GET //phpMyAdmin-2.6.4-pl4/scripts/setup.php HTTP/1.1" 404 1210 "-" "-"
190.120.226.135 - - [24/Mar/2014:15:13:51 +0530] "GET //phpMyAdmin-2.6.9/scripts/setup.php HTTP/1.1" 404 1207 "-" "-"
190.120.226.135 - - [24/Mar/2014:15:13:52 +0530] "GET //phpMyAdmin-2.7.0-beta1/scripts/setup.php HTTP/1.1" 404 1212 "-" "-"
190.120.226.135 - - [24/Mar/2014:15:13:53 +0530] "GET //phpMyAdmin-2.7.0-pl1/scripts/setup.php HTTP/1.1" 404 1211 "-" "-"
190.120.226.135 - - [24/Mar/2014:15:13:53 +0530] "GET //phpMyAdmin-2.7.0-pl2/scripts/setup.php HTTP/1.1" 404 1211 "-" "-"
190.120.226.135 - - [24/Mar/2014:15:14:00 +0530] "GET //phpMyAdmin-2.7.6/scripts/setup.php HTTP/1.1" 404 1207 "-" "-"
190.120.226.135 - - [24/Mar/2014:15:14:00 +0530] "GET //phpMyAdmin-2.7.7/scripts/setup.php HTTP/1.1" 404 1208 "-" "-"
190.120.226.135 - - [24/Mar/2014:15:14:01 +0530] "GET //phpMyAdmin-2.8.2.3/scripts/setup.php HTTP/1.1" 404 1209 "-" "-"
190.120.226.135 - - [24/Mar/2014:15:14:01 +0530] "GET //phpMyAdmin-2.8.2/scripts/setup.php HTTP/1.1" 404 1207 "-" "-"
190.120.226.135 - - [24/Mar/2014:15:14:01 +0530] "GET //phpMyAdmin-2.8.3/scripts/setup.php HTTP/1.1" 404 1207 "-" "-"
190.120.226.135 - - [24/Mar/2014:15:14:02 +0530] "GET //phpMyAdmin-2.8.4/scripts/setup.php HTTP/1.1" 404 1207 "-" "-"
190.120.226.135 - - [24/Mar/2014:15:14:02 +0530] "GET //phpMyAdmin-2.8.5/scripts/setup.php HTTP/1.1" 404 1207 "-" "-"
190.120.226.135 - - [24/Mar/2014:15:14:02 +0530] "GET //phpMyAdmin-2.8.6/scripts/setup.php HTTP/1.1" 404 1207 "-" "-"
127.0.0.1 - - [24/Mar/2014:15:14:05 +0530] "OPTIONS * HTTP/1.0" 200 126 "-" "Apache/2.2.22 (Ubuntu) (internal dummy connection)"
190.120.226.135 - - [24/Mar/2014:15:14:21 +0530] "GET //phpMyAdmin-2.9.0/scripts/setup.php HTTP/1.1" 404 1207 "-" "-"
190.120.226.135 - - [24/Mar/2014:15:14:27 +0530] "GET //phpMyAdmin-2/scripts/setup.php HTTP/1.1" 404 1203 "-" "-"
190.120.226.135 - - [24/Mar/2014:15:14:43 +0530] "GET //phpMyAdmin-3.1.0.0-english/scripts/setup.php HTTP/1.1" 404 1214 "-" "-"
190.120.226.135 - - [24/Mar/2014:15:15:02 +0530] "GET //phpMyAdmin2/scripts/setup.php HTTP/1.1" 404 1202 "-" "-"
122.172.10.54 - - [24/Mar/2014:15:23:33 +0530] "GET /scripts/getImage.php HTTP/1.1" 500 276 "-" "Mozilla/5.0 (X11; Linux x86_64) AppleWebKit/537.36 (KHTML, like Gecko) Chrome/33.0.1750.152 Safari/537.36"
54.213.4.161 - - [24/Mar/2014:15:23:39 +0530] "GET /scripts/getImage.php HTTP/1.1" 500 231 "-" "Wget/1.13.4 (linux-gnu)"
122.172.10.54 - - [24/Mar/2014:09:59:35 +0000] "GET /scripts/getImage.php HTTP/1.1" 200 371 "-" "Mozilla/5.0 (X11; Linux x86_64) AppleWebKit/537.36 (KHTML, like Gecko) Chrome/33.0.1750.152 Safari/537.36"
122.167.12.151 - - [24/Mar/2014:09:59:50 +0000] "GET /scripts/info.php HTTP/1.1" 200 9887 "-" "Mozilla/5.0 (X11; Linux i686) AppleWebKit/537.36 (KHTML, like Gecko) Chrome/32.0.1700.102 Safari/537.36"
122.167.12.151 - - [24/Mar/2014:09:59:50 +0000] "GET /scripts/info.php?=PHPE9568F34-D428-11d2-A769-00AA001ACF42 HTTP/1.1" 200 2752 "http://ec2-54-213-4-161.us-west-2.compute.amazonaws.com/scripts/info.php" "Mozilla/5.0 (X11; Linux i686) AppleWebKit/537.36 (KHTML, like Gecko) Chrome/32.0.1700.102 Safari/537.36"
122.167.12.151 - - [24/Mar/2014:09:59:50 +0000] "GET /scripts/info.php?=SUHO8567F54-D428-14d2-A769-00DA302A5F18 HTTP/1.1" 200 3043 "http://ec2-54-213-4-161.us-west-2.compute.amazonaws.com/scripts/info.php" "Mozilla/5.0 (X11; Linux i686) AppleWebKit/537.36 (KHTML, like Gecko) Chrome/32.0.1700.102 Safari/537.36"
122.167.12.151 - - [24/Mar/2014:09:59:50 +0000] "GET /scripts/info.php?=PHPE9568F35-D428-11d2-A769-00AA001ACF42 HTTP/1.1" 200 2375 "http://ec2-54-213-4-161.us-west-2.compute.amazonaws.com/scripts/info.php" "Mozilla/5.0 (X11; Linux i686) AppleWebKit/537.36 (KHTML, like Gecko) Chrome/32.0.1700.102 Safari/537.36"
122.167.12.151 - - [24/Mar/2014:15:29:51 +0530] "GET /favicon.ico HTTP/1.1" 404 1248 "-" "Mozilla/5.0 (X11; Linux i686) AppleWebKit/537.36 (KHTML, like Gecko) Chrome/32.0.1700.102 Safari/537.36"
122.167.12.151 - - [24/Mar/2014:15:29:52 +0530] "GET /favicon.ico HTTP/1.1" 404 1248 "-" "Mozilla/5.0 (X11; Linux i686) AppleWebKit/537.36 (KHTML, like Gecko) Chrome/32.0.1700.102 Safari/537.36"
122.167.12.151 - - [24/Mar/2014:15:29:52 +0530] "GET /favicon.ico HTTP/1.1" 404 1248 "-" "Mozilla/5.0 (X11; Linux i686) AppleWebKit/537.36 (KHTML, like Gecko) Chrome/32.0.1700.102 Safari/537.36"
127.0.0.1 - - [24/Mar/2014:09:59:54 +0000] "OPTIONS * HTTP/1.0" 200 126 "-" "Apache/2.2.22 (Ubuntu) (internal dummy connection)"
127.0.0.1 - - [24/Mar/2014:09:59:55 +0000] "OPTIONS * HTTP/1.0" 200 126 "-" "Apache/2.2.22 (Ubuntu) (internal dummy connection)"
127.0.0.1 - - [24/Mar/2014:09:59:56 +0000] "OPTIONS * HTTP/1.0" 200 126 "-" "Apache/2.2.22 (Ubuntu) (internal dummy connection)"
127.0.0.1 - - [24/Mar/2014:09:59:57 +0000] "OPTIONS * HTTP/1.0" 200 126 "-" "Apache/2.2.22 (Ubuntu) (internal dummy connection)"
127.0.0.1 - - [24/Mar/2014:09:59:58 +0000] "OPTIONS * HTTP/1.0" 200 126 "-" "Apache/2.2.22 (Ubuntu) (internal dummy connection)"
127.0.0.1 - - [24/Mar/2014:10:00:00 +0000] "OPTIONS * HTTP/1.0" 200 126 "-" "Apache/2.2.22 (Ubuntu) (internal dummy connection)"
127.0.0.1 - - [24/Mar/2014:10:00:10 +0000] "OPTIONS * HTTP/1.0" 200 126 "-" "Apache/2.2.22 (Ubuntu) (internal dummy connection)"
122.167.12.151 - - [24/Mar/2014:10:00:11 +0000] "-" 408 0 "-" "-"
127.0.0.1 - - [24/Mar/2014:10:00:12 +0000] "OPTIONS * HTTP/1.0" 200 126 "-" "Apache/2.2.22 (Ubuntu) (internal dummy connection)"
127.0.0.1 - - [24/Mar/2014:10:00:13 +0000] "OPTIONS * HTTP/1.0" 200 126 "-" "Apache/2.2.22 (Ubuntu) (internal dummy connection)"
122.167.12.151 - - [24/Mar/2014:10:01:05 +0000] "GET /scripts/getImage.php HTTP/1.1" 200 371 "-" "Mozilla/5.0 (X11; Linux i686) AppleWebKit/537.36 (KHTML, like Gecko) Chrome/32.0.1700.102 Safari/537.36"
127.0.0.1 - - [24/Mar/2014:15:31:25 +0530] "OPTIONS * HTTP/1.0" 200 126 "-" "Apache/2.2.22 (Ubuntu) (internal dummy connection)"
122.172.10.54 - - [24/Mar/2014:10:03:07 +0000] "GET /scripts/info.php HTTP/1.1" 200 9944 "-" "Mozilla/5.0 (X11; Linux x86_64) AppleWebKit/537.36 (KHTML, like Gecko) Chrome/33.0.1750.152 Safari/537.36"
122.172.10.54 - - [24/Mar/2014:10:03:08 +0000] "GET /scripts/info.php?=PHPE9568F34-D428-11d2-A769-00AA001ACF42 HTTP/1.1" 200 2752 "http://54.213.4.161/scripts/info.php" "Mozilla/5.0 (X11; Linux x86_64) AppleWebKit/537.36 (KHTML, like Gecko) Chrome/33.0.1750.152 Safari/537.36"
122.172.10.54 - - [24/Mar/2014:10:03:08 +0000] "GET /scripts/info.php?=SUHO8567F54-D428-14d2-A769-00DA302A5F18 HTTP/1.1" 200 3043 "http://54.213.4.161/scripts/info.php" "Mozilla/5.0 (X11; Linux x86_64) AppleWebKit/537.36 (KHTML, like Gecko) Chrome/33.0.1750.152 Safari/537.36"
122.172.10.54 - - [24/Mar/2014:10:03:08 +0000] "GET /scripts/info.php?=PHPE9568F35-D428-11d2-A769-00AA001ACF42 HTTP/1.1" 200 2375 "http://54.213.4.161/scripts/info.php" "Mozilla/5.0 (X11; Linux x86_64) AppleWebKit/537.36 (KHTML, like Gecko) Chrome/33.0.1750.152 Safari/537.36"
127.0.0.1 - - [24/Mar/2014:10:03:26 +0000] "OPTIONS * HTTP/1.0" 200 126 "-" "Apache/2.2.22 (Ubuntu) (internal dummy connection)"
122.172.10.54 - - [24/Mar/2014:10:06:23 +0000] "GET /scripts/info.php HTTP/1.1" 200 10152 "-" "Mozilla/5.0 (X11; Linux x86_64) AppleWebKit/537.36 (KHTML, like Gecko) Chrome/33.0.1750.152 Safari/537.36"
122.172.10.54 - - [24/Mar/2014:10:06:24 +0000] "GET /scripts/info.php?=PHPE9568F34-D428-11d2-A769-00AA001ACF42 HTTP/1.1" 200 2752 "http://54.213.4.161/scripts/info.php" "Mozilla/5.0 (X11; Linux x86_64) AppleWebKit/537.36 (KHTML, like Gecko) Chrome/33.0.1750.152 Safari/537.36"
122.172.10.54 - - [24/Mar/2014:10:06:24 +0000] "GET /scripts/info.php?=SUHO8567F54-D428-14d2-A769-00DA302A5F18 HTTP/1.1" 200 3043 "http://54.213.4.161/scripts/info.php" "Mozilla/5.0 (X11; Linux x86_64) AppleWebKit/537.36 (KHTML, like Gecko) Chrome/33.0.1750.152 Safari/537.36"
122.172.10.54 - - [24/Mar/2014:10:06:24 +0000] "GET /scripts/info.php?=PHPE9568F35-D428-11d2-A769-00AA001ACF42 HTTP/1.1" 200 2375 "http://54.213.4.161/scripts/info.php" "Mozilla/5.0 (X11; Linux x86_64) AppleWebKit/537.36 (KHTML, like Gecko) Chrome/33.0.1750.152 Safari/537.36"
127.0.0.1 - - [24/Mar/2014:10:06:37 +0000] "OPTIONS * HTTP/1.0" 200 126 "-" "Apache/2.2.22 (Ubuntu) (internal dummy connection)"
127.0.0.1 - - [24/Mar/2014:10:06:38 +0000] "OPTIONS * HTTP/1.0" 200 126 "-" "Apache/2.2.22 (Ubuntu) (internal dummy connection)"
122.172.10.54 - - [24/Mar/2014:10:06:43 +0000] "GET /scripts/getImage.php HTTP/1.1" 200 10142 "-" "Mozilla/5.0 (X11; Linux x86_64) AppleWebKit/537.36 (KHTML, like Gecko) Chrome/33.0.1750.152 Safari/537.36"
127.0.0.1 - - [24/Mar/2014:10:06:57 +0000] "OPTIONS * HTTP/1.0" 200 126 "-" "Apache/2.2.22 (Ubuntu) (internal dummy connection)"
122.172.10.54 - - [24/Mar/2014:10:09:22 +0000] "GET /scripts/getImage.php HTTP/1.1" 200 10142 "-" "Mozilla/5.0 (X11; Linux x86_64) AppleWebKit/537.36 (KHTML, like Gecko) Chrome/33.0.1750.152 Safari/537.36"
122.172.10.54 - - [24/Mar/2014:15:41:44 +0530] "GET /wa HTTP/1.1" 301 350 "-" "Mozilla/5.0 (X11; Linux x86_64) AppleWebKit/537.36 (KHTML, like Gecko) Chrome/33.0.1750.152 Safari/537.36"
122.172.10.54 - - [24/Mar/2014:15:41:45 +0530] "GET /wa/ HTTP/1.1" 302 348 "-" "Mozilla/5.0 (X11; Linux x86_64) AppleWebKit/537.36 (KHTML, like Gecko) Chrome/33.0.1750.152 Safari/537.36"
122.172.10.54 - - [24/Mar/2014:15:41:46 +0530] "GET /wa/home/ HTTP/1.1" 200 1337 "-" "Mozilla/5.0 (X11; Linux x86_64) AppleWebKit/537.36 (KHTML, like Gecko) Chrome/33.0.1750.152 Safari/537.36"
122.172.10.54 - - [24/Mar/2014:15:41:48 +0530] "GET /wa/audio HTTP/1.1" 301 355 "http://54.213.4.161/wa/home/" "Mozilla/5.0 (X11; Linux x86_64) AppleWebKit/537.36 (KHTML, like Gecko) Chrome/33.0.1750.152 Safari/537.36"
