59.93.72.46 - - [23/Mar/2014:11:49:00 +0530] "GET /static/wa/arctic-sunset-css/js/libs/jquery-ui.min.js HTTP/1.1" 304 212 "http://ec2-54-213-4-161.us-west-2.compute.amazonaws.com/wa/register/" "Mozilla/5.0 (Windows NT 6.1; WOW64) AppleWebKit/537.36 (KHTML, like Gecko) Chrome/33.0.1750.154 Safari/537.36"
59.93.72.46 - - [23/Mar/2014:11:49:00 +0530] "GET /static/wa/arctic-sunset-css/js/libs/bootstrap.min.js HTTP/1.1" 304 211 "http://ec2-54-213-4-161.us-west-2.compute.amazonaws.com/wa/register/" "Mozilla/5.0 (Windows NT 6.1; WOW64) AppleWebKit/537.36 (KHTML, like Gecko) Chrome/33.0.1750.154 Safari/537.36"
59.93.72.46 - - [23/Mar/2014:11:49:00 +0530] "GET /static/wa/arctic-sunset-css/css/bootstrap.css HTTP/1.1" 304 212 "http://ec2-54-213-4-161.us-west-2.compute.amazonaws.com/wa/" "Mozilla/5.0 (Windows NT 6.1; WOW64) AppleWebKit/537.36 (KHTML, like Gecko) Chrome/33.0.1750.154 Safari/537.36"
59.93.72.46 - - [23/Mar/2014:06:19:00 +0000] "GET /static/wa/arctic-sunset-css/style.css HTTP/1.1" 304 211 "http://ec2-54-213-4-161.us-west-2.compute.amazonaws.com/wa/" "Mozilla/5.0 (Windows NT 6.1; WOW64) AppleWebKit/537.36 (KHTML, like Gecko) Chrome/33.0.1750.154 Safari/537.36"
59.93.72.46 - - [23/Mar/2014:11:49:00 +0530] "GET /static/wa/arctic-sunset-css/css/chosen.css HTTP/1.1" 304 210 "http://ec2-54-213-4-161.us-west-2.compute.amazonaws.com/wa/" "Mozilla/5.0 (Windows NT 6.1; WOW64) AppleWebKit/537.36 (KHTML, like Gecko) Chrome/33.0.1750.154 Safari/537.36"
59.93.72.46 - - [23/Mar/2014:06:19:00 +0000] "GET /static/wa/arctic-sunset-css/css/cusel.css HTTP/1.1" 304 210 "http://ec2-54-213-4-161.us-west-2.compute.amazonaws.com/wa/" "Mozilla/5.0 (Windows NT 6.1; WOW64) AppleWebKit/537.36 (KHTML, like Gecko) Chrome/33.0.1750.154 Safari/537.36"
59.93.72.46 - - [23/Mar/2014:11:49:00 +0530] "GET /static/wa/arctic-sunset-css/js/jquery.chosen.min.js HTTP/1.1" 304 210 "http://ec2-54-213-4-161.us-west-2.compute.amazonaws.com/wa/register/" "Mozilla/5.0 (Windows NT 6.1; WOW64) AppleWebKit/537.36 (KHTML, like Gecko) Chrome/33.0.1750.154 Safari/537.36"
59.93.72.46 - - [23/Mar/2014:11:49:00 +0530] "GET /static/wa/arctic-sunset-css/js/general.js HTTP/1.1" 304 210 "http://ec2-54-213-4-161.us-west-2.compute.amazonaws.com/wa/register/" "Mozilla/5.0 (Windows NT 6.1; WOW64) AppleWebKit/537.36 (KHTML, like Gecko) Chrome/33.0.1750.154 Safari/537.36"
59.93.72.46 - - [23/Mar/2014:11:49:01 +0530] "GET /static/wa/arctic-sunset-css/images/bg.png HTTP/1.1" 304 187 "http://ec2-54-213-4-161.us-west-2.compute.amazonaws.com/wa/" "Mozilla/5.0 (Windows NT 6.1; WOW64) AppleWebKit/537.36 (KHTML, like Gecko) Chrome/33.0.1750.154 Safari/537.36"
59.93.72.46 - - [23/Mar/2014:11:49:01 +0530] "GET /static/wa/arctic-sunset-css/images/ribbons-shadow.png HTTP/1.1" 304 187 "http://ec2-54-213-4-161.us-west-2.compute.amazonaws.com/wa/" "Mozilla/5.0 (Windows NT 6.1; WOW64) AppleWebKit/537.36 (KHTML, like Gecko) Chrome/33.0.1750.154 Safari/537.36"
59.93.72.46 - - [23/Mar/2014:06:19:01 +0000] "GET /static/wa/arctic-sunset-css/images/ribbons.png HTTP/1.1" 304 187 "http://ec2-54-213-4-161.us-west-2.compute.amazonaws.com/wa/" "Mozilla/5.0 (Windows NT 6.1; WOW64) AppleWebKit/537.36 (KHTML, like Gecko) Chrome/33.0.1750.154 Safari/537.36"
59.93.72.46 - - [23/Mar/2014:11:49:01 +0530] "GET /static/wa/arctic-sunset-css/images/box_bg_bot.jpg HTTP/1.1" 304 186 "http://ec2-54-213-4-161.us-west-2.compute.amazonaws.com/wa/" "Mozilla/5.0 (Windows NT 6.1; WOW64) AppleWebKit/537.36 (KHTML, like Gecko) Chrome/33.0.1750.154 Safari/537.36"
59.93.72.46 - - [23/Mar/2014:06:19:01 +0000] "GET /static/wa/arctic-sunset-css/images/buttons.png HTTP/1.1" 304 187 "http://ec2-54-213-4-161.us-west-2.compute.amazonaws.com/wa/" "Mozilla/5.0 (Windows NT 6.1; WOW64) AppleWebKit/537.36 (KHTML, like Gecko) Chrome/33.0.1750.154 Safari/537.36"
59.93.72.46 - - [23/Mar/2014:11:49:01 +0530] "GET /static/wa/arctic-sunset-css/images/icons/plus.png HTTP/1.1" 304 186 "http://ec2-54-213-4-161.us-west-2.compute.amazonaws.com/wa/register/" "Mozilla/5.0 (Windows NT 6.1; WOW64) AppleWebKit/537.36 (KHTML, like Gecko) Chrome/33.0.1750.154 Safari/537.36"
127.0.0.1 - - [23/Mar/2014:06:19:08 +0000] "OPTIONS * HTTP/1.0" 200 126 "-" "Apache/2.2.22 (Ubuntu) (internal dummy connection)"
59.93.72.46 - - [23/Mar/2014:11:49:14 +0530] "GET /wa/ HTTP/1.1" 200 1705 "-" "Mozilla/5.0 (Windows NT 6.1; WOW64) AppleWebKit/537.36 (KHTML, like Gecko) Chrome/33.0.1750.154 Safari/537.36"
127.0.0.1 - - [23/Mar/2014:11:49:28 +0530] "OPTIONS * HTTP/1.0" 200 126 "-" "Apache/2.2.22 (Ubuntu) (internal dummy connection)"
59.93.72.46 - - [23/Mar/2014:11:50:48 +0530] "GET /wa/register HTTP/1.1" 301 359 "http://54.213.4.161/wa/" "Mozilla/5.0 (Windows NT 6.1; WOW64) AppleWebKit/537.36 (KHTML, like Gecko) Chrome/33.0.1750.154 Safari/537.36"
59.93.72.46 - - [23/Mar/2014:11:50:48 +0530] "GET /wa/register/ HTTP/1.1" 200 2379 "http://54.213.4.161/wa/" "Mozilla/5.0 (Windows NT 6.1; WOW64) AppleWebKit/537.36 (KHTML, like Gecko) Chrome/33.0.1750.154 Safari/537.36"
115.241.90.94 - - [23/Mar/2014:11:52:22 +0530] "GET /wa/register/ HTTP/1.1" 200 2382 "http://ec2-54-213-4-161.us-west-2.compute.amazonaws.com/wa/" "Mozilla/5.0 (X11; Linux i686) AppleWebKit/537.36 (KHTML, like Gecko) Chrome/32.0.1700.102 Safari/537.36"
115.241.90.94 - - [23/Mar/2014:11:52:22 +0530] "GET /static/wa/arctic-sunset-css/js/libs/modernizr.min.js HTTP/1.1" 304 210 "http://ec2-54-213-4-161.us-west-2.compute.amazonaws.com/wa/register/" "Mozilla/5.0 (X11; Linux i686) AppleWebKit/537.36 (KHTML, like Gecko) Chrome/32.0.1700.102 Safari/537.36"
115.241.90.94 - - [23/Mar/2014:11:52:22 +0530] "GET /static/wa/arctic-sunset-css/js/libs/jquery-1.10.0.js HTTP/1.1" 304 212 "http://ec2-54-213-4-161.us-west-2.compute.amazonaws.com/wa/register/" "Mozilla/5.0 (X11; Linux i686) AppleWebKit/537.36 (KHTML, like Gecko) Chrome/32.0.1700.102 Safari/537.36"
115.241.90.94 - - [23/Mar/2014:06:22:22 +0000] "GET /static/wa/arctic-sunset-css/js/libs/jquery-ui.min.js HTTP/1.1" 304 212 "http://ec2-54-213-4-161.us-west-2.compute.amazonaws.com/wa/register/" "Mozilla/5.0 (X11; Linux i686) AppleWebKit/537.36 (KHTML, like Gecko) Chrome/32.0.1700.102 Safari/537.36"
115.241.90.94 - - [23/Mar/2014:11:52:22 +0530] "GET /static/wa/arctic-sunset-css/js/libs/bootstrap.min.js HTTP/1.1" 304 211 "http://ec2-54-213-4-161.us-west-2.compute.amazonaws.com/wa/register/" "Mozilla/5.0 (X11; Linux i686) AppleWebKit/537.36 (KHTML, like Gecko) Chrome/32.0.1700.102 Safari/537.36"
115.241.90.94 - - [23/Mar/2014:11:52:22 +0530] "GET /static/wa/arctic-sunset-css/css/bootstrap.css HTTP/1.1" 304 212 "http://ec2-54-213-4-161.us-west-2.compute.amazonaws.com/wa/" "Mozilla/5.0 (X11; Linux i686) AppleWebKit/537.36 (KHTML, like Gecko) Chrome/32.0.1700.102 Safari/537.36"
115.241.90.94 - - [23/Mar/2014:06:22:22 +0000] "GET /static/wa/arctic-sunset-css/style.css HTTP/1.1" 304 211 "http://ec2-54-213-4-161.us-west-2.compute.amazonaws.com/wa/" "Mozilla/5.0 (X11; Linux i686) AppleWebKit/537.36 (KHTML, like Gecko) Chrome/32.0.1700.102 Safari/537.36"
115.241.90.94 - - [23/Mar/2014:11:52:22 +0530] "GET /static/wa/arctic-sunset-css/css/chosen.css HTTP/1.1" 304 210 "http://ec2-54-213-4-161.us-west-2.compute.amazonaws.com/wa/" "Mozilla/5.0 (X11; Linux i686) AppleWebKit/537.36 (KHTML, like Gecko) Chrome/32.0.1700.102 Safari/537.36"
115.241.90.94 - - [23/Mar/2014:11:52:23 +0530] "GET /static/wa/arctic-sunset-css/css/cusel.css HTTP/1.1" 304 210 "http://ec2-54-213-4-161.us-west-2.compute.amazonaws.com/wa/" "Mozilla/5.0 (X11; Linux i686) AppleWebKit/537.36 (KHTML, like Gecko) Chrome/32.0.1700.102 Safari/537.36"
115.241.90.94 - - [23/Mar/2014:06:22:23 +0000] "GET /static/wa/arctic-sunset-css/js/jquery.chosen.min.js HTTP/1.1" 304 210 "http://ec2-54-213-4-161.us-west-2.compute.amazonaws.com/wa/register/" "Mozilla/5.0 (X11; Linux i686) AppleWebKit/537.36 (KHTML, like Gecko) Chrome/32.0.1700.102 Safari/537.36"
115.241.90.94 - - [23/Mar/2014:11:52:23 +0530] "GET /static/wa/arctic-sunset-css/js/general.js HTTP/1.1" 304 210 "http://ec2-54-213-4-161.us-west-2.compute.amazonaws.com/wa/register/" "Mozilla/5.0 (X11; Linux i686) AppleWebKit/537.36 (KHTML, like Gecko) Chrome/32.0.1700.102 Safari/537.36"
115.241.90.94 - - [23/Mar/2014:11:52:23 +0530] "GET /static/wa/arctic-sunset-css/images/bg.png HTTP/1.1" 304 187 "http://ec2-54-213-4-161.us-west-2.compute.amazonaws.com/wa/" "Mozilla/5.0 (X11; Linux i686) AppleWebKit/537.36 (KHTML, like Gecko) Chrome/32.0.1700.102 Safari/537.36"
115.241.90.94 - - [23/Mar/2014:06:22:23 +0000] "GET /static/wa/arctic-sunset-css/images/ribbons-shadow.png HTTP/1.1" 304 187 "http://ec2-54-213-4-161.us-west-2.compute.amazonaws.com/wa/" "Mozilla/5.0 (X11; Linux i686) AppleWebKit/537.36 (KHTML, like Gecko) Chrome/32.0.1700.102 Safari/537.36"
115.241.90.94 - - [23/Mar/2014:11:52:23 +0530] "GET /static/wa/arctic-sunset-css/images/ribbons.png HTTP/1.1" 304 187 "http://ec2-54-213-4-161.us-west-2.compute.amazonaws.com/wa/" "Mozilla/5.0 (X11; Linux i686) AppleWebKit/537.36 (KHTML, like Gecko) Chrome/32.0.1700.102 Safari/537.36"
115.241.90.94 - - [23/Mar/2014:11:52:23 +0530] "GET /static/wa/arctic-sunset-css/images/box_bg_bot.jpg HTTP/1.1" 304 186 "http://ec2-54-213-4-161.us-west-2.compute.amazonaws.com/wa/" "Mozilla/5.0 (X11; Linux i686) AppleWebKit/537.36 (KHTML, like Gecko) Chrome/32.0.1700.102 Safari/537.36"
115.241.90.94 - - [23/Mar/2014:06:22:23 +0000] "GET /static/wa/arctic-sunset-css/images/buttons.png HTTP/1.1" 304 187 "http://ec2-54-213-4-161.us-west-2.compute.amazonaws.com/wa/" "Mozilla/5.0 (X11; Linux i686) AppleWebKit/537.36 (KHTML, like Gecko) Chrome/32.0.1700.102 Safari/537.36"
115.241.90.94 - - [23/Mar/2014:11:52:23 +0530] "GET /static/wa/arctic-sunset-css/images/icons/plus.png HTTP/1.1" 304 186 "http://ec2-54-213-4-161.us-west-2.compute.amazonaws.com/wa/register/" "Mozilla/5.0 (X11; Linux i686) AppleWebKit/537.36 (KHTML, like Gecko) Chrome/32.0.1700.102 Safari/537.36"
127.0.0.1 - - [23/Mar/2014:06:22:31 +0000] "OPTIONS * HTTP/1.0" 200 126 "-" "Apache/2.2.22 (Ubuntu) (internal dummy connection)"
122.172.10.54 - - [23/Mar/2014:11:55:02 +0530] "GET /wa/register/ HTTP/1.1" 200 2416 "-" "Mozilla/5.0 (X11; Linux x86_64) AppleWebKit/537.36 (KHTML, like Gecko) Chrome/33.0.1750.152 Safari/537.36"
122.172.10.54 - - [23/Mar/2014:11:55:04 +0530] "GET /static/wa/arctic-sunset-css/js/libs/modernizr.min.js HTTP/1.1" 304 210 "http://54.213.4.161/wa/register/" "Mozilla/5.0 (X11; Linux x86_64) AppleWebKit/537.36 (KHTML, like Gecko) Chrome/33.0.1750.152 Safari/537.36"
122.172.10.54 - - [23/Mar/2014:06:25:04 +0000] "GET /static/wa/arctic-sunset-css/js/libs/jquery-1.10.0.js HTTP/1.1" 304 212 "http://54.213.4.161/wa/register/" "Mozilla/5.0 (X11; Linux x86_64) AppleWebKit/537.36 (KHTML, like Gecko) Chrome/33.0.1750.152 Safari/537.36"
122.172.10.54 - - [23/Mar/2014:06:25:04 +0000] "GET /static/wa/arctic-sunset-css/js/libs/jquery-ui.min.js HTTP/1.1" 304 212 "http://54.213.4.161/wa/register/" "Mozilla/5.0 (X11; Linux x86_64) AppleWebKit/537.36 (KHTML, like Gecko) Chrome/33.0.1750.152 Safari/537.36"
122.172.10.54 - - [23/Mar/2014:11:55:04 +0530] "GET /static/wa/arctic-sunset-css/js/libs/bootstrap.min.js HTTP/1.1" 304 211 "http://54.213.4.161/wa/register/" "Mozilla/5.0 (X11; Linux x86_64) AppleWebKit/537.36 (KHTML, like Gecko) Chrome/33.0.1750.152 Safari/537.36"
122.172.10.54 - - [23/Mar/2014:11:55:04 +0530] "GET /static/wa/arctic-sunset-css/js/jquery.chosen.min.js HTTP/1.1" 304 211 "http://54.213.4.161/wa/register/" "Mozilla/5.0 (X11; Linux x86_64) AppleWebKit/537.36 (KHTML, like Gecko) Chrome/33.0.1750.152 Safari/537.36"
122.172.10.54 - - [23/Mar/2014:06:25:04 +0000] "GET /static/wa/arctic-sunset-css/js/general.js HTTP/1.1" 304 211 "http://54.213.4.161/wa/register/" "Mozilla/5.0 (X11; Linux x86_64) AppleWebKit/537.36 (KHTML, like Gecko) Chrome/33.0.1750.152 Safari/537.36"
127.0.0.1 - - [23/Mar/2014:11:55:11 +0530] "OPTIONS * HTTP/1.0" 200 126 "-" "Apache/2.2.22 (Ubuntu) (internal dummy connection)"
115.241.90.94 - - [23/Mar/2014:11:55:19 +0530] "GET /wa/ HTTP/1.1" 200 1706 "-" "Mozilla/5.0 (X11; Linux i686) AppleWebKit/537.36 (KHTML, like Gecko) Chrome/32.0.1700.102 Safari/537.36"
122.172.10.54 - - [23/Mar/2014:06:25:22 +0000] "GET /static/wa/arctic-sunset-css/images/chosen.png HTTP/1.1" 200 937 "http://54.213.4.161/wa/register/" "Mozilla/5.0 (X11; Linux x86_64) AppleWebKit/537.36 (KHTML, like Gecko) Chrome/33.0.1750.152 Safari/537.36"
115.241.90.94 - - [23/Mar/2014:11:55:22 +0530] "GET /wa/register/ HTTP/1.1" 200 2381 "http://ec2-54-213-4-161.us-west-2.compute.amazonaws.com/wa/" "Mozilla/5.0 (X11; Linux i686) AppleWebKit/537.36 (KHTML, like Gecko) Chrome/32.0.1700.102 Safari/537.36"
122.172.10.54 - - [23/Mar/2014:11:55:25 +0530] "POST /wa/register/ HTTP/1.1" 302 353 "http://54.213.4.161/wa/register/" "Mozilla/5.0 (X11; Linux x86_64) AppleWebKit/537.36 (KHTML, like Gecko) Chrome/33.0.1750.152 Safari/537.36"
122.172.10.54 - - [23/Mar/2014:11:55:27 +0530] "GET /wa/register_success HTTP/1.1" 301 366 "http://54.213.4.161/wa/register/" "Mozilla/5.0 (X11; Linux x86_64) AppleWebKit/537.36 (KHTML, like Gecko) Chrome/33.0.1750.152 Safari/537.36"
122.172.10.54 - - [23/Mar/2014:11:55:27 +0530] "GET /wa/register_success/ HTTP/1.1" 200 972 "http://54.213.4.161/wa/register/" "Mozilla/5.0 (X11; Linux x86_64) AppleWebKit/537.36 (KHTML, like Gecko) Chrome/33.0.1750.152 Safari/537.36"
122.172.10.54 - - [23/Mar/2014:11:55:27 +0530] "GET /static/wa/arctic-sunset-css/js/libs/modernizr.min.js HTTP/1.1" 304 210 "http://54.213.4.161/wa/register_success/" "Mozilla/5.0 (X11; Linux x86_64) AppleWebKit/537.36 (KHTML, like Gecko) Chrome/33.0.1750.152 Safari/537.36"
122.172.10.54 - - [23/Mar/2014:11:55:27 +0530] "GET /static/wa/arctic-sunset-css/js/libs/jquery-1.10.0.js HTTP/1.1" 304 212 "http://54.213.4.161/wa/register_success/" "Mozilla/5.0 (X11; Linux x86_64) AppleWebKit/537.36 (KHTML, like Gecko) Chrome/33.0.1750.152 Safari/537.36"
122.172.10.54 - - [23/Mar/2014:11:55:28 +0530] "GET /static/wa/arctic-sunset-css/js/libs/jquery-ui.min.js HTTP/1.1" 304 212 "http://54.213.4.161/wa/register_success/" "Mozilla/5.0 (X11; Linux x86_64) AppleWebKit/537.36 (KHTML, like Gecko) Chrome/33.0.1750.152 Safari/537.36"
122.172.10.54 - - [23/Mar/2014:06:25:28 +0000] "GET /static/wa/arctic-sunset-css/js/libs/bootstrap.min.js HTTP/1.1" 304 211 "http://54.213.4.161/wa/register_success/" "Mozilla/5.0 (X11; Linux x86_64) AppleWebKit/537.36 (KHTML, like Gecko) Chrome/33.0.1750.152 Safari/537.36"
122.172.10.54 - - [23/Mar/2014:06:25:28 +0000] "GET /static/wa/arctic-sunset-css/js/jquery.chosen.min.js HTTP/1.1" 304 211 "http://54.213.4.161/wa/register_success/" "Mozilla/5.0 (X11; Linux x86_64) AppleWebKit/537.36 (KHTML, like Gecko) Chrome/33.0.1750.152 Safari/537.36"
122.172.10.54 - - [23/Mar/2014:06:25:28 +0000] "GET /static/wa/arctic-sunset-css/js/general.js HTTP/1.1" 304 211 "http://54.213.4.161/wa/register_success/" "Mozilla/5.0 (X11; Linux x86_64) AppleWebKit/537.36 (KHTML, like Gecko) Chrome/33.0.1750.152 Safari/537.36"
122.172.10.54 - - [23/Mar/2014:11:55:30 +0530] "GET /wa HTTP/1.1" 301 349 "http://54.213.4.161/wa/register_success/" "Mozilla/5.0 (X11; Linux x86_64) AppleWebKit/537.36 (KHTML, like Gecko) Chrome/33.0.1750.152 Safari/537.36"
122.172.10.54 - - [23/Mar/2014:11:55:31 +0530] "GET /wa/ HTTP/1.1" 200 1704 "http://54.213.4.161/wa/register_success/" "Mozilla/5.0 (X11; Linux x86_64) AppleWebKit/537.36 (KHTML, like Gecko) Chrome/33.0.1750.152 Safari/537.36"
127.0.0.1 - - [23/Mar/2014:06:25:35 +0000] "OPTIONS * HTTP/1.0" 200 126 "-" "Apache/2.2.22 (Ubuntu) (internal dummy connection)"
127.0.0.1 - - [23/Mar/2014:06:25:36 +0000] "OPTIONS * HTTP/1.0" 200 126 "-" "Apache/2.2.22 (Ubuntu) (internal dummy connection)"
127.0.0.1 - - [23/Mar/2014:11:55:37 +0530] "OPTIONS * HTTP/1.0" 200 126 "-" "Apache/2.2.22 (Ubuntu) (internal dummy connection)"
127.0.0.1 - - [23/Mar/2014:06:25:38 +0000] "OPTIONS * HTTP/1.0" 200 126 "-" "Apache/2.2.22 (Ubuntu) (internal dummy connection)"
122.172.10.54 - - [23/Mar/2014:11:55:38 +0530] "POST /wa/auth/ HTTP/1.1" 302 602 "http://54.213.4.161/wa/" "Mozilla/5.0 (X11; Linux x86_64) AppleWebKit/537.36 (KHTML, like Gecko) Chrome/33.0.1750.152 Safari/537.36"
127.0.0.1 - - [23/Mar/2014:06:25:39 +0000] "OPTIONS * HTTP/1.0" 200 126 "-" "Apache/2.2.22 (Ubuntu) (internal dummy connection)"
122.172.10.54 - - [23/Mar/2014:11:55:40 +0530] "GET /wa/home HTTP/1.1" 301 354 "http://54.213.4.161/wa/" "Mozilla/5.0 (X11; Linux x86_64) AppleWebKit/537.36 (KHTML, like Gecko) Chrome/33.0.1750.152 Safari/537.36"
122.172.10.54 - - [23/Mar/2014:11:55:40 +0530] "GET /wa/home/ HTTP/1.1" 200 1337 "http://54.213.4.161/wa/" "Mozilla/5.0 (X11; Linux x86_64) AppleWebKit/537.36 (KHTML, like Gecko) Chrome/33.0.1750.152 Safari/537.36"
122.172.10.54 - - [23/Mar/2014:11:55:40 +0530] "GET /static/wa/arctic-sunset-css/css/simple-sidebar.css HTTP/1.1" 200 843 "http://54.213.4.161/wa/home/" "Mozilla/5.0 (X11; Linux x86_64) AppleWebKit/537.36 (KHTML, like Gecko) Chrome/33.0.1750.152 Safari/537.36"
122.172.10.54 - - [23/Mar/2014:11:55:40 +0530] "GET /static/wa/arctic-sunset-css/js/libs/modernizr.min.js HTTP/1.1" 304 211 "http://54.213.4.161/wa/home/" "Mozilla/5.0 (X11; Linux x86_64) AppleWebKit/537.36 (KHTML, like Gecko) Chrome/33.0.1750.152 Safari/537.36"
122.172.10.54 - - [23/Mar/2014:11:55:40 +0530] "GET /static/wa/arctic-sunset-css/js/libs/jquery-1.10.0.js HTTP/1.1" 304 212 "http://54.213.4.161/wa/home/" "Mozilla/5.0 (X11; Linux x86_64) AppleWebKit/537.36 (KHTML, like Gecko) Chrome/33.0.1750.152 Safari/537.36"
122.172.10.54 - - [23/Mar/2014:06:25:40 +0000] "GET /static/wa/arctic-sunset-css/js/libs/jquery-ui.min.js HTTP/1.1" 304 212 "http://54.213.4.161/wa/home/" "Mozilla/5.0 (X11; Linux x86_64) AppleWebKit/537.36 (KHTML, like Gecko) Chrome/33.0.1750.152 Safari/537.36"
122.172.10.54 - - [23/Mar/2014:06:25:40 +0000] "GET /static/wa/arctic-sunset-css/js/libs/bootstrap.min.js HTTP/1.1" 304 211 "http://54.213.4.161/wa/home/" "Mozilla/5.0 (X11; Linux x86_64) AppleWebKit/537.36 (KHTML, like Gecko) Chrome/33.0.1750.152 Safari/537.36"
122.172.10.54 - - [23/Mar/2014:11:55:40 +0530] "GET /static/wa/arctic-sunset-css/js/general.js HTTP/1.1" 304 210 "http://54.213.4.161/wa/home/" "Mozilla/5.0 (X11; Linux x86_64) AppleWebKit/537.36 (KHTML, like Gecko) Chrome/33.0.1750.152 Safari/537.36"
122.172.10.54 - - [23/Mar/2014:11:55:46 +0530] "GET /wa/audio HTTP/1.1" 301 356 "http://54.213.4.161/wa/home/" "Mozilla/5.0 (X11; Linux x86_64) AppleWebKit/537.36 (KHTML, like Gecko) Chrome/33.0.1750.152 Safari/537.36"
122.172.10.54 - - [23/Mar/2014:11:55:46 +0530] "GET /wa/audio/ HTTP/1.1" 200 1645 "http://54.213.4.161/wa/home/" "Mozilla/5.0 (X11; Linux x86_64) AppleWebKit/537.36 (KHTML, like Gecko) Chrome/33.0.1750.152 Safari/537.36"
122.172.10.54 - - [23/Mar/2014:11:55:47 +0530] "GET /static/wa/js/audio.js HTTP/1.1" 200 1081 "http://54.213.4.161/wa/audio/" "Mozilla/5.0 (X11; Linux x86_64) AppleWebKit/537.36 (KHTML, like Gecko) Chrome/33.0.1750.152 Safari/537.36"
122.172.10.54 - - [23/Mar/2014:11:55:47 +0530] "GET /static/wa/js/jquery.js HTTP/1.1" 200 79635 "http://54.213.4.161/wa/audio/" "Mozilla/5.0 (X11; Linux x86_64) AppleWebKit/537.36 (KHTML, like Gecko) Chrome/33.0.1750.152 Safari/537.36"
122.172.10.54 - - [23/Mar/2014:11:55:48 +0530] "GET /wa/uploadBook/ HTTP/1.1" 200 1721 "http://54.213.4.161/wa/audio/" "Mozilla/5.0 (X11; Linux x86_64) AppleWebKit/537.36 (KHTML, like Gecko) Chrome/33.0.1750.152 Safari/537.36"
122.172.10.54 - - [23/Mar/2014:11:55:51 +0530] "GET /wa/audio/ HTTP/1.1" 200 1645 "http://54.213.4.161/wa/home/" "Mozilla/5.0 (X11; Linux x86_64) AppleWebKit/537.36 (KHTML, like Gecko) Chrome/33.0.1750.152 Safari/537.36"
122.172.10.54 - - [23/Mar/2014:11:55:54 +0530] "GET /wa/logout HTTP/1.1" 301 356 "http://54.213.4.161/wa/audio/" "Mozilla/5.0 (X11; Linux x86_64) AppleWebKit/537.36 (KHTML, like Gecko) Chrome/33.0.1750.152 Safari/537.36"
122.172.10.54 - - [23/Mar/2014:11:55:54 +0530] "GET /wa/logout/ HTTP/1.1" 302 474 "http://54.213.4.161/wa/audio/" "Mozilla/5.0 (X11; Linux x86_64) AppleWebKit/537.36 (KHTML, like Gecko) Chrome/33.0.1750.152 Safari/537.36"
122.172.10.54 - - [23/Mar/2014:11:55:55 +0530] "GET /wa HTTP/1.1" 301 349 "http://54.213.4.161/wa/audio/" "Mozilla/5.0 (X11; Linux x86_64) AppleWebKit/537.36 (KHTML, like Gecko) Chrome/33.0.1750.152 Safari/537.36"
122.172.10.54 - - [23/Mar/2014:11:55:55 +0530] "GET /wa/ HTTP/1.1" 200 1707 "http://54.213.4.161/wa/audio/" "Mozilla/5.0 (X11; Linux x86_64) AppleWebKit/537.36 (KHTML, like Gecko) Chrome/33.0.1750.152 Safari/537.36"
127.0.0.1 - - [23/Mar/2014:11:56:08 +0530] "OPTIONS * HTTP/1.0" 200 126 "-" "Apache/2.2.22 (Ubuntu) (internal dummy connection)"
127.0.0.1 - - [23/Mar/2014:12:02:14 +0530] "OPTIONS * HTTP/1.0" 200 126 "-" "Apache/2.2.22 (Ubuntu) (internal dummy connection)"
127.0.0.1 - - [23/Mar/2014:06:32:14 +0000] "OPTIONS * HTTP/1.0" 200 126 "-" "Apache/2.2.22 (Ubuntu) (internal dummy connection)"
127.0.0.1 - - [23/Mar/2014:12:02:14 +0530] "OPTIONS * HTTP/1.0" 200 126 "-" "Apache/2.2.22 (Ubuntu) (internal dummy connection)"
127.0.0.1 - - [23/Mar/2014:12:02:14 +0530] "OPTIONS * HTTP/1.0" 200 126 "-" "Apache/2.2.22 (Ubuntu) (internal dummy connection)"
127.0.0.1 - - [23/Mar/2014:06:32:14 +0000] "OPTIONS * HTTP/1.0" 200 126 "-" "Apache/2.2.22 (Ubuntu) (internal dummy connection)"
127.0.0.1 - - [23/Mar/2014:12:02:14 +0530] "OPTIONS * HTTP/1.0" 200 126 "-" "Apache/2.2.22 (Ubuntu) (internal dummy connection)"
127.0.0.1 - - [23/Mar/2014:12:02:14 +0530] "OPTIONS * HTTP/1.0" 200 126 "-" "Apache/2.2.22 (Ubuntu) (internal dummy connection)"
127.0.0.1 - - [23/Mar/2014:12:02:14 +0530] "OPTIONS * HTTP/1.0" 200 126 "-" "Apache/2.2.22 (Ubuntu) (internal dummy connection)"
127.0.0.1 - - [23/Mar/2014:06:32:14 +0000] "OPTIONS * HTTP/1.0" 200 126 "-" "Apache/2.2.22 (Ubuntu) (internal dummy connection)"
127.0.0.1 - - [23/Mar/2014:06:32:14 +0000] "OPTIONS * HTTP/1.0" 200 126 "-" "Apache/2.2.22 (Ubuntu) (internal dummy connection)"
127.0.0.1 - - [23/Mar/2014:06:32:15 +0000] "OPTIONS * HTTP/1.0" 200 126 "-" "Apache/2.2.22 (Ubuntu) (internal dummy connection)"
127.0.0.1 - - [23/Mar/2014:06:32:15 +0000] "OPTIONS * HTTP/1.0" 200 126 "-" "Apache/2.2.22 (Ubuntu) (internal dummy connection)"
127.0.0.1 - - [23/Mar/2014:06:32:15 +0000] "OPTIONS * HTTP/1.0" 200 126 "-" "Apache/2.2.22 (Ubuntu) (internal dummy connection)"
127.0.0.1 - - [23/Mar/2014:06:32:15 +0000] "OPTIONS * HTTP/1.0" 200 126 "-" "Apache/2.2.22 (Ubuntu) (internal dummy connection)"
127.0.0.1 - - [23/Mar/2014:06:32:15 +0000] "OPTIONS * HTTP/1.0" 200 126 "-" "Apache/2.2.22 (Ubuntu) (internal dummy connection)"
59.93.72.46 - - [23/Mar/2014:12:06:15 +0530] "GET /wa/register/ HTTP/1.1" 200 2414 "http://54.213.4.161/wa/" "Mozilla/5.0 (Windows NT 6.1; WOW64) AppleWebKit/537.36 (KHTML, like Gecko) Chrome/33.0.1750.154 Safari/537.36"
59.93.72.46 - - [23/Mar/2014:12:06:16 +0530] "GET /static/wa/arctic-sunset-css/js/libs/modernizr.min.js HTTP/1.1" 304 210 "http://54.213.4.161/wa/register/" "Mozilla/5.0 (Windows NT 6.1; WOW64) AppleWebKit/537.36 (KHTML, like Gecko) Chrome/33.0.1750.154 Safari/537.36"
59.93.72.46 - - [23/Mar/2014:06:36:16 +0000] "GET /static/wa/arctic-sunset-css/js/libs/jquery-1.10.0.js HTTP/1.1" 304 212 "http://54.213.4.161/wa/register/" "Mozilla/5.0 (Windows NT 6.1; WOW64) AppleWebKit/537.36 (KHTML, like Gecko) Chrome/33.0.1750.154 Safari/537.36"
59.93.72.46 - - [23/Mar/2014:06:36:16 +0000] "GET /static/wa/arctic-sunset-css/js/libs/jquery-ui.min.js HTTP/1.1" 304 212 "http://54.213.4.161/wa/register/" "Mozilla/5.0 (Windows NT 6.1; WOW64) AppleWebKit/537.36 (KHTML, like Gecko) Chrome/33.0.1750.154 Safari/537.36"
59.93.72.46 - - [23/Mar/2014:06:36:16 +0000] "GET /static/wa/arctic-sunset-css/js/libs/bootstrap.min.js HTTP/1.1" 304 211 "http://54.213.4.161/wa/register/" "Mozilla/5.0 (Windows NT 6.1; WOW64) AppleWebKit/537.36 (KHTML, like Gecko) Chrome/33.0.1750.154 Safari/537.36"
59.93.72.46 - - [23/Mar/2014:06:36:16 +0000] "GET /static/wa/arctic-sunset-css/css/bootstrap.css HTTP/1.1" 304 212 "http://54.213.4.161/wa/" "Mozilla/5.0 (Windows NT 6.1; WOW64) AppleWebKit/537.36 (KHTML, like Gecko) Chrome/33.0.1750.154 Safari/537.36"
59.93.72.46 - - [23/Mar/2014:06:36:16 +0000] "GET /static/wa/arctic-sunset-css/style.css HTTP/1.1" 304 211 "http://54.213.4.161/wa/" "Mozilla/5.0 (Windows NT 6.1; WOW64) AppleWebKit/537.36 (KHTML, like Gecko) Chrome/33.0.1750.154 Safari/537.36"
59.93.72.46 - - [23/Mar/2014:12:06:17 +0530] "GET /static/wa/arctic-sunset-css/css/chosen.css HTTP/1.1" 304 210 "http://54.213.4.161/wa/" "Mozilla/5.0 (Windows NT 6.1; WOW64) AppleWebKit/537.36 (KHTML, like Gecko) Chrome/33.0.1750.154 Safari/537.36"
59.93.72.46 - - [23/Mar/2014:06:36:17 +0000] "GET /static/wa/arctic-sunset-css/css/cusel.css HTTP/1.1" 304 210 "http://54.213.4.161/wa/" "Mozilla/5.0 (Windows NT 6.1; WOW64) AppleWebKit/537.36 (KHTML, like Gecko) Chrome/33.0.1750.154 Safari/537.36"
59.93.72.46 - - [23/Mar/2014:06:36:17 +0000] "GET /static/wa/arctic-sunset-css/js/jquery.chosen.min.js HTTP/1.1" 304 210 "http://54.213.4.161/wa/register/" "Mozilla/5.0 (Windows NT 6.1; WOW64) AppleWebKit/537.36 (KHTML, like Gecko) Chrome/33.0.1750.154 Safari/537.36"
59.93.72.46 - - [23/Mar/2014:06:36:17 +0000] "GET /static/wa/arctic-sunset-css/js/general.js HTTP/1.1" 304 210 "http://54.213.4.161/wa/register/" "Mozilla/5.0 (Windows NT 6.1; WOW64) AppleWebKit/537.36 (KHTML, like Gecko) Chrome/33.0.1750.154 Safari/537.36"
59.93.72.46 - - [23/Mar/2014:06:36:17 +0000] "GET /static/wa/arctic-sunset-css/images/bg.png HTTP/1.1" 304 187 "http://54.213.4.161/wa/" "Mozilla/5.0 (Windows NT 6.1; WOW64) AppleWebKit/537.36 (KHTML, like Gecko) Chrome/33.0.1750.154 Safari/537.36"
59.93.72.46 - - [23/Mar/2014:06:36:17 +0000] "GET /static/wa/arctic-sunset-css/images/ribbons-shadow.png HTTP/1.1" 304 187 "http://54.213.4.161/wa/" "Mozilla/5.0 (Windows NT 6.1; WOW64) AppleWebKit/537.36 (KHTML, like Gecko) Chrome/33.0.1750.154 Safari/537.36"
59.93.72.46 - - [23/Mar/2014:06:36:17 +0000] "GET /static/wa/arctic-sunset-css/images/ribbons.png HTTP/1.1" 304 187 "http://54.213.4.161/wa/" "Mozilla/5.0 (Windows NT 6.1; WOW64) AppleWebKit/537.36 (KHTML, like Gecko) Chrome/33.0.1750.154 Safari/537.36"
59.93.72.46 - - [23/Mar/2014:12:06:17 +0530] "GET /static/wa/arctic-sunset-css/images/box_bg_bot.jpg HTTP/1.1" 304 186 "http://54.213.4.161/wa/" "Mozilla/5.0 (Windows NT 6.1; WOW64) AppleWebKit/537.36 (KHTML, like Gecko) Chrome/33.0.1750.154 Safari/537.36"
59.93.72.46 - - [23/Mar/2014:06:36:17 +0000] "GET /static/wa/arctic-sunset-css/images/buttons.png HTTP/1.1" 304 187 "http://54.213.4.161/wa/" "Mozilla/5.0 (Windows NT 6.1; WOW64) AppleWebKit/537.36 (KHTML, like Gecko) Chrome/33.0.1750.154 Safari/537.36"
59.93.72.46 - - [23/Mar/2014:06:36:17 +0000] "GET /static/wa/arctic-sunset-css/images/icons/plus.png HTTP/1.1" 304 186 "http://54.213.4.161/wa/register/" "Mozilla/5.0 (Windows NT 6.1; WOW64) AppleWebKit/537.36 (KHTML, like Gecko) Chrome/33.0.1750.154 Safari/537.36"
127.0.0.1 - - [23/Mar/2014:06:36:25 +0000] "OPTIONS * HTTP/1.0" 200 126 "-" "Apache/2.2.22 (Ubuntu) (internal dummy connection)"
59.93.72.46 - - [23/Mar/2014:12:09:08 +0530] "GET /wa/register/ HTTP/1.1" 200 2414 "http://54.213.4.161/wa/" "Mozilla/5.0 (Windows NT 6.1; WOW64) AppleWebKit/537.36 (KHTML, like Gecko) Chrome/33.0.1750.154 Safari/537.36"
59.93.72.46 - - [23/Mar/2014:12:09:10 +0530] "GET /static/wa/arctic-sunset-css/js/libs/modernizr.min.js HTTP/1.1" 304 210 "http://54.213.4.161/wa/register/" "Mozilla/5.0 (Windows NT 6.1; WOW64) AppleWebKit/537.36 (KHTML, like Gecko) Chrome/33.0.1750.154 Safari/537.36"
59.93.72.46 - - [23/Mar/2014:06:39:10 +0000] "GET /static/wa/arctic-sunset-css/js/libs/jquery-1.10.0.js HTTP/1.1" 304 212 "http://54.213.4.161/wa/register/" "Mozilla/5.0 (Windows NT 6.1; WOW64) AppleWebKit/537.36 (KHTML, like Gecko) Chrome/33.0.1750.154 Safari/537.36"
59.93.72.46 - - [23/Mar/2014:06:39:10 +0000] "GET /static/wa/arctic-sunset-css/js/libs/jquery-ui.min.js HTTP/1.1" 304 212 "http://54.213.4.161/wa/register/" "Mozilla/5.0 (Windows NT 6.1; WOW64) AppleWebKit/537.36 (KHTML, like Gecko) Chrome/33.0.1750.154 Safari/537.36"
59.93.72.46 - - [23/Mar/2014:06:39:10 +0000] "GET /static/wa/arctic-sunset-css/js/libs/bootstrap.min.js HTTP/1.1" 304 211 "http://54.213.4.161/wa/register/" "Mozilla/5.0 (Windows NT 6.1; WOW64) AppleWebKit/537.36 (KHTML, like Gecko) Chrome/33.0.1750.154 Safari/537.36"
59.93.72.46 - - [23/Mar/2014:06:39:10 +0000] "GET /static/wa/arctic-sunset-css/css/bootstrap.css HTTP/1.1" 304 212 "http://54.213.4.161/wa/" "Mozilla/5.0 (Windows NT 6.1; WOW64) AppleWebKit/537.36 (KHTML, like Gecko) Chrome/33.0.1750.154 Safari/537.36"
59.93.72.46 - - [23/Mar/2014:06:39:10 +0000] "GET /static/wa/arctic-sunset-css/style.css HTTP/1.1" 304 211 "http://54.213.4.161/wa/" "Mozilla/5.0 (Windows NT 6.1; WOW64) AppleWebKit/537.36 (KHTML, like Gecko) Chrome/33.0.1750.154 Safari/537.36"
59.93.72.46 - - [23/Mar/2014:12:09:10 +0530] "GET /static/wa/arctic-sunset-css/css/chosen.css HTTP/1.1" 304 210 "http://54.213.4.161/wa/" "Mozilla/5.0 (Windows NT 6.1; WOW64) AppleWebKit/537.36 (KHTML, like Gecko) Chrome/33.0.1750.154 Safari/537.36"
59.93.72.46 - - [23/Mar/2014:06:39:10 +0000] "GET /static/wa/arctic-sunset-css/css/cusel.css HTTP/1.1" 304 210 "http://54.213.4.161/wa/" "Mozilla/5.0 (Windows NT 6.1; WOW64) AppleWebKit/537.36 (KHTML, like Gecko) Chrome/33.0.1750.154 Safari/537.36"
59.93.72.46 - - [23/Mar/2014:06:39:10 +0000] "GET /static/wa/arctic-sunset-css/js/jquery.chosen.min.js HTTP/1.1" 304 210 "http://54.213.4.161/wa/register/" "Mozilla/5.0 (Windows NT 6.1; WOW64) AppleWebKit/537.36 (KHTML, like Gecko) Chrome/33.0.1750.154 Safari/537.36"
59.93.72.46 - - [23/Mar/2014:06:39:10 +0000] "GET /static/wa/arctic-sunset-css/js/general.js HTTP/1.1" 304 210 "http://54.213.4.161/wa/register/" "Mozilla/5.0 (Windows NT 6.1; WOW64) AppleWebKit/537.36 (KHTML, like Gecko) Chrome/33.0.1750.154 Safari/537.36"
59.93.72.46 - - [23/Mar/2014:06:39:11 +0000] "GET /static/wa/arctic-sunset-css/images/bg.png HTTP/1.1" 304 187 "http://54.213.4.161/wa/" "Mozilla/5.0 (Windows NT 6.1; WOW64) AppleWebKit/537.36 (KHTML, like Gecko) Chrome/33.0.1750.154 Safari/537.36"
59.93.72.46 - - [23/Mar/2014:06:39:11 +0000] "GET /static/wa/arctic-sunset-css/images/ribbons-shadow.png HTTP/1.1" 304 187 "http://54.213.4.161/wa/" "Mozilla/5.0 (Windows NT 6.1; WOW64) AppleWebKit/537.36 (KHTML, like Gecko) Chrome/33.0.1750.154 Safari/537.36"
59.93.72.46 - - [23/Mar/2014:06:39:11 +0000] "GET /static/wa/arctic-sunset-css/images/ribbons.png HTTP/1.1" 304 187 "http://54.213.4.161/wa/" "Mozilla/5.0 (Windows NT 6.1; WOW64) AppleWebKit/537.36 (KHTML, like Gecko) Chrome/33.0.1750.154 Safari/537.36"
59.93.72.46 - - [23/Mar/2014:12:09:11 +0530] "GET /static/wa/arctic-sunset-css/images/box_bg_bot.jpg HTTP/1.1" 304 186 "http://54.213.4.161/wa/" "Mozilla/5.0 (Windows NT 6.1; WOW64) AppleWebKit/537.36 (KHTML, like Gecko) Chrome/33.0.1750.154 Safari/537.36"
59.93.72.46 - - [23/Mar/2014:06:39:11 +0000] "GET /static/wa/arctic-sunset-css/images/buttons.png HTTP/1.1" 304 187 "http://54.213.4.161/wa/" "Mozilla/5.0 (Windows NT 6.1; WOW64) AppleWebKit/537.36 (KHTML, like Gecko) Chrome/33.0.1750.154 Safari/537.36"
59.93.72.46 - - [23/Mar/2014:06:39:11 +0000] "GET /static/wa/arctic-sunset-css/images/icons/plus.png HTTP/1.1" 304 186 "http://54.213.4.161/wa/register/" "Mozilla/5.0 (Windows NT 6.1; WOW64) AppleWebKit/537.36 (KHTML, like Gecko) Chrome/33.0.1750.154 Safari/537.36"
127.0.0.1 - - [23/Mar/2014:06:39:18 +0000] "OPTIONS * HTTP/1.0" 200 126 "-" "Apache/2.2.22 (Ubuntu) (internal dummy connection)"
59.93.72.46 - - [23/Mar/2014:12:09:45 +0530] "GET /static/wa/arctic-sunset-css/images/chosen.png HTTP/1.1" 200 937 "http://54.213.4.161/wa/register/" "Mozilla/5.0 (Windows NT 6.1; WOW64) AppleWebKit/537.36 (KHTML, like Gecko) Chrome/33.0.1750.154 Safari/537.36"
59.93.72.46 - - [23/Mar/2014:12:09:53 +0530] "POST /wa/register/ HTTP/1.1" 302 354 "http://54.213.4.161/wa/register/" "Mozilla/5.0 (Windows NT 6.1; WOW64) AppleWebKit/537.36 (KHTML, like Gecko) Chrome/33.0.1750.154 Safari/537.36"
59.93.72.46 - - [23/Mar/2014:12:10:02 +0530] "GET /wa/register_success HTTP/1.1" 301 366 "http://54.213.4.161/wa/register/" "Mozilla/5.0 (Windows NT 6.1; WOW64) AppleWebKit/537.36 (KHTML, like Gecko) Chrome/33.0.1750.154 Safari/537.36"
59.93.72.46 - - [23/Mar/2014:12:10:03 +0530] "GET /wa/register_success/ HTTP/1.1" 200 972 "http://54.213.4.161/wa/register/" "Mozilla/5.0 (Windows NT 6.1; WOW64) AppleWebKit/537.36 (KHTML, like Gecko) Chrome/33.0.1750.154 Safari/537.36"
59.93.72.46 - - [23/Mar/2014:12:10:03 +0530] "GET /static/wa/arctic-sunset-css/js/libs/modernizr.min.js HTTP/1.1" 304 210 "http://54.213.4.161/wa/register_success/" "Mozilla/5.0 (Windows NT 6.1; WOW64) AppleWebKit/537.36 (KHTML, like Gecko) Chrome/33.0.1750.154 Safari/537.36"
59.93.72.46 - - [23/Mar/2014:06:40:04 +0000] "GET /static/wa/arctic-sunset-css/js/libs/jquery-1.10.0.js HTTP/1.1" 304 212 "http://54.213.4.161/wa/register_success/" "Mozilla/5.0 (Windows NT 6.1; WOW64) AppleWebKit/537.36 (KHTML, like Gecko) Chrome/33.0.1750.154 Safari/537.36"
59.93.72.46 - - [23/Mar/2014:06:40:04 +0000] "GET /static/wa/arctic-sunset-css/js/libs/jquery-ui.min.js HTTP/1.1" 304 212 "http://54.213.4.161/wa/register_success/" "Mozilla/5.0 (Windows NT 6.1; WOW64) AppleWebKit/537.36 (KHTML, like Gecko) Chrome/33.0.1750.154 Safari/537.36"
59.93.72.46 - - [23/Mar/2014:12:10:04 +0530] "GET /static/wa/arctic-sunset-css/js/libs/bootstrap.min.js HTTP/1.1" 304 210 "http://54.213.4.161/wa/register_success/" "Mozilla/5.0 (Windows NT 6.1; WOW64) AppleWebKit/537.36 (KHTML, like Gecko) Chrome/33.0.1750.154 Safari/537.36"
59.93.72.46 - - [23/Mar/2014:06:40:04 +0000] "GET /static/wa/arctic-sunset-css/js/jquery.chosen.min.js HTTP/1.1" 304 211 "http://54.213.4.161/wa/register_success/" "Mozilla/5.0 (Windows NT 6.1; WOW64) AppleWebKit/537.36 (KHTML, like Gecko) Chrome/33.0.1750.154 Safari/537.36"
59.93.72.46 - - [23/Mar/2014:06:40:04 +0000] "GET /static/wa/arctic-sunset-css/js/general.js HTTP/1.1" 304 211 "http://54.213.4.161/wa/register_success/" "Mozilla/5.0 (Windows NT 6.1; WOW64) AppleWebKit/537.36 (KHTML, like Gecko) Chrome/33.0.1750.154 Safari/537.36"
59.93.72.46 - - [23/Mar/2014:12:10:12 +0530] "GET /wa HTTP/1.1" 301 350 "http://54.213.4.161/wa/register_success/" "Mozilla/5.0 (Windows NT 6.1; WOW64) AppleWebKit/537.36 (KHTML, like Gecko) Chrome/33.0.1750.154 Safari/537.36"
59.93.72.46 - - [23/Mar/2014:12:10:13 +0530] "GET /wa/ HTTP/1.1" 200 1704 "http://54.213.4.161/wa/register_success/" "Mozilla/5.0 (Windows NT 6.1; WOW64) AppleWebKit/537.36 (KHTML, like Gecko) Chrome/33.0.1750.154 Safari/537.36"
127.0.0.1 - - [23/Mar/2014:12:10:20 +0530] "OPTIONS * HTTP/1.0" 200 126 "-" "Apache/2.2.22 (Ubuntu) (internal dummy connection)"
59.93.72.46 - - [23/Mar/2014:12:10:47 +0530] "POST /wa/auth/ HTTP/1.1" 302 602 "http://54.213.4.161/wa/" "Mozilla/5.0 (Windows NT 6.1; WOW64) AppleWebKit/537.36 (KHTML, like Gecko) Chrome/33.0.1750.154 Safari/537.36"
59.93.72.46 - - [23/Mar/2014:12:10:48 +0530] "GET /wa/home HTTP/1.1" 301 354 "http://54.213.4.161/wa/" "Mozilla/5.0 (Windows NT 6.1; WOW64) AppleWebKit/537.36 (KHTML, like Gecko) Chrome/33.0.1750.154 Safari/537.36"
59.93.72.46 - - [23/Mar/2014:12:10:49 +0530] "GET /wa/home/ HTTP/1.1" 200 1337 "http://54.213.4.161/wa/" "Mozilla/5.0 (Windows NT 6.1; WOW64) AppleWebKit/537.36 (KHTML, like Gecko) Chrome/33.0.1750.154 Safari/537.36"
59.93.72.46 - - [23/Mar/2014:12:10:49 +0530] "GET /static/wa/arctic-sunset-css/js/libs/modernizr.min.js HTTP/1.1" 304 210 "http://54.213.4.161/wa/home/" "Mozilla/5.0 (Windows NT 6.1; WOW64) AppleWebKit/537.36 (KHTML, like Gecko) Chrome/33.0.1750.154 Safari/537.36"
59.93.72.46 - - [23/Mar/2014:06:40:49 +0000] "GET /static/wa/arctic-sunset-css/js/libs/jquery-1.10.0.js HTTP/1.1" 304 212 "http://54.213.4.161/wa/home/" "Mozilla/5.0 (Windows NT 6.1; WOW64) AppleWebKit/537.36 (KHTML, like Gecko) Chrome/33.0.1750.154 Safari/537.36"
59.93.72.46 - - [23/Mar/2014:12:10:49 +0530] "GET /static/wa/arctic-sunset-css/css/simple-sidebar.css HTTP/1.1" 200 843 "http://54.213.4.161/wa/home/" "Mozilla/5.0 (Windows NT 6.1; WOW64) AppleWebKit/537.36 (KHTML, like Gecko) Chrome/33.0.1750.154 Safari/537.36"
59.93.72.46 - - [23/Mar/2014:06:40:49 +0000] "GET /static/wa/arctic-sunset-css/js/libs/jquery-ui.min.js HTTP/1.1" 304 211 "http://54.213.4.161/wa/home/" "Mozilla/5.0 (Windows NT 6.1; WOW64) AppleWebKit/537.36 (KHTML, like Gecko) Chrome/33.0.1750.154 Safari/537.36"
59.93.72.46 - - [23/Mar/2014:12:10:50 +0530] "GET /static/wa/arctic-sunset-css/js/libs/bootstrap.min.js HTTP/1.1" 304 211 "http://54.213.4.161/wa/home/" "Mozilla/5.0 (Windows NT 6.1; WOW64) AppleWebKit/537.36 (KHTML, like Gecko) Chrome/33.0.1750.154 Safari/537.36"
59.93.72.46 - - [23/Mar/2014:06:40:50 +0000] "GET /static/wa/arctic-sunset-css/js/general.js HTTP/1.1" 304 211 "http://54.213.4.161/wa/home/" "Mozilla/5.0 (Windows NT 6.1; WOW64) AppleWebKit/537.36 (KHTML, like Gecko) Chrome/33.0.1750.154 Safari/537.36"
59.93.72.46 - - [23/Mar/2014:12:10:56 +0530] "GET /wa/myprofile/ HTTP/1.1" 200 1433 "http://54.213.4.161/wa/home/" "Mozilla/5.0 (Windows NT 6.1; WOW64) AppleWebKit/537.36 (KHTML, like Gecko) Chrome/33.0.1750.154 Safari/537.36"
127.0.0.1 - - [23/Mar/2014:12:11:02 +0530] "OPTIONS * HTTP/1.0" 200 126 "-" "Apache/2.2.22 (Ubuntu) (internal dummy connection)"
59.93.72.46 - - [23/Mar/2014:12:11:10 +0530] "GET /wa/home/ HTTP/1.1" 200 1338 "http://54.213.4.161/wa/" "Mozilla/5.0 (Windows NT 6.1; WOW64) AppleWebKit/537.36 (KHTML, like Gecko) Chrome/33.0.1750.154 Safari/537.36"
59.93.72.46 - - [23/Mar/2014:12:11:14 +0530] "GET /wa/myprofile/ HTTP/1.1" 200 1432 "http://54.213.4.161/wa/home/" "Mozilla/5.0 (Windows NT 6.1; WOW64) AppleWebKit/537.36 (KHTML, like Gecko) Chrome/33.0.1750.154 Safari/537.36"
59.93.72.46 - - [23/Mar/2014:12:11:19 +0530] "GET /wa/logout HTTP/1.1" 301 357 "http://54.213.4.161/wa/myprofile/" "Mozilla/5.0 (Windows NT 6.1; WOW64) AppleWebKit/537.36 (KHTML, like Gecko) Chrome/33.0.1750.154 Safari/537.36"
59.93.72.46 - - [23/Mar/2014:12:11:21 +0530] "GET /wa/logout/ HTTP/1.1" 302 474 "http://54.213.4.161/wa/myprofile/" "Mozilla/5.0 (Windows NT 6.1; WOW64) AppleWebKit/537.36 (KHTML, like Gecko) Chrome/33.0.1750.154 Safari/537.36"
59.93.72.46 - - [23/Mar/2014:12:11:21 +0530] "GET /wa HTTP/1.1" 301 349 "http://54.213.4.161/wa/myprofile/" "Mozilla/5.0 (Windows NT 6.1; WOW64) AppleWebKit/537.36 (KHTML, like Gecko) Chrome/33.0.1750.154 Safari/537.36"
59.93.72.46 - - [23/Mar/2014:12:11:22 +0530] "GET /wa/ HTTP/1.1" 200 1706 "http://54.213.4.161/wa/myprofile/" "Mozilla/5.0 (Windows NT 6.1; WOW64) AppleWebKit/537.36 (KHTML, like Gecko) Chrome/33.0.1750.154 Safari/537.36"
127.0.0.1 - - [23/Mar/2014:12:11:29 +0530] "OPTIONS * HTTP/1.0" 200 126 "-" "Apache/2.2.22 (Ubuntu) (internal dummy connection)"
59.93.72.46 - - [23/Mar/2014:12:12:18 +0530] "POST /wa/auth/ HTTP/1.1" 302 602 "http://54.213.4.161/wa/" "Mozilla/5.0 (Windows NT 6.1; WOW64) AppleWebKit/537.36 (KHTML, like Gecko) Chrome/33.0.1750.154 Safari/537.36"
59.93.72.46 - - [23/Mar/2014:12:12:19 +0530] "GET /wa/home HTTP/1.1" 301 354 "http://54.213.4.161/wa/" "Mozilla/5.0 (Windows NT 6.1; WOW64) AppleWebKit/537.36 (KHTML, like Gecko) Chrome/33.0.1750.154 Safari/537.36"
59.93.72.46 - - [23/Mar/2014:12:12:20 +0530] "GET /wa/home/ HTTP/1.1" 200 1337 "http://54.213.4.161/wa/" "Mozilla/5.0 (Windows NT 6.1; WOW64) AppleWebKit/537.36 (KHTML, like Gecko) Chrome/33.0.1750.154 Safari/537.36"
59.93.72.46 - - [23/Mar/2014:12:12:20 +0530] "GET /static/wa/arctic-sunset-css/js/libs/modernizr.min.js HTTP/1.1" 304 210 "http://54.213.4.161/wa/home/" "Mozilla/5.0 (Windows NT 6.1; WOW64) AppleWebKit/537.36 (KHTML, like Gecko) Chrome/33.0.1750.154 Safari/537.36"
59.93.72.46 - - [23/Mar/2014:12:12:20 +0530] "GET /static/wa/arctic-sunset-css/js/libs/jquery-1.10.0.js HTTP/1.1" 304 212 "http://54.213.4.161/wa/home/" "Mozilla/5.0 (Windows NT 6.1; WOW64) AppleWebKit/537.36 (KHTML, like Gecko) Chrome/33.0.1750.154 Safari/537.36"
59.93.72.46 - - [23/Mar/2014:06:42:20 +0000] "GET /static/wa/arctic-sunset-css/css/simple-sidebar.css HTTP/1.1" 304 210 "http://54.213.4.161/wa/home/" "Mozilla/5.0 (Windows NT 6.1; WOW64) AppleWebKit/537.36 (KHTML, like Gecko) Chrome/33.0.1750.154 Safari/537.36"
59.93.72.46 - - [23/Mar/2014:06:42:20 +0000] "GET /static/wa/arctic-sunset-css/js/libs/jquery-ui.min.js HTTP/1.1" 304 212 "http://54.213.4.161/wa/home/" "Mozilla/5.0 (Windows NT 6.1; WOW64) AppleWebKit/537.36 (KHTML, like Gecko) Chrome/33.0.1750.154 Safari/537.36"
59.93.72.46 - - [23/Mar/2014:12:12:20 +0530] "GET /static/wa/arctic-sunset-css/js/libs/bootstrap.min.js HTTP/1.1" 304 211 "http://54.213.4.161/wa/home/" "Mozilla/5.0 (Windows NT 6.1; WOW64) AppleWebKit/537.36 (KHTML, like Gecko) Chrome/33.0.1750.154 Safari/537.36"
59.93.72.46 - - [23/Mar/2014:06:42:20 +0000] "GET /static/wa/arctic-sunset-css/js/general.js HTTP/1.1" 304 211 "http://54.213.4.161/wa/home/" "Mozilla/5.0 (Windows NT 6.1; WOW64) AppleWebKit/537.36 (KHTML, like Gecko) Chrome/33.0.1750.154 Safari/537.36"
59.93.72.46 - - [23/Mar/2014:12:12:24 +0530] "GET /wa/myprofile/ HTTP/1.1" 200 1432 "http://54.213.4.161/wa/home/" "Mozilla/5.0 (Windows NT 6.1; WOW64) AppleWebKit/537.36 (KHTML, like Gecko) Chrome/33.0.1750.154 Safari/537.36"
127.0.0.1 - - [23/Mar/2014:12:12:32 +0530] "OPTIONS * HTTP/1.0" 200 126 "-" "Apache/2.2.22 (Ubuntu) (internal dummy connection)"
59.93.72.46 - - [23/Mar/2014:12:13:03 +0530] "GET /wa/audio HTTP/1.1" 301 356 "http://54.213.4.161/wa/myprofile/" "Mozilla/5.0 (Windows NT 6.1; WOW64) AppleWebKit/537.36 (KHTML, like Gecko) Chrome/33.0.1750.154 Safari/537.36"
59.93.72.46 - - [23/Mar/2014:12:13:05 +0530] "GET /wa/audio/ HTTP/1.1" 200 1645 "http://54.213.4.161/wa/myprofile/" "Mozilla/5.0 (Windows NT 6.1; WOW64) AppleWebKit/537.36 (KHTML, like Gecko) Chrome/33.0.1750.154 Safari/537.36"
59.93.72.46 - - [23/Mar/2014:12:13:05 +0530] "GET /static/wa/js/audio.js HTTP/1.1" 200 1081 "http://54.213.4.161/wa/audio/" "Mozilla/5.0 (Windows NT 6.1; WOW64) AppleWebKit/537.36 (KHTML, like Gecko) Chrome/33.0.1750.154 Safari/537.36"
59.93.72.46 - - [23/Mar/2014:12:13:05 +0530] "GET /static/wa/js/jquery.js HTTP/1.1" 200 79635 "http://54.213.4.161/wa/audio/" "Mozilla/5.0 (Windows NT 6.1; WOW64) AppleWebKit/537.36 (KHTML, like Gecko) Chrome/33.0.1750.154 Safari/537.36"
59.93.72.46 - - [23/Mar/2014:12:13:19 +0530] "GET /wa/audio/langBooks/?language=English HTTP/1.1" 200 470 "http://54.213.4.161/wa/audio/" "Mozilla/5.0 (Windows NT 6.1; WOW64) AppleWebKit/537.36 (KHTML, like Gecko) Chrome/33.0.1750.154 Safari/537.36"
59.93.72.46 - - [23/Mar/2014:12:13:51 +0530] "GET /wa/uploadBook/ HTTP/1.1" 200 1722 "http://54.213.4.161/wa/audio/" "Mozilla/5.0 (Windows NT 6.1; WOW64) AppleWebKit/537.36 (KHTML, like Gecko) Chrome/33.0.1750.154 Safari/537.36"
59.93.72.46 - - [23/Mar/2014:12:16:00 +0530] "GET /wa/audio/ HTTP/1.1" 200 1646 "http://54.213.4.161/wa/myprofile/" "Mozilla/5.0 (Windows NT 6.1; WOW64) AppleWebKit/537.36 (KHTML, like Gecko) Chrome/33.0.1750.154 Safari/537.36"
59.93.72.46 - - [23/Mar/2014:12:20:24 +0530] "GET /wa/logout HTTP/1.1" 301 357 "http://54.213.4.161/wa/audio/" "Mozilla/5.0 (Windows NT 6.1; WOW64) AppleWebKit/537.36 (KHTML, like Gecko) Chrome/33.0.1750.154 Safari/537.36"
59.93.72.46 - - [23/Mar/2014:12:20:24 +0530] "GET /wa/logout/ HTTP/1.1" 302 474 "http://54.213.4.161/wa/audio/" "Mozilla/5.0 (Windows NT 6.1; WOW64) AppleWebKit/537.36 (KHTML, like Gecko) Chrome/33.0.1750.154 Safari/537.36"
59.93.72.46 - - [23/Mar/2014:12:20:25 +0530] "GET /wa HTTP/1.1" 301 349 "http://54.213.4.161/wa/audio/" "Mozilla/5.0 (Windows NT 6.1; WOW64) AppleWebKit/537.36 (KHTML, like Gecko) Chrome/33.0.1750.154 Safari/537.36"
59.93.72.46 - - [23/Mar/2014:12:20:25 +0530] "GET /wa/ HTTP/1.1" 200 1707 "http://54.213.4.161/wa/audio/" "Mozilla/5.0 (Windows NT 6.1; WOW64) AppleWebKit/537.36 (KHTML, like Gecko) Chrome/33.0.1750.154 Safari/537.36"
122.172.10.54 - - [23/Mar/2014:12:39:28 +0530] "POST /wa/auth/ HTTP/1.1" 403 1457 "http://54.213.4.161/wa/" "Mozilla/5.0 (X11; Linux x86_64) AppleWebKit/537.36 (KHTML, like Gecko) Chrome/33.0.1750.152 Safari/537.36"
122.172.10.54 - - [23/Mar/2014:12:39:41 +0530] "GET /wa/ HTTP/1.1" 200 1708 "-" "Mozilla/5.0 (X11; Linux x86_64) AppleWebKit/537.36 (KHTML, like Gecko) Chrome/33.0.1750.152 Safari/537.36"
122.172.10.54 - - [23/Mar/2014:12:39:46 +0530] "POST /wa/auth/ HTTP/1.1" 302 601 "http://54.213.4.161/wa/" "Mozilla/5.0 (X11; Linux x86_64) AppleWebKit/537.36 (KHTML, like Gecko) Chrome/33.0.1750.152 Safari/537.36"
122.172.10.54 - - [23/Mar/2014:12:39:46 +0530] "GET /wa/home HTTP/1.1" 301 354 "http://54.213.4.161/wa/" "Mozilla/5.0 (X11; Linux x86_64) AppleWebKit/537.36 (KHTML, like Gecko) Chrome/33.0.1750.152 Safari/537.36"
122.172.10.54 - - [23/Mar/2014:12:39:47 +0530] "GET /wa/home/ HTTP/1.1" 200 1337 "http://54.213.4.161/wa/" "Mozilla/5.0 (X11; Linux x86_64) AppleWebKit/537.36 (KHTML, like Gecko) Chrome/33.0.1750.152 Safari/537.36"
122.172.10.54 - - [23/Mar/2014:12:39:47 +0530] "GET /static/wa/arctic-sunset-css/js/libs/modernizr.min.js HTTP/1.1" 304 210 "http://54.213.4.161/wa/home/" "Mozilla/5.0 (X11; Linux x86_64) AppleWebKit/537.36 (KHTML, like Gecko) Chrome/33.0.1750.152 Safari/537.36"
122.172.10.54 - - [23/Mar/2014:12:39:47 +0530] "GET /static/wa/arctic-sunset-css/js/libs/jquery-1.10.0.js HTTP/1.1" 304 212 "http://54.213.4.161/wa/home/" "Mozilla/5.0 (X11; Linux x86_64) AppleWebKit/537.36 (KHTML, like Gecko) Chrome/33.0.1750.152 Safari/537.36"
122.172.10.54 - - [23/Mar/2014:07:09:47 +0000] "GET /static/wa/arctic-sunset-css/js/libs/jquery-ui.min.js HTTP/1.1" 304 212 "http://54.213.4.161/wa/home/" "Mozilla/5.0 (X11; Linux x86_64) AppleWebKit/537.36 (KHTML, like Gecko) Chrome/33.0.1750.152 Safari/537.36"
122.172.10.54 - - [23/Mar/2014:12:39:47 +0530] "GET /static/wa/arctic-sunset-css/js/libs/bootstrap.min.js HTTP/1.1" 304 211 "http://54.213.4.161/wa/home/" "Mozilla/5.0 (X11; Linux x86_64) AppleWebKit/537.36 (KHTML, like Gecko) Chrome/33.0.1750.152 Safari/537.36"
122.172.10.54 - - [23/Mar/2014:12:39:47 +0530] "GET /static/wa/arctic-sunset-css/css/simple-sidebar.css HTTP/1.1" 304 210 "http://54.213.4.161/wa/home/" "Mozilla/5.0 (X11; Linux x86_64) AppleWebKit/537.36 (KHTML, like Gecko) Chrome/33.0.1750.152 Safari/537.36"
122.172.10.54 - - [23/Mar/2014:12:39:47 +0530] "GET /static/wa/arctic-sunset-css/js/general.js HTTP/1.1" 304 211 "http://54.213.4.161/wa/home/" "Mozilla/5.0 (X11; Linux x86_64) AppleWebKit/537.36 (KHTML, like Gecko) Chrome/33.0.1750.152 Safari/537.36"
122.172.10.54 - - [23/Mar/2014:12:39:52 +0530] "GET /wa/uploadBook/ HTTP/1.1" 200 1719 "http://54.213.4.161/wa/home/" "Mozilla/5.0 (X11; Linux x86_64) AppleWebKit/537.36 (KHTML, like Gecko) Chrome/33.0.1750.152 Safari/537.36"
127.0.0.1 - - [23/Mar/2014:12:39:58 +0530] "OPTIONS * HTTP/1.0" 200 126 "-" "Apache/2.2.22 (Ubuntu) (internal dummy connection)"
122.172.10.54 - - [23/Mar/2014:12:40:29 +0530] "POST /wa/uploadBook/ HTTP/1.1" 500 14699 "http://54.213.4.161/wa/uploadBook/" "Mozilla/5.0 (X11; Linux x86_64) AppleWebKit/537.36 (KHTML, like Gecko) Chrome/33.0.1750.152 Safari/537.36"
122.172.10.54 - - [23/Mar/2014:17:52:01 +0530] "GET /wa/uploadBook/ HTTP/1.1" 200 1720 "http://54.213.4.161/wa/home/" "Mozilla/5.0 (X11; Linux x86_64) AppleWebKit/537.36 (KHTML, like Gecko) Chrome/33.0.1750.152 Safari/537.36"
122.172.10.54 - - [23/Mar/2014:17:52:03 +0530] "GET /static/wa/arctic-sunset-css/images/buttons.png HTTP/1.1" 304 187 "http://54.213.4.161/wa/register/" "Mozilla/5.0 (X11; Linux x86_64) AppleWebKit/537.36 (KHTML, like Gecko) Chrome/33.0.1750.152 Safari/537.36"
127.0.0.1 - - [23/Mar/2014:17:52:13 +0530] "OPTIONS * HTTP/1.0" 200 126 "-" "Apache/2.2.22 (Ubuntu) (internal dummy connection)"
122.172.10.54 - - [23/Mar/2014:17:52:33 +0530] "GET /wa/uploadBook/ HTTP/1.1" 200 1720 "-" "Mozilla/5.0 (X11; Linux x86_64) AppleWebKit/537.36 (KHTML, like Gecko) Chrome/33.0.1750.152 Safari/537.36"
122.172.10.54 - - [23/Mar/2014:17:52:34 +0530] "GET /static/wa/arctic-sunset-css/js/libs/modernizr.min.js HTTP/1.1" 304 210 "http://54.213.4.161/wa/uploadBook/" "Mozilla/5.0 (X11; Linux x86_64) AppleWebKit/537.36 (KHTML, like Gecko) Chrome/33.0.1750.152 Safari/537.36"
122.172.10.54 - - [23/Mar/2014:12:22:34 +0000] "GET /static/wa/arctic-sunset-css/js/libs/jquery-1.10.0.js HTTP/1.1" 304 212 "http://54.213.4.161/wa/uploadBook/" "Mozilla/5.0 (X11; Linux x86_64) AppleWebKit/537.36 (KHTML, like Gecko) Chrome/33.0.1750.152 Safari/537.36"
122.172.10.54 - - [23/Mar/2014:12:22:34 +0000] "GET /static/wa/arctic-sunset-css/js/libs/jquery-ui.min.js HTTP/1.1" 304 212 "http://54.213.4.161/wa/uploadBook/" "Mozilla/5.0 (X11; Linux x86_64) AppleWebKit/537.36 (KHTML, like Gecko) Chrome/33.0.1750.152 Safari/537.36"
122.172.10.54 - - [23/Mar/2014:12:22:34 +0000] "GET /static/wa/arctic-sunset-css/js/libs/bootstrap.min.js HTTP/1.1" 304 211 "http://54.213.4.161/wa/uploadBook/" "Mozilla/5.0 (X11; Linux x86_64) AppleWebKit/537.36 (KHTML, like Gecko) Chrome/33.0.1750.152 Safari/537.36"
122.172.10.54 - - [23/Mar/2014:12:22:34 +0000] "GET /static/wa/arctic-sunset-css/css/bootstrap.css HTTP/1.1" 304 212 "http://54.213.4.161/wa/uploadBook/" "Mozilla/5.0 (X11; Linux x86_64) AppleWebKit/537.36 (KHTML, like Gecko) Chrome/33.0.1750.152 Safari/537.36"
122.172.10.54 - - [23/Mar/2014:12:22:34 +0000] "GET /static/wa/arctic-sunset-css/style.css HTTP/1.1" 304 211 "http://54.213.4.161/wa/uploadBook/" "Mozilla/5.0 (X11; Linux x86_64) AppleWebKit/537.36 (KHTML, like Gecko) Chrome/33.0.1750.152 Safari/537.36"
122.172.10.54 - - [23/Mar/2014:17:52:34 +0530] "GET /static/wa/arctic-sunset-css/css/simple-sidebar.css HTTP/1.1" 304 209 "http://54.213.4.161/wa/uploadBook/" "Mozilla/5.0 (X11; Linux x86_64) AppleWebKit/537.36 (KHTML, like Gecko) Chrome/33.0.1750.152 Safari/537.36"
